Archive member included because of file (symbol)

D:\_RTP-Lab\PingPong_IDE_2023_04\eclipse_s\keil_mcb_4357_board_lib\Debug\libkeil_mcb_4357_board_lib.a(board_keil_mcb_18574357.o)
                              FreeRTOS\Source\portable\GCC\ARM_CM4F\port.o (SystemCoreClock)
D:\_RTP-Lab\PingPong_IDE_2023_04\eclipse_s\keil_mcb_4357_board_lib\Debug\libkeil_mcb_4357_board_lib.a(sysinit_keil_mcb_18574357.o)
                              startup_code\cr_startup_lpc18xx43xx.o (SystemInit)
D:\_RTP-Lab\PingPong_IDE_2023_04\eclipse_s\keil_mcb_4357_board_lib\Debug\libkeil_mcb_4357_board_lib.a(uda1380.o)
                              D:\_RTP-Lab\PingPong_IDE_2023_04\eclipse_s\keil_mcb_4357_board_lib\Debug\libkeil_mcb_4357_board_lib.a(board_keil_mcb_18574357.o) (UDA1380_Init)
D:\_RTP-Lab\PingPong_IDE_2023_04\eclipse_s\keil_mcb_4357_board_lib\Debug\libkeil_mcb_4357_board_lib.a(clock_18xx_43xx.o)
                              D:\_RTP-Lab\PingPong_IDE_2023_04\eclipse_s\keil_mcb_4357_board_lib\Debug\libkeil_mcb_4357_board_lib.a(sysinit_keil_mcb_18574357.o) (Chip_Clock_EnableCrystal)
D:\_RTP-Lab\PingPong_IDE_2023_04\eclipse_s\keil_mcb_4357_board_lib\Debug\libkeil_mcb_4357_board_lib.a(emc_18xx_43xx.o)
                              D:\_RTP-Lab\PingPong_IDE_2023_04\eclipse_s\keil_mcb_4357_board_lib\Debug\libkeil_mcb_4357_board_lib.a(sysinit_keil_mcb_18574357.o) (Chip_EMC_Dynamic_Init)
D:\_RTP-Lab\PingPong_IDE_2023_04\eclipse_s\keil_mcb_4357_board_lib\Debug\libkeil_mcb_4357_board_lib.a(i2c_18xx_43xx.o)
                              D:\_RTP-Lab\PingPong_IDE_2023_04\eclipse_s\keil_mcb_4357_board_lib\Debug\libkeil_mcb_4357_board_lib.a(board_keil_mcb_18574357.o) (Chip_I2C_EventHandlerPolling)
D:\_RTP-Lab\PingPong_IDE_2023_04\eclipse_s\keil_mcb_4357_board_lib\Debug\libkeil_mcb_4357_board_lib.a(i2s_18xx_43xx.o)
                              D:\_RTP-Lab\PingPong_IDE_2023_04\eclipse_s\keil_mcb_4357_board_lib\Debug\libkeil_mcb_4357_board_lib.a(board_keil_mcb_18574357.o) (Chip_I2S_Init)
D:\_RTP-Lab\PingPong_IDE_2023_04\eclipse_s\keil_mcb_4357_board_lib\Debug\libkeil_mcb_4357_board_lib.a(rgu_18xx_43xx.o)
                              common\m0_ImageLoader.o (Chip_RGU_TriggerReset)
D:\_RTP-Lab\PingPong_IDE_2023_04\eclipse_s\keil_mcb_4357_board_lib\Debug\libkeil_mcb_4357_board_lib.a(scu_18xx_43xx.o)
                              D:\_RTP-Lab\PingPong_IDE_2023_04\eclipse_s\keil_mcb_4357_board_lib\Debug\libkeil_mcb_4357_board_lib.a(board_keil_mcb_18574357.o) (Chip_SCU_GPIOIntPinSel)
D:\_RTP-Lab\PingPong_IDE_2023_04\eclipse_s\keil_mcb_4357_board_lib\Debug\libkeil_mcb_4357_board_lib.a(ssp_18xx_43xx.o)
                              D:\_RTP-Lab\PingPong_IDE_2023_04\eclipse_s\keil_mcb_4357_board_lib\Debug\libkeil_mcb_4357_board_lib.a(board_keil_mcb_18574357.o) (Chip_SSP_WriteFrames_Blocking)
D:\_RTP-Lab\PingPong_IDE_2023_04\eclipse_s\keil_mcb_4357_board_lib\Debug\libkeil_mcb_4357_board_lib.a(timer_18xx_43xx.o)
                              common\supervision.o (Chip_TIMER_Init)
D:\_RTP-Lab\PingPong_IDE_2023_04\eclipse_s\keil_mcb_4357_board_lib\Debug\libkeil_mcb_4357_board_lib.a(uart_18xx_43xx.o)
                              base_app\uart.o (Chip_UART_Init)
D:\_RTP-Lab\PingPong_IDE_2023_04\eclipse_s\keil_mcb_4357_board_lib\Debug\libkeil_mcb_4357_board_lib.a(emc_001.o)
                              D:\_RTP-Lab\PingPong_IDE_2023_04\eclipse_s\keil_mcb_4357_board_lib\Debug\libkeil_mcb_4357_board_lib.a(emc_18xx_43xx.o) (IP_EMC_Dynamic_Init)
D:\_RTP-Lab\PingPong_IDE_2023_04\eclipse_s\keil_mcb_4357_board_lib\Debug\libkeil_mcb_4357_board_lib.a(enet_001.o)
                              D:\_RTP-Lab\PingPong_IDE_2023_04\eclipse_s\keil_mcb_4357_board_lib\Debug\libkeil_mcb_4357_board_lib.a(board_keil_mcb_18574357.o) (IP_ENET_StartMIIWrite)
D:\_RTP-Lab\PingPong_IDE_2023_04\eclipse_s\keil_mcb_4357_board_lib\Debug\libkeil_mcb_4357_board_lib.a(fpu_init.o)
                              D:\_RTP-Lab\PingPong_IDE_2023_04\eclipse_s\keil_mcb_4357_board_lib\Debug\libkeil_mcb_4357_board_lib.a(sysinit_keil_mcb_18574357.o) (fpuInit)
D:\_RTP-Lab\PingPong_IDE_2023_04\eclipse_s\keil_mcb_4357_board_lib\Debug\libkeil_mcb_4357_board_lib.a(gpiopinint_001.o)
                              D:\_RTP-Lab\PingPong_IDE_2023_04\eclipse_s\keil_mcb_4357_board_lib\Debug\libkeil_mcb_4357_board_lib.a(board_keil_mcb_18574357.o) (IP_GPIOPININT_IntCmd)
D:\_RTP-Lab\PingPong_IDE_2023_04\eclipse_s\keil_mcb_4357_board_lib\Debug\libkeil_mcb_4357_board_lib.a(i2c_001.o)
                              D:\_RTP-Lab\PingPong_IDE_2023_04\eclipse_s\keil_mcb_4357_board_lib\Debug\libkeil_mcb_4357_board_lib.a(i2c_18xx_43xx.o) (IP_I2C_MasterXfer_StateHandler)
D:\_RTP-Lab\PingPong_IDE_2023_04\eclipse_s\keil_mcb_4357_board_lib\Debug\libkeil_mcb_4357_board_lib.a(i2s_001.o)
                              D:\_RTP-Lab\PingPong_IDE_2023_04\eclipse_s\keil_mcb_4357_board_lib\Debug\libkeil_mcb_4357_board_lib.a(i2s_18xx_43xx.o) (IP_I2S_Init)
[...]
Memory Configuration

Name             Origin             Length             Attributes
RO_MEM           0x1a000000         0x00040000         xr
RW_MEM           0x10000000         0x00008000         xrw
RW_MEM1          0x20004000         0x00004000         xrw
SH_MEM           0x20000000         0x00002000         xrw
FAT12_MEM        0x20002000         0x00002000         xrw
*default*        0x00000000         0xffffffff

Linker script and memory map

LOAD FreeRTOS\Source\list.o
LOAD FreeRTOS\Source\portable\GCC\ARM_CM4F\port.o
LOAD FreeRTOS\Source\portable\MemMang\heap_2.o
LOAD FreeRTOS\Source\queue.o
LOAD FreeRTOS\Source\tasks.o
LOAD base_app\dia_comm4.o
LOAD base_app\uart.o
LOAD common\ipc_app.o
LOAD common\ipc_msg.o
LOAD common\m0_ImageLoader.o
LOAD common\printf-stdarg.o
LOAD common\supervision.o
LOAD common\ws_strfun.o
LOAD freertoslpc\FreeRTOSCommonHooks.o
LOAD src\PingPong.o
LOAD src\UartTX.o
LOAD src\app.o
LOAD src\main.o
LOAD startup_code\cr_startup_lpc18xx43xx.o
LOAD D:\_RTP-Lab\PingPong_IDE_2023_04\eclipse_s\keil_mcb_4357_board_lib\Debug\libkeil_mcb_4357_board_lib.a
LOAD d:/programme/gnu_tools_arm/4.7_2013q2/bin/../lib/gcc/arm-none-eabi/4.7.4/../../../../arm-none-eabi/lib/armv7e-m\libm.a
LOAD d:/programme/gnu_tools_arm/4.7_2013q2/bin/../lib/gcc/arm-none-eabi/4.7.4/../../../../arm-none-eabi/lib/armv7e-m\libc.a
                0x10008000                __top_RW_MEM = 0x10008000

.text           0x1a000000     0x52e0
 FILL mask 0xff
 *(.isr_vector)
 .isr_vector    0x1a000000      0x114 startup_code\cr_startup_lpc18xx43xx.o
                0x1a000000                g_pfnVectors
                0x1a000114                . = ALIGN (0x4)
                0x1a000114                __section_table_start = .
                0x1a000114                __data_section_table = .
                0x1a000114        0x4 LONG 0x1a0052e8 LOADADDR (.data)
                0x1a000118        0x4 LONG 0x10000000 ADDR (.data)
                0x1a00011c        0x4 LONG 0x90 SIZEOF (.data)
                0x1a000120        0x4 LONG 0x1a0052e8 LOADADDR (.data_RAM2)
                0x1a000124        0x4 LONG 0x10000000 ADDR (.data_RAM2)
                0x1a000128        0x4 LONG 0x0 SIZEOF (.data_RAM2)
                0x1a00012c        0x4 LONG 0x1a0052e8 LOADADDR (.data_RAM3)
                0x1a000130        0x4 LONG 0x20004000 ADDR (.data_RAM3)
                0x1a000134        0x4 LONG 0x0 SIZEOF (.data_RAM3)
                0x1a000138        0x4 LONG 0x1a0052e8 LOADADDR (.data_RAM4)
                0x1a00013c        0x4 LONG 0x20002000 ADDR (.data_RAM4)
                0x1a000140        0x4 LONG 0x0 SIZEOF (.data_RAM4)
                0x1a000144                __data_section_table_end = .
                0x1a000144                __bss_section_table = .
                0x1a000144        0x4 LONG 0x10000090 ADDR (.bss)
                0x1a000148        0x4 LONG 0x3fd0 SIZEOF (.bss)
                0x1a00014c                __bss_section_end = .
                0x1a00014c        0x4 LONG 0x20004000 ADDR (.bss_ETH)
                0x1a000150        0x4 LONG 0x4000 SIZEOF (.bss_ETH)
                0x1a000154        0x4 LONG 0x20000000 ADDR (.bss_SHMEM)
                0x1a000158        0x4 LONG 0x40 SIZEOF (.bss_SHMEM)
                0x1a00015c        0x4 LONG 0x20002000 ADDR (.bss_RAM4)
                0x1a000160        0x4 LONG 0x0 SIZEOF (.bss_RAM4)
                0x1a000164                __bss_section_table_end = .
                0x1a000164                __section_table_end = .
 *(.after_vectors*)
 .after_vectors
                0x1a000164       0x36 startup_code\cr_startup_lpc18xx43xx.o
                0x1a000164                NMI_Handler
                0x1a000166                HardFault_Handler
                0x1a000168                MemManage_Handler
                0x1a00016a                BusFault_Handler
                0x1a00016c                UsageFault_Handler
                0x1a000170                DebugMon_Handler
                0x1a000176                ATIMER_IRQHandler
                0x1a000176                RIT_IRQHandler
                0x1a000176                I2C1_IRQHandler
                0x1a000176                UART1_IRQHandler
                0x1a000176                GPIO5_IRQHandler
                0x1a000176                SDIO_IRQHandler
                0x1a000176                USB1_IRQHandler
                0x1a000176                I2S0_IRQHandler
                0x1a000176                TIMER3_IRQHandler
                0x1a000176                GINT1_IRQHandler
                0x1a000176                SGPIO_IRQHandler
                0x1a000176                ADC0_IRQHandler
                0x1a000176                CAN1_IRQHandler
                0x1a000176                I2C0_IRQHandler
                0x1a000176                IntDefaultHandler
                0x1a000176                GPIO1_IRQHandler
                0x1a000176                SSP0_IRQHandler
                0x1a000176                ADC1_IRQHandler
                0x1a000176                FLASHEEPROM_IRQHandler
                0x1a000176                RTC_IRQHandler
                0x1a000176                SPI_IRQHandler
                0x1a000176                LCD_IRQHandler
                0x1a000176                MCPWM_IRQHandler
                0x1a000176                TIMER1_IRQHandler
                0x1a000176                UART2_IRQHandler
                0x1a000176                GPIO2_IRQHandler
                0x1a000176                I2S1_IRQHandler
                0x1a000176                SSP1_IRQHandler
                0x1a000176                USB0_IRQHandler
                0x1a000176                GPIO3_IRQHandler
                0x1a000176                SCT_IRQHandler
                0x1a000176                GPIO6_IRQHandler
                0x1a000176                WDT_IRQHandler
                0x1a000176                GPIO7_IRQHandler
                0x1a000176                SPIFI_IRQHandler
                0x1a000176                QEI_IRQHandler
                0x1a000176                ETH_IRQHandler
                0x1a000176                CAN0_IRQHandler
                0x1a000176                GINT0_IRQHandler
                0x1a000176                DAC_IRQHandler
                0x1a000176                DMA_IRQHandler
                0x1a000176                EVRT_IRQHandler
                0x1a000176                TIMER2_IRQHandler
                0x1a000176                UART3_IRQHandler
                0x1a000176                GPIO4_IRQHandler
                0x1a000178                data_init
                0x1a00018a                bss_init
 *(.text*)
 .text.vListInitialise
                0x1a00019a       0x16 FreeRTOS\Source\list.o
                0x1a00019a                vListInitialise
 .text.vListInitialiseItem
                0x1a0001b0        0x6 FreeRTOS\Source\list.o
                0x1a0001b0                vListInitialiseItem
 .text.vListInsertEnd
                0x1a0001b6       0x1a FreeRTOS\Source\list.o
                0x1a0001b6                vListInsertEnd
 .text.vListInsert
                0x1a0001d0       0x30 FreeRTOS\Source\list.o
                0x1a0001d0                vListInsert
 .text.uxListRemove
                0x1a000200       0x22 FreeRTOS\Source\list.o
                0x1a000200                uxListRemove
 *fill*         0x1a000222        0x2 00
 .text.prvPortStartFirstTask
                0x1a000224       0x14 FreeRTOS\Source\portable\GCC\ARM_CM4F\port.o
 .text.vPortEnableVFP
                0x1a000238       0x14 FreeRTOS\Source\portable\GCC\ARM_CM4F\port.o
 .text.pxPortInitialiseStack
                0x1a00024c       0x1e FreeRTOS\Source\portable\GCC\ARM_CM4F\port.o
                0x1a00024c                pxPortInitialiseStack
 *fill*         0x1a00026a        0x2 00
 .text.SVC_Handler
                0x1a00026c       0x1c FreeRTOS\Source\portable\GCC\ARM_CM4F\port.o
                0x1a00026c                SVC_Handler
 .text.vPortYieldFromISR
                0x1a000288       0x10 FreeRTOS\Source\portable\GCC\ARM_CM4F\port.o
                0x1a000288                vPortYieldFromISR
 .text.ulPortSetInterruptMask
                0x1a000298       0x10 FreeRTOS\Source\portable\GCC\ARM_CM4F\port.o
                0x1a000298                ulPortSetInterruptMask
 .text.vPortEnterCritical
                0x1a0002a8       0x14 FreeRTOS\Source\portable\GCC\ARM_CM4F\port.o
                0x1a0002a8                vPortEnterCritical
 .text.vPortClearInterruptMask
                0x1a0002bc        0x6 FreeRTOS\Source\portable\GCC\ARM_CM4F\port.o
                0x1a0002bc                vPortClearInterruptMask
 *fill*         0x1a0002c2        0x2 00
 .text.vPortExitCritical
                0x1a0002c4       0x14 FreeRTOS\Source\portable\GCC\ARM_CM4F\port.o
                0x1a0002c4                vPortExitCritical
 .text.PendSV_Handler
                0x1a0002d8       0x50 FreeRTOS\Source\portable\GCC\ARM_CM4F\port.o
                0x1a0002d8                PendSV_Handler
 .text.SysTick_Handler
                0x1a000328       0x20 FreeRTOS\Source\portable\GCC\ARM_CM4F\port.o
                0x1a000328                SysTick_Handler
 .text.vPortSetupTimerInterrupt
                0x1a000348       0x24 FreeRTOS\Source\portable\GCC\ARM_CM4F\port.o
                0x1a000348                vPortSetupTimerInterrupt
 .text.xPortStartScheduler
                0x1a00036c       0x40 FreeRTOS\Source\portable\GCC\ARM_CM4F\port.o
                0x1a00036c                xPortStartScheduler
 .text.pvPortMalloc
                0x1a0003ac       0xb0 FreeRTOS\Source\portable\MemMang\heap_2.o
                0x1a0003ac                pvPortMalloc
 .text.vPortFree
                0x1a00045c       0x40 FreeRTOS\Source\portable\MemMang\heap_2.o
                0x1a00045c                vPortFree
 .text.xPortGetFreeHeapSize
                0x1a00049c        0xc FreeRTOS\Source\portable\MemMang\heap_2.o
                0x1a00049c                xPortGetFreeHeapSize
 .text.prvCopyDataFromQueue
                0x1a0004a8       0x26 FreeRTOS\Source\queue.o
 .text.prvUnlockQueue
                0x1a0004ce       0x64 FreeRTOS\Source\queue.o
 .text.prvCopyDataToQueue
                0x1a000532       0x58 FreeRTOS\Source\queue.o
 .text.xQueueGenericReset
                0x1a00058a       0x64 FreeRTOS\Source\queue.o
                0x1a00058a                xQueueGenericReset
 .text.xQueueGenericCreate
                0x1a0005ee       0x42 FreeRTOS\Source\queue.o
                0x1a0005ee                xQueueGenericCreate
 .text.xQueueGenericSend
                0x1a000630       0xee FreeRTOS\Source\queue.o
                0x1a000630                xQueueGenericSend
 .text.xQueueGenericSendFromISR
                0x1a00071e       0x6c FreeRTOS\Source\queue.o
                0x1a00071e                xQueueGenericSendFromISR
 .text.xQueueGenericReceive
                0x1a00078a      0x126 FreeRTOS\Source\queue.o
                0x1a00078a                xQueueGenericReceive
 .text.prvAddCurrentTaskToDelayedList
                0x1a0008b0       0x50 FreeRTOS\Source\tasks.o
 .text.xTaskGenericCreate
                0x1a000900      0x19c FreeRTOS\Source\tasks.o
                0x1a000900                xTaskGenericCreate
 .text.vTaskStartScheduler
                0x1a000a9c       0x54 FreeRTOS\Source\tasks.o
                0x1a000a9c                vTaskStartScheduler
 .text.vTaskSuspendAll
                0x1a000af0       0x10 FreeRTOS\Source\tasks.o
                0x1a000af0                vTaskSuspendAll
 .text.vTaskIncrementTick
                0x1a000b00       0xe0 FreeRTOS\Source\tasks.o
                0x1a000b00                vTaskIncrementTick
 .text.xTaskResumeAll
                0x1a000be0       0xc8 FreeRTOS\Source\tasks.o
                0x1a000be0                xTaskResumeAll
 .text.prvIdleTask
                0x1a000ca8       0x68 FreeRTOS\Source\tasks.o
 .text.vTaskDelay
                0x1a000d10       0x3c FreeRTOS\Source\tasks.o
                0x1a000d10                vTaskDelay
 .text.vTaskSwitchContext
                0x1a000d4c       0x64 FreeRTOS\Source\tasks.o
                0x1a000d4c                vTaskSwitchContext
 .text.vTaskPlaceOnEventList
                0x1a000db0       0x4c FreeRTOS\Source\tasks.o
                0x1a000db0                vTaskPlaceOnEventList
 .text.xTaskRemoveFromEventList
                0x1a000dfc       0x6c FreeRTOS\Source\tasks.o
                0x1a000dfc                xTaskRemoveFromEventList
 .text.vTaskSetTimeOutState
                0x1a000e68       0x20 FreeRTOS\Source\tasks.o
                0x1a000e68                vTaskSetTimeOutState
 .text.xTaskCheckForTimeOut
                0x1a000e88       0x64 FreeRTOS\Source\tasks.o
                0x1a000e88                xTaskCheckForTimeOut
 .text.vTaskMissedYield
                0x1a000eec        0xc FreeRTOS\Source\tasks.o
                0x1a000eec                vTaskMissedYield
 .text.uxTaskGetStackHighWaterMark
                0x1a000ef8       0x20 FreeRTOS\Source\tasks.o
                0x1a000ef8                uxTaskGetStackHighWaterMark
 .text.xTaskGetCurrentTaskHandle
                0x1a000f18        0xc FreeRTOS\Source\tasks.o
                0x1a000f18                xTaskGetCurrentTaskHandle
 .text.vTaskPriorityInherit
                0x1a000f24       0x6c FreeRTOS\Source\tasks.o
                0x1a000f24                vTaskPriorityInherit
 .text.vTaskPriorityDisinherit
                0x1a000f90       0x48 FreeRTOS\Source\tasks.o
                0x1a000f90                vTaskPriorityDisinherit
 .text.comm4_analyze_command
                0x1a000fd8      0x108 base_app\dia_comm4.o
                0x1a000fd8                comm4_analyze_command
 .text.comm_newchar
                0x1a0010e0       0x60 base_app\dia_comm4.o
                0x1a0010e0                comm_newchar
 .text.vdia_commTask
                0x1a001140       0x90 base_app\dia_comm4.o
                0x1a001140                vdia_commTask
 .text.App_Interrupt_Init
                0x1a0011d0       0x38 base_app\uart.o
                0x1a0011d0                App_Interrupt_Init
 .text.UART0_IRQHandler
                0x1a001208       0x20 base_app\uart.o
                0x1a001208                UART0_IRQHandler
 .text.uart_init
                0x1a001228       0x3c base_app\uart.o
                0x1a001228                uart_init
 .text.ipcex_dispatch_task
                0x1a001264       0x38 common\ipc_app.o
 .text.ipcex_register_callback
                0x1a00129c       0x18 common\ipc_app.o
                0x1a00129c                ipcex_register_callback
 .text.ipcex_tasks
                0x1a0012b4       0x58 common\ipc_app.o
                0x1a0012b4                ipcex_tasks
 .text.IPCEX_Init
                0x1a00130c       0x14 common\ipc_app.o
                0x1a00130c                IPCEX_Init
 .text.ipcex_msgPush
                0x1a001320       0x12 common\ipc_app.o
                0x1a001320                ipcex_msgPush
 *fill*         0x1a001332        0x2 00
 .text.NVIC_EnableIRQ
                0x1a001334       0x38 common\ipc_msg.o
 .text.NVIC_SetPriority
                0x1a00136c       0x5c common\ipc_msg.o
 .text.Chip_CREG_ClearM0Event
                0x1a0013c8       0x18 common\ipc_msg.o
 .text.os_event_handler
                0x1a0013e0       0x90 common\ipc_msg.o
 .text.ipc_misc_init
                0x1a001470       0x80 common\ipc_msg.o
 .text.ipc_send_signal
                0x1a0014f0       0x10 common\ipc_msg.o
 .text.IPC_initMsgQueue
                0x1a001500       0x94 common\ipc_msg.o
                0x1a001500                IPC_initMsgQueue
 .text.IPC_pushMsgTout
                0x1a001594      0x124 common\ipc_msg.o
                0x1a001594                IPC_pushMsgTout
 .text.IPC_popMsgTout
                0x1a0016b8      0x100 common\ipc_msg.o
                0x1a0016b8                IPC_popMsgTout
 .text.EVENT_IPC_Receive
                0x1a0017b8        0x8 common\ipc_msg.o
                0x1a0017b8                EVENT_IPC_Receive
 .text.MX_CORE_IRQHandler
                0x1a0017c0       0x14 common\ipc_msg.o
                0x1a0017c0                MX_CORE_IRQHandler
 .text.M0Image_Boot
                0x1a0017d4       0x38 common\m0_ImageLoader.o
                0x1a0017d4                M0Image_Boot
 .text.printchar
                0x1a00180c       0x1a common\printf-stdarg.o
 .text.prints   0x1a001826       0x84 common\printf-stdarg.o
 *fill*         0x1a0018aa        0x2 00
 .text.printi   0x1a0018ac       0xa8 common\printf-stdarg.o
 .text.print    0x1a001954      0x118 common\printf-stdarg.o
 .text.printf   0x1a001a6c       0x1a common\printf-stdarg.o
                0x1a001a6c                printf
 .text.sprintf  0x1a001a86       0x1c common\printf-stdarg.o
                0x1a001a86                sprintf
 *fill*         0x1a001aa2        0x2 00
 .text.print_buffer_status
                0x1a001aa4       0x50 common\supervision.o
                0x1a001aa4                print_buffer_status
 .text.wcet_init
                0x1a001af4       0x14 common\supervision.o
                0x1a001af4                wcet_init
 .text.wcet_t1  0x1a001b08       0x40 common\supervision.o
                0x1a001b08                wcet_t1
 .text.wcet_t2  0x1a001b48       0x70 common\supervision.o
                0x1a001b48                wcet_t2
 .text.memcpy   0x1a001bb8       0x78 common\ws_strfun.o
                0x1a001bb8                memcpy
 .text.memset   0x1a001c30       0x10 common\ws_strfun.o
                0x1a001c30                memset
 .text.strlen   0x1a001c40       0x18 common\ws_strfun.o
                0x1a001c40                strlen
 .text.strncpy  0x1a001c58       0x24 common\ws_strfun.o
                0x1a001c58                strncpy
 .text.atoi     0x1a001c7c       0x4a common\ws_strfun.o
                0x1a001c7c                atoi
 *fill*         0x1a001cc6        0x2 00
 .text.ws_strtok
                0x1a001cc8       0x68 common\ws_strfun.o
                0x1a001cc8                ws_strtok
 .text.vApplicationIdleHook
                0x1a001d30       0x10 freertoslpc\FreeRTOSCommonHooks.o
                0x1a001d30                vApplicationIdleHook
 .text.init_PingPong
                0x1a001d40       0x68 src\PingPong.o
                0x1a001d40                init_PingPong
 .text.vPingTask
                0x1a001da8       0x9c src\PingPong.o
                0x1a001da8                vPingTask
 .text.vPongTask
                0x1a001e44       0x90 src\PingPong.o
                0x1a001e44                vPongTask
 .text.vPrintTask
                0x1a001ed4       0x70 src\PingPong.o
                0x1a001ed4                vPrintTask
 .text.proc_adda_tic_started
                0x1a001f44        0x2 src\app.o
                0x1a001f44                proc_adda_tic_started
 *fill*         0x1a001f46        0x2 00
 .text.proc_init_pst
                0x1a001f48        0xc src\app.o
                0x1a001f48                proc_init_pst
 .text.proc_init_pdm
                0x1a001f54        0xc src\app.o
                0x1a001f54                proc_init_pdm
 .text.proc_init_pdm_inf
                0x1a001f60        0xc src\app.o
                0x1a001f60                proc_init_pdm_inf
 .text.proc_update_super_stack
                0x1a001f6c       0x40 src\app.o
                0x1a001f6c                proc_update_super_stack
 .text.proc_buffer_status
                0x1a001fac        0x4 src\app.o
                0x1a001fac                proc_buffer_status
 .text.proc_comm_newchar
                0x1a001fb0        0x6 src\app.o
                0x1a001fb0                proc_comm_newchar
 *fill*         0x1a001fb6        0x2 00
 .text.set_display_var
                0x1a001fb8       0x14 src\app.o
                0x1a001fb8                set_display_var
 .text.app_init
                0x1a001fcc       0x90 src\app.o
                0x1a001fcc                app_init
 .text.send_str
                0x1a00205c       0x14 src\app.o
                0x1a00205c                send_str
 .text.send_char
                0x1a002070       0x14 src\app.o
                0x1a002070                send_char
 .text.get_free_str
                0x1a002084       0x1a src\app.o
                0x1a002084                get_free_str
 *fill*         0x1a00209e        0x2 00
 .text.heartBeat_m4
                0x1a0020a0       0x3c src\app.o
                0x1a0020a0                heartBeat_m4
 .text.tic4_1   0x1a0020dc       0x48 src\app.o
                0x1a0020dc                tic4_1
 .text.TIMER0_IRQHandler
                0x1a002124       0x50 src\app.o
                0x1a002124                TIMER0_IRQHandler
 .text.tic4_2   0x1a002174       0x58 src\app.o
                0x1a002174                tic4_2
 .text.proc_adda_finished
                0x1a0021cc        0x4 src\app.o
                0x1a0021cc                proc_adda_finished
 .text.Board_LED_Toggle
                0x1a0021d0       0x18 src\main.o
 .text.uSleep   0x1a0021e8       0x3c src\main.o
                0x1a0021e8                uSleep
 .text.err_blink
                0x1a002224       0x54 src\main.o
                0x1a002224                err_blink
 .text.init_Tick_Timer
                0x1a002278       0x6c src\main.o
                0x1a002278                init_Tick_Timer
 .text.re_init_Tick_Timer
                0x1a0022e4       0x4c src\main.o
                0x1a0022e4                re_init_Tick_Timer
 .text.init_fg1_Timer
                0x1a002330       0x50 src\main.o
                0x1a002330                init_fg1_Timer
 .text.re_init_fg1_Timer
                0x1a002380       0x28 src\main.o
                0x1a002380                re_init_fg1_Timer
 .text.startup.main
                0x1a0023a8       0xec src\main.o
                0x1a0023a8                main
 .text.ResetISR
                0x1a002494       0x40 startup_code\cr_startup_lpc18xx43xx.o
                0x1a002494                ResetISR
 .text.IP_GPIOPININT_IntGetStatus
                0x1a0024d4       0x30 D:\_RTP-Lab\PingPong_IDE_2023_04\eclipse_s\keil_mcb_4357_board_lib\Debug\libkeil_mcb_4357_board_lib.a(board_keil_mcb_18574357.o)
 .text.IP_GPIOPININT_IntClear
                0x1a002504       0x40 D:\_RTP-Lab\PingPong_IDE_2023_04\eclipse_s\keil_mcb_4357_board_lib\Debug\libkeil_mcb_4357_board_lib.a(board_keil_mcb_18574357.o)
 .text.IP_GPIO_Init
                0x1a002544       0x14 D:\_RTP-Lab\PingPong_IDE_2023_04\eclipse_s\keil_mcb_4357_board_lib\Debug\libkeil_mcb_4357_board_lib.a(board_keil_mcb_18574357.o)
 .text.IP_GPIO_WritePortBit
                0x1a002558       0x2c D:\_RTP-Lab\PingPong_IDE_2023_04\eclipse_s\keil_mcb_4357_board_lib\Debug\libkeil_mcb_4357_board_lib.a(board_keil_mcb_18574357.o)
 .text.IP_GPIO_WriteDirBit
                0x1a002584       0x70 D:\_RTP-Lab\PingPong_IDE_2023_04\eclipse_s\keil_mcb_4357_board_lib\Debug\libkeil_mcb_4357_board_lib.a(board_keil_mcb_18574357.o)
 .text.Chip_GPIO_Init
                0x1a0025f4       0x18 D:\_RTP-Lab\PingPong_IDE_2023_04\eclipse_s\keil_mcb_4357_board_lib\Debug\libkeil_mcb_4357_board_lib.a(board_keil_mcb_18574357.o)
 .text.Chip_GPIO_WritePortBit
                0x1a00260c       0x24 D:\_RTP-Lab\PingPong_IDE_2023_04\eclipse_s\keil_mcb_4357_board_lib\Debug\libkeil_mcb_4357_board_lib.a(board_keil_mcb_18574357.o)
 .text.Chip_GPIO_WriteDirBit
                0x1a002630       0x24 D:\_RTP-Lab\PingPong_IDE_2023_04\eclipse_s\keil_mcb_4357_board_lib\Debug\libkeil_mcb_4357_board_lib.a(board_keil_mcb_18574357.o)
 .text.Chip_GPIO_IntGetStatus
                0x1a002654       0x24 D:\_RTP-Lab\PingPong_IDE_2023_04\eclipse_s\keil_mcb_4357_board_lib\Debug\libkeil_mcb_4357_board_lib.a(board_keil_mcb_18574357.o)
 .text.Chip_GPIO_IntClear
                0x1a002678       0x24 D:\_RTP-Lab\PingPong_IDE_2023_04\eclipse_s\keil_mcb_4357_board_lib\Debug\libkeil_mcb_4357_board_lib.a(board_keil_mcb_18574357.o)
 .text.Chip_SCU_PinMuxSet
                0x1a00269c       0x34 D:\_RTP-Lab\PingPong_IDE_2023_04\eclipse_s\keil_mcb_4357_board_lib\Debug\libkeil_mcb_4357_board_lib.a(board_keil_mcb_18574357.o)
 .text.Chip_UART_ConfigData
                0x1a0026d0       0x24 D:\_RTP-Lab\PingPong_IDE_2023_04\eclipse_s\keil_mcb_4357_board_lib\Debug\libkeil_mcb_4357_board_lib.a(board_keil_mcb_18574357.o)
 .text.Chip_UART_SendByte
                0x1a0026f4       0x24 D:\_RTP-Lab\PingPong_IDE_2023_04\eclipse_s\keil_mcb_4357_board_lib\Debug\libkeil_mcb_4357_board_lib.a(board_keil_mcb_18574357.o)
 .text.SystemCoreClockUpdate
                0x1a002718       0x1c D:\_RTP-Lab\PingPong_IDE_2023_04\eclipse_s\keil_mcb_4357_board_lib\Debug\libkeil_mcb_4357_board_lib.a(board_keil_mcb_18574357.o)
                0x1a002718                SystemCoreClockUpdate
 .text.Board_UART_Init
                0x1a002734       0x70 D:\_RTP-Lab\PingPong_IDE_2023_04\eclipse_s\keil_mcb_4357_board_lib\Debug\libkeil_mcb_4357_board_lib.a(board_keil_mcb_18574357.o)
                0x1a002734                Board_UART_Init
 .text.Board_Debug_Init
                0x1a0027a4       0x58 D:\_RTP-Lab\PingPong_IDE_2023_04\eclipse_s\keil_mcb_4357_board_lib\Debug\libkeil_mcb_4357_board_lib.a(board_keil_mcb_18574357.o)
                0x1a0027a4                Board_Debug_Init
 .text.Board_UARTPutChar
                0x1a0027fc       0x2c D:\_RTP-Lab\PingPong_IDE_2023_04\eclipse_s\keil_mcb_4357_board_lib\Debug\libkeil_mcb_4357_board_lib.a(board_keil_mcb_18574357.o)
                0x1a0027fc                Board_UARTPutChar
 .text.Board_UARTPutSTR
                0x1a002828       0x2c D:\_RTP-Lab\PingPong_IDE_2023_04\eclipse_s\keil_mcb_4357_board_lib\Debug\libkeil_mcb_4357_board_lib.a(board_keil_mcb_18574357.o)
                0x1a002828                Board_UARTPutSTR
 .text.Board_LED_Init
                0x1a002854       0x58 D:\_RTP-Lab\PingPong_IDE_2023_04\eclipse_s\keil_mcb_4357_board_lib\Debug\libkeil_mcb_4357_board_lib.a(board_keil_mcb_18574357.o)
 .text.Board_LED_Set
                0x1a0028ac       0xa4 D:\_RTP-Lab\PingPong_IDE_2023_04\eclipse_s\keil_mcb_4357_board_lib\Debug\libkeil_mcb_4357_board_lib.a(board_keil_mcb_18574357.o)
                0x1a0028ac                Board_LED_Set
 .text.Board_LED_Test
                0x1a002950       0x48 D:\_RTP-Lab\PingPong_IDE_2023_04\eclipse_s\keil_mcb_4357_board_lib\Debug\libkeil_mcb_4357_board_lib.a(board_keil_mcb_18574357.o)
                0x1a002950                Board_LED_Test
 .text.Board_Init
                0x1a002998       0x50 D:\_RTP-Lab\PingPong_IDE_2023_04\eclipse_s\keil_mcb_4357_board_lib\Debug\libkeil_mcb_4357_board_lib.a(board_keil_mcb_18574357.o)
                0x1a002998                Board_Init
 .text.GPIO0_IRQHandler
                0x1a0029e8       0x68 D:\_RTP-Lab\PingPong_IDE_2023_04\eclipse_s\keil_mcb_4357_board_lib\Debug\libkeil_mcb_4357_board_lib.a(board_keil_mcb_18574357.o)
                0x1a0029e8                GPIO0_IRQHandler
 .text.Chip_SCU_PinMuxSet
                0x1a002a50       0x34 D:\_RTP-Lab\PingPong_IDE_2023_04\eclipse_s\keil_mcb_4357_board_lib\Debug\libkeil_mcb_4357_board_lib.a(sysinit_keil_mcb_18574357.o)
 .text.Chip_SCU_ClockPinMuxSet
                0x1a002a84       0x2c D:\_RTP-Lab\PingPong_IDE_2023_04\eclipse_s\keil_mcb_4357_board_lib\Debug\libkeil_mcb_4357_board_lib.a(sysinit_keil_mcb_18574357.o)
 .text.Chip_EMC_Init
                0x1a002ab0       0x28 D:\_RTP-Lab\PingPong_IDE_2023_04\eclipse_s\keil_mcb_4357_board_lib\Debug\libkeil_mcb_4357_board_lib.a(sysinit_keil_mcb_18574357.o)
 .text.Chip_CREG_SetFlashAcceleration
                0x1a002ad8       0x70 D:\_RTP-Lab\PingPong_IDE_2023_04\eclipse_s\keil_mcb_4357_board_lib\Debug\libkeil_mcb_4357_board_lib.a(sysinit_keil_mcb_18574357.o)
 .text.SystemSetupClocking
                0x1a002b48      0x1e0 D:\_RTP-Lab\PingPong_IDE_2023_04\eclipse_s\keil_mcb_4357_board_lib\Debug\libkeil_mcb_4357_board_lib.a(sysinit_keil_mcb_18574357.o)
 .text.SystemSetupMuxing
                0x1a002d28       0xa0 D:\_RTP-Lab\PingPong_IDE_2023_04\eclipse_s\keil_mcb_4357_board_lib\Debug\libkeil_mcb_4357_board_lib.a(sysinit_keil_mcb_18574357.o)
 .text.SystemSetupMemory
                0x1a002dc8       0x90 D:\_RTP-Lab\PingPong_IDE_2023_04\eclipse_s\keil_mcb_4357_board_lib\Debug\libkeil_mcb_4357_board_lib.a(sysinit_keil_mcb_18574357.o)
 .text.SystemInit
                0x1a002e58       0x34 D:\_RTP-Lab\PingPong_IDE_2023_04\eclipse_s\keil_mcb_4357_board_lib\Debug\libkeil_mcb_4357_board_lib.a(sysinit_keil_mcb_18574357.o)
                0x1a002e58                SystemInit
 .text.Chip_Clock_TestMainPLLMultiplier
                0x1a002e8c       0x4c D:\_RTP-Lab\PingPong_IDE_2023_04\eclipse_s\keil_mcb_4357_board_lib\Debug\libkeil_mcb_4357_board_lib.a(clock_18xx_43xx.o)
 .text.Chip_Clock_GetDivRate
                0x1a002ed8       0x44 D:\_RTP-Lab\PingPong_IDE_2023_04\eclipse_s\keil_mcb_4357_board_lib\Debug\libkeil_mcb_4357_board_lib.a(clock_18xx_43xx.o)
 .text.Chip_Clock_FindBaseClock
                0x1a002f1c       0xb4 D:\_RTP-Lab\PingPong_IDE_2023_04\eclipse_s\keil_mcb_4357_board_lib\Debug\libkeil_mcb_4357_board_lib.a(clock_18xx_43xx.o)
 .text.Chip_Clock_EnableCrystal
                0x1a002fd0       0x54 D:\_RTP-Lab\PingPong_IDE_2023_04\eclipse_s\keil_mcb_4357_board_lib\Debug\libkeil_mcb_4357_board_lib.a(clock_18xx_43xx.o)
                0x1a002fd0                Chip_Clock_EnableCrystal
 .text.Chip_Clock_SetupMainPLLHz
                0x1a003024      0x134 D:\_RTP-Lab\PingPong_IDE_2023_04\eclipse_s\keil_mcb_4357_board_lib\Debug\libkeil_mcb_4357_board_lib.a(clock_18xx_43xx.o)
                0x1a003024                Chip_Clock_SetupMainPLLHz
 .text.Chip_Clock_SetupMainPLLMult
                0x1a003158      0x120 D:\_RTP-Lab\PingPong_IDE_2023_04\eclipse_s\keil_mcb_4357_board_lib\Debug\libkeil_mcb_4357_board_lib.a(clock_18xx_43xx.o)
                0x1a003158                Chip_Clock_SetupMainPLLMult
 .text.Chip_Clock_GetMainPLLHz
                0x1a003278       0xe4 D:\_RTP-Lab\PingPong_IDE_2023_04\eclipse_s\keil_mcb_4357_board_lib\Debug\libkeil_mcb_4357_board_lib.a(clock_18xx_43xx.o)
                0x1a003278                Chip_Clock_GetMainPLLHz
 .text.Chip_Clock_DisableMainPLL
                0x1a00335c       0x24 D:\_RTP-Lab\PingPong_IDE_2023_04\eclipse_s\keil_mcb_4357_board_lib\Debug\libkeil_mcb_4357_board_lib.a(clock_18xx_43xx.o)
                0x1a00335c                Chip_Clock_DisableMainPLL
 .text.Chip_Clock_SetDivider
                0x1a003380       0x8c D:\_RTP-Lab\PingPong_IDE_2023_04\eclipse_s\keil_mcb_4357_board_lib\Debug\libkeil_mcb_4357_board_lib.a(clock_18xx_43xx.o)
                0x1a003380                Chip_Clock_SetDivider
 .text.Chip_Clock_GetDividerSource
                0x1a00340c       0x48 D:\_RTP-Lab\PingPong_IDE_2023_04\eclipse_s\keil_mcb_4357_board_lib\Debug\libkeil_mcb_4357_board_lib.a(clock_18xx_43xx.o)
                0x1a00340c                Chip_Clock_GetDividerSource
 .text.Chip_Clock_GetDividerDivisor
                0x1a003454       0x34 D:\_RTP-Lab\PingPong_IDE_2023_04\eclipse_s\keil_mcb_4357_board_lib\Debug\libkeil_mcb_4357_board_lib.a(clock_18xx_43xx.o)
                0x1a003454                Chip_Clock_GetDividerDivisor
 .text.Chip_Clock_GetClockInputHz
                0x1a003488      0x11c D:\_RTP-Lab\PingPong_IDE_2023_04\eclipse_s\keil_mcb_4357_board_lib\Debug\libkeil_mcb_4357_board_lib.a(clock_18xx_43xx.o)
                0x1a003488                Chip_Clock_GetClockInputHz
 .text.Chip_Clock_GetBaseClocktHz
                0x1a0035a4       0x28 D:\_RTP-Lab\PingPong_IDE_2023_04\eclipse_s\keil_mcb_4357_board_lib\Debug\libkeil_mcb_4357_board_lib.a(clock_18xx_43xx.o)
                0x1a0035a4                Chip_Clock_GetBaseClocktHz
 .text.Chip_Clock_SetBaseClock
                0x1a0035cc       0xa8 D:\_RTP-Lab\PingPong_IDE_2023_04\eclipse_s\keil_mcb_4357_board_lib\Debug\libkeil_mcb_4357_board_lib.a(clock_18xx_43xx.o)
                0x1a0035cc                Chip_Clock_SetBaseClock
 .text.Chip_Clock_GetBaseClock
                0x1a003674       0x58 D:\_RTP-Lab\PingPong_IDE_2023_04\eclipse_s\keil_mcb_4357_board_lib\Debug\libkeil_mcb_4357_board_lib.a(clock_18xx_43xx.o)
                0x1a003674                Chip_Clock_GetBaseClock
 .text.Chip_Clock_EnableOpts
                0x1a0036cc       0x84 D:\_RTP-Lab\PingPong_IDE_2023_04\eclipse_s\keil_mcb_4357_board_lib\Debug\libkeil_mcb_4357_board_lib.a(clock_18xx_43xx.o)
                0x1a0036cc                Chip_Clock_EnableOpts
 .text.Chip_Clock_Enable
                0x1a003750       0x78 D:\_RTP-Lab\PingPong_IDE_2023_04\eclipse_s\keil_mcb_4357_board_lib\Debug\libkeil_mcb_4357_board_lib.a(clock_18xx_43xx.o)
                0x1a003750                Chip_Clock_Enable
 .text.Chip_Clock_GetRate
                0x1a0037c8       0x9c D:\_RTP-Lab\PingPong_IDE_2023_04\eclipse_s\keil_mcb_4357_board_lib\Debug\libkeil_mcb_4357_board_lib.a(clock_18xx_43xx.o)
                0x1a0037c8                Chip_Clock_GetRate
 .text.Chip_Clock_SetupPLL
                0x1a003864       0x84 D:\_RTP-Lab\PingPong_IDE_2023_04\eclipse_s\keil_mcb_4357_board_lib\Debug\libkeil_mcb_4357_board_lib.a(clock_18xx_43xx.o)
                0x1a003864                Chip_Clock_SetupPLL
 .text.Chip_EMC_Dynamic_Init
                0x1a0038e8       0x64 D:\_RTP-Lab\PingPong_IDE_2023_04\eclipse_s\keil_mcb_4357_board_lib\Debug\libkeil_mcb_4357_board_lib.a(emc_18xx_43xx.o)
                0x1a0038e8                Chip_EMC_Dynamic_Init
 .text.Chip_EMC_Static_Init
                0x1a00394c       0x64 D:\_RTP-Lab\PingPong_IDE_2023_04\eclipse_s\keil_mcb_4357_board_lib\Debug\libkeil_mcb_4357_board_lib.a(emc_18xx_43xx.o)
                0x1a00394c                Chip_EMC_Static_Init
 .text.Chip_RGU_TriggerReset
                0x1a0039b0       0x44 D:\_RTP-Lab\PingPong_IDE_2023_04\eclipse_s\keil_mcb_4357_board_lib\Debug\libkeil_mcb_4357_board_lib.a(rgu_18xx_43xx.o)
                0x1a0039b0                Chip_RGU_TriggerReset
 .text.Chip_RGU_ClearReset
                0x1a0039f4       0x38 D:\_RTP-Lab\PingPong_IDE_2023_04\eclipse_s\keil_mcb_4357_board_lib\Debug\libkeil_mcb_4357_board_lib.a(rgu_18xx_43xx.o)
                0x1a0039f4                Chip_RGU_ClearReset
 .text.Chip_Timer_GetClock
                0x1a003a2c       0x60 D:\_RTP-Lab\PingPong_IDE_2023_04\eclipse_s\keil_mcb_4357_board_lib\Debug\libkeil_mcb_4357_board_lib.a(timer_18xx_43xx.o)
 .text.Chip_TIMER_Init
                0x1a003a8c       0x20 D:\_RTP-Lab\PingPong_IDE_2023_04\eclipse_s\keil_mcb_4357_board_lib\Debug\libkeil_mcb_4357_board_lib.a(timer_18xx_43xx.o)
                0x1a003a8c                Chip_TIMER_Init
 .text.Chip_UART_Get_UARTNum
                0x1a003aac       0x54 D:\_RTP-Lab\PingPong_IDE_2023_04\eclipse_s\keil_mcb_4357_board_lib\Debug\libkeil_mcb_4357_board_lib.a(uart_18xx_43xx.o)
 .text.Chip_UART_DetermineClk
                0x1a003b00       0x5c D:\_RTP-Lab\PingPong_IDE_2023_04\eclipse_s\keil_mcb_4357_board_lib\Debug\libkeil_mcb_4357_board_lib.a(uart_18xx_43xx.o)
 .text.Chip_UART_Init
                0x1a003b5c       0x40 D:\_RTP-Lab\PingPong_IDE_2023_04\eclipse_s\keil_mcb_4357_board_lib\Debug\libkeil_mcb_4357_board_lib.a(uart_18xx_43xx.o)
                0x1a003b5c                Chip_UART_Init
 .text.Chip_UART_SetBaud
                0x1a003b9c       0x30 D:\_RTP-Lab\PingPong_IDE_2023_04\eclipse_s\keil_mcb_4357_board_lib\Debug\libkeil_mcb_4357_board_lib.a(uart_18xx_43xx.o)
                0x1a003b9c                Chip_UART_SetBaud
 .text.Chip_UART_TxCmd
                0x1a003bcc       0x2c D:\_RTP-Lab\PingPong_IDE_2023_04\eclipse_s\keil_mcb_4357_board_lib\Debug\libkeil_mcb_4357_board_lib.a(uart_18xx_43xx.o)
                0x1a003bcc                Chip_UART_TxCmd
 .text.Chip_UART_InitRingBuffer
                0x1a003bf8       0x58 D:\_RTP-Lab\PingPong_IDE_2023_04\eclipse_s\keil_mcb_4357_board_lib\Debug\libkeil_mcb_4357_board_lib.a(uart_18xx_43xx.o)
                0x1a003bf8                Chip_UART_InitRingBuffer
 .text.EMC_TimingParamConvert
                0x1a003c50       0x7c D:\_RTP-Lab\PingPong_IDE_2023_04\eclipse_s\keil_mcb_4357_board_lib\Debug\libkeil_mcb_4357_board_lib.a(emc_001.o)
 .text.EMC_GetColsLen
                0x1a003ccc       0x5c D:\_RTP-Lab\PingPong_IDE_2023_04\eclipse_s\keil_mcb_4357_board_lib\Debug\libkeil_mcb_4357_board_lib.a(emc_001.o)
 .text.IP_EMC_Dynamic_Init
                0x1a003d28      0x2f0 D:\_RTP-Lab\PingPong_IDE_2023_04\eclipse_s\keil_mcb_4357_board_lib\Debug\libkeil_mcb_4357_board_lib.a(emc_001.o)
                0x1a003d28                IP_EMC_Dynamic_Init
 .text.IP_EMC_Static_Init
                0x1a004018       0xc0 D:\_RTP-Lab\PingPong_IDE_2023_04\eclipse_s\keil_mcb_4357_board_lib\Debug\libkeil_mcb_4357_board_lib.a(emc_001.o)
                0x1a004018                IP_EMC_Static_Init
 .text.IP_EMC_Init
                0x1a0040d8       0x50 D:\_RTP-Lab\PingPong_IDE_2023_04\eclipse_s\keil_mcb_4357_board_lib\Debug\libkeil_mcb_4357_board_lib.a(emc_001.o)
                0x1a0040d8                IP_EMC_Init
 .text.fpuInit  0x1a004128       0x84 D:\_RTP-Lab\PingPong_IDE_2023_04\eclipse_s\keil_mcb_4357_board_lib\Debug\libkeil_mcb_4357_board_lib.a(fpu_init.o)
                0x1a004128                fpuInit
 .text.IP_TIMER_Reset
                0x1a0041ac       0x40 D:\_RTP-Lab\PingPong_IDE_2023_04\eclipse_s\keil_mcb_4357_board_lib\Debug\libkeil_mcb_4357_board_lib.a(timer_001.o)
                0x1a0041ac                IP_TIMER_Reset
 .text.IP_UART_Init
                0x1a0041ec       0xc0 D:\_RTP-Lab\PingPong_IDE_2023_04\eclipse_s\keil_mcb_4357_board_lib\Debug\libkeil_mcb_4357_board_lib.a(usart_001.o)
                0x1a0041ec                IP_UART_Init
 .text.IP_UART_SetBaud
                0x1a0042ac      0x21c D:\_RTP-Lab\PingPong_IDE_2023_04\eclipse_s\keil_mcb_4357_board_lib\Debug\libkeil_mcb_4357_board_lib.a(usart_001.o)
                0x1a0042ac                IP_UART_SetBaud
 .text.IP_UART_ConfigData
                0x1a0044c8       0x40 D:\_RTP-Lab\PingPong_IDE_2023_04\eclipse_s\keil_mcb_4357_board_lib\Debug\libkeil_mcb_4357_board_lib.a(usart_001.o)
                0x1a0044c8                IP_UART_ConfigData
 .text.IP_UART_SendByte
                0x1a004508       0x34 D:\_RTP-Lab\PingPong_IDE_2023_04\eclipse_s\keil_mcb_4357_board_lib\Debug\libkeil_mcb_4357_board_lib.a(usart_001.o)
                0x1a004508                IP_UART_SendByte
 .text.IP_UART_ReceiveByte
                0x1a00453c       0x38 D:\_RTP-Lab\PingPong_IDE_2023_04\eclipse_s\keil_mcb_4357_board_lib\Debug\libkeil_mcb_4357_board_lib.a(usart_001.o)
                0x1a00453c                IP_UART_ReceiveByte
 .text.IP_UART_Receive
                0x1a004574       0xbc D:\_RTP-Lab\PingPong_IDE_2023_04\eclipse_s\keil_mcb_4357_board_lib\Debug\libkeil_mcb_4357_board_lib.a(usart_001.o)
                0x1a004574                IP_UART_Receive
 .text.IP_UART_IntConfig
                0x1a004630       0xac D:\_RTP-Lab\PingPong_IDE_2023_04\eclipse_s\keil_mcb_4357_board_lib\Debug\libkeil_mcb_4357_board_lib.a(usart_001.o)
                0x1a004630                IP_UART_IntConfig
 .text.IP_UART_TxCmd
                0x1a0046dc       0x74 D:\_RTP-Lab\PingPong_IDE_2023_04\eclipse_s\keil_mcb_4357_board_lib\Debug\libkeil_mcb_4357_board_lib.a(usart_001.o)
                0x1a0046dc                IP_UART_TxCmd
 .text          0x1a004750       0x24 d:/programme/gnu_tools_arm/4.7_2013q2/bin/../lib/gcc/arm-none-eabi/4.7.4/armv7e-m\libgcc.a(_udivsi3.o)
                0x1a004750                __aeabi_uidiv
                0x1a004750                __udivsi3
                0x1a004764                __aeabi_uidivmod
 .text          0x1a004774        0x4 d:/programme/gnu_tools_arm/4.7_2013q2/bin/../lib/gcc/arm-none-eabi/4.7.4/armv7e-m\libgcc.a(_dvmd_tls.o)
                0x1a004774                __aeabi_idiv0
                0x1a004774                __aeabi_ldiv0
 .text          0x1a004778       0x2c d:/programme/gnu_tools_arm/4.7_2013q2/bin/../lib/gcc/arm-none-eabi/4.7.4/armv7e-m\libgcc.a(_aeabi_uldivmod.o)
                0x1a004778                __aeabi_uldivmod
 .text          0x1a0047a4       0x58 d:/programme/gnu_tools_arm/4.7_2013q2/bin/../lib/gcc/arm-none-eabi/4.7.4/armv7e-m\libgcc.a(bpabi.o)
                0x1a0047a4                __gnu_ldivmod_helper
                0x1a0047d0                __gnu_uldivmod_helper
 .text          0x1a0047fc      0x2bc d:/programme/gnu_tools_arm/4.7_2013q2/bin/../lib/gcc/arm-none-eabi/4.7.4/armv7e-m\libgcc.a(_divdi3.o)
                0x1a0047fc                __divdi3
 .text          0x1a004ab8      0x288 d:/programme/gnu_tools_arm/4.7_2013q2/bin/../lib/gcc/arm-none-eabi/4.7.4/armv7e-m\libgcc.a(_udivdi3.o)
                0x1a004ab8                __udivdi3
 *(.rodata .rodata.*)
 .rodata.str1.1
                0x1a004d40       0x17 FreeRTOS\Source\tasks.o
                                 0x1a (size before relaxing)
 .rodata.str1.1
                0x1a004d57       0x65 base_app\dia_comm4.o
 .rodata.str1.1
                0x1a004dbc        0x7 common\ipc_app.o
 *fill*         0x1a004dc3        0x1 00
 .rodata        0x1a004dc4      0x10c common\ipc_msg.o
 .rodata.str1.1
                0x1a004ed0        0x7 common\printf-stdarg.o
 .rodata.str1.1
                0x1a004ed7       0x42 common\supervision.o
 .rodata.proj_ID
                0x1a004f19        0x9 src\app.o
                0x1a004f19                proj_ID
 .rodata.proj_Auth
                0x1a004f22        0xe src\app.o
                0x1a004f22                proj_Auth
 .rodata.str1.1
                0x1a004f30       0x43 src\main.o
 .rodata.IDstr  0x1a004f73       0x2c src\main.o
                0x1a004f73                IDstr
 *fill*         0x1a004f9f        0x1 00
 .rodata.ledports
                0x1a004fa0        0x8 D:\_RTP-Lab\PingPong_IDE_2023_04\eclipse_s\keil_mcb_4357_board_lib\Debug\libkeil_mcb_4357_board_lib.a(board_keil_mcb_18574357.o)
 .rodata.ledbits
                0x1a004fa8        0x8 D:\_RTP-Lab\PingPong_IDE_2023_04\eclipse_s\keil_mcb_4357_board_lib\Debug\libkeil_mcb_4357_board_lib.a(board_keil_mcb_18574357.o)
 .rodata.InitClkStates
                0x1a004fb0       0x58 D:\_RTP-Lab\PingPong_IDE_2023_04\eclipse_s\keil_mcb_4357_board_lib\Debug\libkeil_mcb_4357_board_lib.a(sysinit_keil_mcb_18574357.o)
 .rodata.spifipinmuxing
                0x1a005008       0x18 D:\_RTP-Lab\PingPong_IDE_2023_04\eclipse_s\keil_mcb_4357_board_lib\Debug\libkeil_mcb_4357_board_lib.a(sysinit_keil_mcb_18574357.o)
 .rodata.usbPLLSetup
                0x1a005020       0x10 D:\_RTP-Lab\PingPong_IDE_2023_04\eclipse_s\keil_mcb_4357_board_lib\Debug\libkeil_mcb_4357_board_lib.a(sysinit_keil_mcb_18574357.o)
 .rodata.pinmuxing
                0x1a005030      0x1f0 D:\_RTP-Lab\PingPong_IDE_2023_04\eclipse_s\keil_mcb_4357_board_lib\Debug\libkeil_mcb_4357_board_lib.a(sysinit_keil_mcb_18574357.o)
 .rodata.pinclockmuxing
                0x1a005220       0x10 D:\_RTP-Lab\PingPong_IDE_2023_04\eclipse_s\keil_mcb_4357_board_lib\Debug\libkeil_mcb_4357_board_lib.a(sysinit_keil_mcb_18574357.o)
 .rodata.MT48LC4M32_config
                0x1a005230       0x74 D:\_RTP-Lab\PingPong_IDE_2023_04\eclipse_s\keil_mcb_4357_board_lib\Debug\libkeil_mcb_4357_board_lib.a(sysinit_keil_mcb_18574357.o)
 .rodata.S29GL64N90_config
                0x1a0052a4       0x20 D:\_RTP-Lab\PingPong_IDE_2023_04\eclipse_s\keil_mcb_4357_board_lib\Debug\libkeil_mcb_4357_board_lib.a(sysinit_keil_mcb_18574357.o)
 .rodata.periph_to_base
                0x1a0052c4       0x18 D:\_RTP-Lab\PingPong_IDE_2023_04\eclipse_s\keil_mcb_4357_board_lib\Debug\libkeil_mcb_4357_board_lib.a(clock_18xx_43xx.o)
 .rodata        0x1a0052dc        0x4 D:\_RTP-Lab\PingPong_IDE_2023_04\eclipse_s\keil_mcb_4357_board_lib\Debug\libkeil_mcb_4357_board_lib.a(clock_18xx_43xx.o)
                0x1a0052e0                . = ALIGN (0x4)

.glue_7         0x1a0052e0        0x0
 .glue_7        0x00000000        0x0 linker stubs

.glue_7t        0x1a0052e0        0x0
 .glue_7t       0x00000000        0x0 linker stubs

.vfp11_veneer   0x1a0052e0        0x0
 .vfp11_veneer  0x00000000        0x0 linker stubs

.v4_bx          0x1a0052e0        0x0
 .v4_bx         0x00000000        0x0 linker stubs

.iplt           0x1a0052e0        0x0
 .iplt          0x00000000        0x0 FreeRTOS\Source\list.o

.ARM.extab      0x1a0052e0        0x0
 *(.ARM.extab* .gnu.linkonce.armextab.*)
 .ARM.extab     0x1a0052e0        0x0 d:/programme/gnu_tools_arm/4.7_2013q2/bin/../lib/gcc/arm-none-eabi/4.7.4/armv7e-m\libgcc.a(_divdi3.o)
 .ARM.extab     0x1a0052e0        0x0 d:/programme/gnu_tools_arm/4.7_2013q2/bin/../lib/gcc/arm-none-eabi/4.7.4/armv7e-m\libgcc.a(_udivdi3.o)
                0x1a0052e0                __exidx_start = .

.ARM.exidx      0x1a0052e0        0x8
 *(.ARM.exidx* .gnu.linkonce.armexidx.*)
 .ARM.exidx     0x1a0052e0        0x8 d:/programme/gnu_tools_arm/4.7_2013q2/bin/../lib/gcc/arm-none-eabi/4.7.4/armv7e-m\libgcc.a(_divdi3.o)
 .ARM.exidx     0x1a0052e8        0x0 d:/programme/gnu_tools_arm/4.7_2013q2/bin/../lib/gcc/arm-none-eabi/4.7.4/armv7e-m\libgcc.a(_udivdi3.o)
                                  0x8 (size before relaxing)
                0x1a0052e8                __exidx_end = .
                0x1a0052e8                _etext = .

.rel.dyn        0x1a0052e8        0x0
 .rel.iplt      0x00000000        0x0 FreeRTOS\Source\list.o

.data_RAM2      0x10000000        0x0 load address 0x1a0052e8
 FILL mask 0xff
 *(.data.$RAM2*)
 *(.data.$RamLoc40*)
                0x10000000                . = ALIGN (0x4)

.data_RAM3      0x20004000        0x0 load address 0x1a0052e8
 FILL mask 0xff
 *(.data.$RAM3*)
 *(.data.$RamAHB32*)
                0x20004000                . = ALIGN (0x4)

.data_RAM4      0x20002000        0x0 load address 0x1a0052e8
 FILL mask 0xff
 *(.data.$RAM4*)
 *(.data.$RamAHB16*)
                0x20002000                . = ALIGN (0x4)

.uninit_RESERVED
                0x10000000        0x0
 *(.bss.$RESERVED*)
                0x10000000                . = ALIGN (0x4)
                0x10000000                _end_uninit_RESERVED = .

.data           0x10000000       0x90 load address 0x1a0052e8
 FILL mask 0xff
                0x10000000                _data = .
 *(vtable)
 *(.data*)
 .data.uxCriticalNesting
                0x10000000        0x4 FreeRTOS\Source\portable\GCC\ARM_CM4F\port.o
 .data.xFreeBytesRemaining
                0x10000004        0x4 FreeRTOS\Source\portable\MemMang\heap_2.o
 .data.xNextTaskUnblockTime
                0x10000008        0x4 FreeRTOS\Source\tasks.o
 .data.delim    0x1000000c        0x3 base_app\dia_comm4.o
                0x1000000c                delim
 *fill*         0x1000000f        0x1 00
 .data.qrd      0x10000010        0x4 common\ipc_msg.o
 .data.qwr      0x10000014        0x4 common\ipc_msg.o
 .data.delay1   0x10000018        0x2 src\PingPong.o
                0x10000018                delay1
 .data.delay2   0x1000001a        0x2 src\PingPong.o
                0x1000001a                delay2
 .data.fs_Hz    0x1000001c        0x2 src\app.o
                0x1000001c                fs_Hz
 *fill*         0x1000001e        0x2 00
 .data.app_struct
                0x10000020       0x68 src\app.o
                0x10000020                app_struct
 .data.Ts_ns    0x10000088        0x4 src\app.o
                0x10000088                Ts_ns
 .data.fg1_Hz   0x1000008c        0x2 src\main.o
                0x1000008c                fg1_Hz
                0x10000090                . = ALIGN (0x4)
 *fill*         0x1000008e        0x2 ff
                0x10000090                _edata = .

.igot.plt       0x10000090        0x0 load address 0x1a005378
 .igot.plt      0x00000000        0x0 FreeRTOS\Source\list.o

.bss            0x10000090     0x3fd0 load address 0x1a005378
                0x10000090                _bss = .
 *(.bss*)
 .bss.xHeap     0x10000090     0x2000 FreeRTOS\Source\portable\MemMang\heap_2.o
 .bss.xStart    0x10002090        0x8 FreeRTOS\Source\portable\MemMang\heap_2.o
 .bss.xHeapHasBeenInitialised.10234
                0x10002098        0x4 FreeRTOS\Source\portable\MemMang\heap_2.o
 .bss.xEnd      0x1000209c        0x8 FreeRTOS\Source\portable\MemMang\heap_2.o
 .bss.uxMissedTicks
                0x100020a4        0x4 FreeRTOS\Source\tasks.o
 .bss.xSuspendedTaskList
                0x100020a8       0x14 FreeRTOS\Source\tasks.o
 .bss.pxDelayedTaskList
                0x100020bc        0x4 FreeRTOS\Source\tasks.o
 .bss.xSchedulerRunning
                0x100020c0        0x4 FreeRTOS\Source\tasks.o
 .bss.uxTasksDeleted
                0x100020c4        0x4 FreeRTOS\Source\tasks.o
 .bss.xTasksWaitingTermination
                0x100020c8       0x14 FreeRTOS\Source\tasks.o
 .bss.xDelayedTaskList2
                0x100020dc       0x14 FreeRTOS\Source\tasks.o
 .bss.uxSchedulerSuspended
                0x100020f0        0x4 FreeRTOS\Source\tasks.o
 .bss.pxReadyTasksLists
                0x100020f4      0x140 FreeRTOS\Source\tasks.o
 .bss.xNumOfOverflows
                0x10002234        0x4 FreeRTOS\Source\tasks.o
 .bss.pxCurrentTCB
                0x10002238        0x4 FreeRTOS\Source\tasks.o
                0x10002238                pxCurrentTCB
 .bss.xPendingReadyList
                0x1000223c       0x14 FreeRTOS\Source\tasks.o
 .bss.xTickCount
                0x10002250        0x4 FreeRTOS\Source\tasks.o
 .bss.pxOverflowDelayedTaskList
                0x10002254        0x4 FreeRTOS\Source\tasks.o
 .bss.uxTopReadyPriority
                0x10002258        0x4 FreeRTOS\Source\tasks.o
 .bss.uxTaskNumber
                0x1000225c        0x4 FreeRTOS\Source\tasks.o
 .bss.xDelayedTaskList1
                0x10002260       0x14 FreeRTOS\Source\tasks.o
 .bss.xMissedYield
                0x10002274        0x4 FreeRTOS\Source\tasks.o
 .bss.uxCurrentNumberOfTasks
                0x10002278        0x4 FreeRTOS\Source\tasks.o
 .bss.uxTopUsedPriority
                0x1000227c        0x4 FreeRTOS\Source\tasks.o
 .bss.comm_obj_state
                0x10002280        0x2 base_app\dia_comm4.o
                0x10002280                comm_obj_state
 .bss.comm_analyze_command_working
                0x10002282        0x2 base_app\dia_comm4.o
                0x10002282                comm_analyze_command_working
 .bss._nrxbuf   0x10002284        0x2 base_app\dia_comm4.o
                0x10002284                _nrxbuf
 *fill*         0x10002286        0x2 00
 .bss.ipcex_queue
                0x10002288     0x1000 common\ipc_app.o
 .bss.ipcex_callback_lookup
                0x10003288       0x50 common\ipc_app.o
 .bss.event_tx  0x100032d8        0x4 common\ipc_msg.o
 .bss.event_rx  0x100032dc        0x4 common\ipc_msg.o
 .bss.pst       0x100032e0        0x4 common\supervision.o
                0x100032e0                pst
 .bss.memorizeInput.5195
                0x100032e4        0x4 common\ws_strfun.o
 .bss.count     0x100032e8        0x2 src\PingPong.o
                0x100032e8                count
 .bss.count_print
                0x100032ea        0x2 src\PingPong.o
                0x100032ea                count_print
 .bss.pdm_inf   0x100032ec        0x4 src\app.o
                0x100032ec                pdm_inf
 .bss.pdm       0x100032f0        0x4 src\app.o
                0x100032f0                pdm
 .bss.b_app_init
                0x100032f4        0x1 src\app.o
                0x100032f4                b_app_init
 *fill*         0x100032f5        0x3 00
 .bss.t_ts      0x100032f8        0x4 src\app.o
                0x100032f8                t_ts
 .bss.b_pointers_init
                0x100032fc        0x1 src\app.o
                0x100032fc                b_pointers_init
 .bss.LEDStates
                0x100032fd        0x1 D:\_RTP-Lab\PingPong_IDE_2023_04\eclipse_s\keil_mcb_4357_board_lib\Debug\libkeil_mcb_4357_board_lib.a(board_keil_mcb_18574357.o)
 .bss.On.10007  0x100032fe        0x1 D:\_RTP-Lab\PingPong_IDE_2023_04\eclipse_s\keil_mcb_4357_board_lib\Debug\libkeil_mcb_4357_board_lib.a(board_keil_mcb_18574357.o)
 *fill*         0x100032ff        0x1 00
 .bss.rb        0x10003300      0x210 D:\_RTP-Lab\PingPong_IDE_2023_04\eclipse_s\keil_mcb_4357_board_lib\Debug\libkeil_mcb_4357_board_lib.a(uart_18xx_43xx.o)
 .bss.TxIntStat
                0x10003510        0x1 D:\_RTP-Lab\PingPong_IDE_2023_04\eclipse_s\keil_mcb_4357_board_lib\Debug\libkeil_mcb_4357_board_lib.a(uart_18xx_43xx.o)
 *(COMMON)
 *fill*         0x10003511        0x3 00
 COMMON         0x10003514      0x484 base_app\dia_comm4.o
                0x10003514                txt
                0x10003594                semDIAC
                0x10003598                _rxbuf
 COMMON         0x10003998        0x4 common\ipc_app.o
                0x10003998                semIPC_dispatch
 COMMON         0x1000399c       0x20 common\printf-stdarg.o
                0x1000399c                print_buf
 COMMON         0x100039bc       0x50 common\supervision.o
                0x100039bc                hTasksM4
                0x10003a08                idle_tick_count
 COMMON         0x10003a0c        0x8 src\PingPong.o
                0x10003a0c                semPing
                0x10003a10                semPong
 COMMON         0x10003a14      0x440 src\main.o
                0x10003a14                _d_1
                0x10003a34                _d
                0x10003a54                _db
 COMMON         0x10003e54        0xc D:\_RTP-Lab\PingPong_IDE_2023_04\eclipse_s\keil_mcb_4357_board_lib\Debug\libkeil_mcb_4357_board_lib.a(board_keil_mcb_18574357.o)
                0x10003e54                g_isNewPenDn
                0x10003e58                SystemCoreClock
                0x10003e5c                g_isPenDn
                0x10003e60                . = ALIGN (0x4)
 *(.bss.$RAM2*)
 *(.bss.$RAM3*)
 *(.bss.$RAM4*)
                0x10003e60                _ebss = .
                0x10003e60                end = .
 *(STACK)
 STACK          0x10003e60      0x200 startup_code\cr_startup_lpc18xx43xx.o
                0x10003e60                __vStack
                0x10004060                _vStackTop = .

.bss_SHMEM      0x20000000       0x40
 *(.shmem_0x20000000)
 .shmem_0x20000000
                0x20000000       0x20 common\ipc_msg.o
                0x20000000                queue_m0
 *(.shmem_0x20000020)
 .shmem_0x20000020
                0x20000020       0x20 common\ipc_msg.o
                0x20000020                queue_m4
 *(.bss.$RamAHB32*)
                0x20000040                . = ALIGN (0x4)

.bss_RAM4       0x20002000        0x0
 *(.shmem_0x20002000)
                0x20002000                . = ALIGN (0x4)

.bss_ETH        0x20004000     0x4000
 mem*.o(.bss*)
                0x20004000                _pvHeapStart = .
 *(HEAP)
 HEAP           0x20004000     0x4000 startup_code\cr_startup_lpc18xx43xx.o
                0x20004000                __vHeap
START GROUP
LOAD d:/programme/gnu_tools_arm/4.7_2013q2/bin/../lib/gcc/arm-none-eabi/4.7.4/../../../../arm-none-eabi/lib/armv7e-m\librdimon.a
LOAD d:/programme/gnu_tools_arm/4.7_2013q2/bin/../lib/gcc/arm-none-eabi/4.7.4/armv7e-m\libgcc.a
LOAD d:/programme/gnu_tools_arm/4.7_2013q2/bin/../lib/gcc/arm-none-eabi/4.7.4/../../../../arm-none-eabi/lib/armv7e-m\libc.a
END GROUP
OUTPUT(RTP_PingPong_M4.elf elf32-littlearm)

.debug_info     0x00000000    0x17ab6
 .debug_info    0x00000000      0x2e4 FreeRTOS\Source\list.o
 .debug_info    0x000002e4      0x7a1 FreeRTOS\Source\portable\GCC\ARM_CM4F\port.o
 .debug_info    0x00000a85      0x7e0 FreeRTOS\Source\portable\MemMang\heap_2.o
 .debug_info    0x00001265     0x166a FreeRTOS\Source\queue.o
 .debug_info    0x000028cf     0x2041 FreeRTOS\Source\tasks.o
 .debug_info    0x00004910      0xd2a base_app\dia_comm4.o
 .debug_info    0x0000563a      0xdcb base_app\uart.o
 .debug_info    0x00006405      0xa3a common\ipc_app.o
 .debug_info    0x00006e3f      0xfa7 common\ipc_msg.o
 .debug_info    0x00007de6      0x731 common\m0_ImageLoader.o
 .debug_info    0x00008517      0x57c common\printf-stdarg.o
 .debug_info    0x00008a93      0xce1 common\supervision.o
 .debug_info    0x00009774      0xb58 common\ws_strfun.o
 .debug_info    0x0000a2cc      0x29f freertoslpc\FreeRTOSCommonHooks.o
 .debug_info    0x0000a56b      0xe7a src\PingPong.o
 .debug_info    0x0000b3e5     0x18be src\app.o
 .debug_info    0x0000cca3     0x1d55 src\main.o
 .debug_info    0x0000e9f8      0x85b startup_code\cr_startup_lpc18xx43xx.o
 .debug_info    0x0000f253     0x285a D:\_RTP-Lab\PingPong_IDE_2023_04\eclipse_s\keil_mcb_4357_board_lib\Debug\libkeil_mcb_4357_board_lib.a(board_keil_mcb_18574357.o)
 .debug_info    0x00011aad     0x12c1 D:\_RTP-Lab\PingPong_IDE_2023_04\eclipse_s\keil_mcb_4357_board_lib\Debug\libkeil_mcb_4357_board_lib.a(sysinit_keil_mcb_18574357.o)
 .debug_info    0x00012d6e     0x11aa D:\_RTP-Lab\PingPong_IDE_2023_04\eclipse_s\keil_mcb_4357_board_lib\Debug\libkeil_mcb_4357_board_lib.a(clock_18xx_43xx.o)
 .debug_info    0x00013f18      0xc12 D:\_RTP-Lab\PingPong_IDE_2023_04\eclipse_s\keil_mcb_4357_board_lib\Debug\libkeil_mcb_4357_board_lib.a(emc_18xx_43xx.o)
 .debug_info    0x00014b2a      0x3d7 D:\_RTP-Lab\PingPong_IDE_2023_04\eclipse_s\keil_mcb_4357_board_lib\Debug\libkeil_mcb_4357_board_lib.a(rgu_18xx_43xx.o)
 .debug_info    0x00014f01      0x443 D:\_RTP-Lab\PingPong_IDE_2023_04\eclipse_s\keil_mcb_4357_board_lib\Debug\libkeil_mcb_4357_board_lib.a(timer_18xx_43xx.o)
 .debug_info    0x00015344      0xe47 D:\_RTP-Lab\PingPong_IDE_2023_04\eclipse_s\keil_mcb_4357_board_lib\Debug\libkeil_mcb_4357_board_lib.a(uart_18xx_43xx.o)
 .debug_info    0x0001618b      0xa1b D:\_RTP-Lab\PingPong_IDE_2023_04\eclipse_s\keil_mcb_4357_board_lib\Debug\libkeil_mcb_4357_board_lib.a(emc_001.o)
 .debug_info    0x00016ba6      0x10e D:\_RTP-Lab\PingPong_IDE_2023_04\eclipse_s\keil_mcb_4357_board_lib\Debug\libkeil_mcb_4357_board_lib.a(fpu_init.o)
 .debug_info    0x00016cb4      0x2de D:\_RTP-Lab\PingPong_IDE_2023_04\eclipse_s\keil_mcb_4357_board_lib\Debug\libkeil_mcb_4357_board_lib.a(timer_001.o)
 .debug_info    0x00016f92      0xb24 D:\_RTP-Lab\PingPong_IDE_2023_04\eclipse_s\keil_mcb_4357_board_lib\Debug\libkeil_mcb_4357_board_lib.a(usart_001.o)

.debug_abbrev   0x00000000     0x41af
 .debug_abbrev  0x00000000      0x10e FreeRTOS\Source\list.o
 .debug_abbrev  0x0000010e      0x217 FreeRTOS\Source\portable\GCC\ARM_CM4F\port.o
 .debug_abbrev  0x00000325      0x1e8 FreeRTOS\Source\portable\MemMang\heap_2.o
 .debug_abbrev  0x0000050d      0x300 FreeRTOS\Source\queue.o
 .debug_abbrev  0x0000080d      0x3ac FreeRTOS\Source\tasks.o
 .debug_abbrev  0x00000bb9      0x2df base_app\dia_comm4.o
 .debug_abbrev  0x00000e98      0x301 base_app\uart.o
 .debug_abbrev  0x00001199      0x293 common\ipc_app.o
 .debug_abbrev  0x0000142c      0x278 common\ipc_msg.o
 .debug_abbrev  0x000016a4      0x17e common\m0_ImageLoader.o
 .debug_abbrev  0x00001822      0x210 common\printf-stdarg.o
 .debug_abbrev  0x00001a32      0x2ec common\supervision.o
 .debug_abbrev  0x00001d1e      0x314 common\ws_strfun.o
 .debug_abbrev  0x00002032      0x1ad freertoslpc\FreeRTOSCommonHooks.o
 .debug_abbrev  0x000021df      0x24d src\PingPong.o
 .debug_abbrev  0x0000242c      0x44f src\app.o
 .debug_abbrev  0x0000287b      0x434 src\main.o
 .debug_abbrev  0x00002caf      0x1a5 startup_code\cr_startup_lpc18xx43xx.o
 .debug_abbrev  0x00002e54      0x3f6 D:\_RTP-Lab\PingPong_IDE_2023_04\eclipse_s\keil_mcb_4357_board_lib\Debug\libkeil_mcb_4357_board_lib.a(board_keil_mcb_18574357.o)
 .debug_abbrev  0x0000324a      0x1d7 D:\_RTP-Lab\PingPong_IDE_2023_04\eclipse_s\keil_mcb_4357_board_lib\Debug\libkeil_mcb_4357_board_lib.a(sysinit_keil_mcb_18574357.o)
 .debug_abbrev  0x00003421      0x276 D:\_RTP-Lab\PingPong_IDE_2023_04\eclipse_s\keil_mcb_4357_board_lib\Debug\libkeil_mcb_4357_board_lib.a(clock_18xx_43xx.o)
 .debug_abbrev  0x00003697      0x130 D:\_RTP-Lab\PingPong_IDE_2023_04\eclipse_s\keil_mcb_4357_board_lib\Debug\libkeil_mcb_4357_board_lib.a(emc_18xx_43xx.o)
 .debug_abbrev  0x000037c7      0x10d D:\_RTP-Lab\PingPong_IDE_2023_04\eclipse_s\keil_mcb_4357_board_lib\Debug\libkeil_mcb_4357_board_lib.a(rgu_18xx_43xx.o)
 .debug_abbrev  0x000038d4      0x10b D:\_RTP-Lab\PingPong_IDE_2023_04\eclipse_s\keil_mcb_4357_board_lib\Debug\libkeil_mcb_4357_board_lib.a(timer_18xx_43xx.o)
 .debug_abbrev  0x000039df      0x28e D:\_RTP-Lab\PingPong_IDE_2023_04\eclipse_s\keil_mcb_4357_board_lib\Debug\libkeil_mcb_4357_board_lib.a(uart_18xx_43xx.o)
 .debug_abbrev  0x00003c6d      0x18f D:\_RTP-Lab\PingPong_IDE_2023_04\eclipse_s\keil_mcb_4357_board_lib\Debug\libkeil_mcb_4357_board_lib.a(emc_001.o)
 .debug_abbrev  0x00003dfc       0x75 D:\_RTP-Lab\PingPong_IDE_2023_04\eclipse_s\keil_mcb_4357_board_lib\Debug\libkeil_mcb_4357_board_lib.a(fpu_init.o)
 .debug_abbrev  0x00003e71       0xfe D:\_RTP-Lab\PingPong_IDE_2023_04\eclipse_s\keil_mcb_4357_board_lib\Debug\libkeil_mcb_4357_board_lib.a(timer_001.o)
 .debug_abbrev  0x00003f6f      0x240 D:\_RTP-Lab\PingPong_IDE_2023_04\eclipse_s\keil_mcb_4357_board_lib\Debug\libkeil_mcb_4357_board_lib.a(usart_001.o)

.debug_loc      0x00000000     0x764f
 .debug_loc     0x00000000       0xf7 FreeRTOS\Source\list.o
 .debug_loc     0x000000f7      0x10c FreeRTOS\Source\portable\GCC\ARM_CM4F\port.o
 .debug_loc     0x00000203      0x232 FreeRTOS\Source\portable\MemMang\heap_2.o
 .debug_loc     0x00000435      0xdf8 FreeRTOS\Source\queue.o
 .debug_loc     0x0000122d      0xffa FreeRTOS\Source\tasks.o
 .debug_loc     0x00002227      0x293 base_app\dia_comm4.o
 .debug_loc     0x000024ba      0x153 base_app\uart.o
 .debug_loc     0x0000260d      0x192 common\ipc_app.o
 .debug_loc     0x0000279f      0x2c8 common\ipc_msg.o
 .debug_loc     0x00002a67       0x6a common\m0_ImageLoader.o
 .debug_loc     0x00002ad1      0x72d common\printf-stdarg.o
 .debug_loc     0x000031fe      0x100 common\supervision.o
 .debug_loc     0x000032fe     0x1301 common\ws_strfun.o
 .debug_loc     0x000045ff       0xc0 freertoslpc\FreeRTOSCommonHooks.o
 .debug_loc     0x000046bf      0x15c src\PingPong.o
 .debug_loc     0x0000481b      0x36b src\app.o
 .debug_loc     0x00004b86      0x466 src\main.o
 .debug_loc     0x00004fec      0x109 startup_code\cr_startup_lpc18xx43xx.o
 .debug_loc     0x000050f5     0x1004 D:\_RTP-Lab\PingPong_IDE_2023_04\eclipse_s\keil_mcb_4357_board_lib\Debug\libkeil_mcb_4357_board_lib.a(board_keil_mcb_18574357.o)
 .debug_loc     0x000060f9      0x1b4 D:\_RTP-Lab\PingPong_IDE_2023_04\eclipse_s\keil_mcb_4357_board_lib\Debug\libkeil_mcb_4357_board_lib.a(sysinit_keil_mcb_18574357.o)
 .debug_loc     0x000062ad      0x6b8 D:\_RTP-Lab\PingPong_IDE_2023_04\eclipse_s\keil_mcb_4357_board_lib\Debug\libkeil_mcb_4357_board_lib.a(clock_18xx_43xx.o)
 .debug_loc     0x00006965       0x70 D:\_RTP-Lab\PingPong_IDE_2023_04\eclipse_s\keil_mcb_4357_board_lib\Debug\libkeil_mcb_4357_board_lib.a(emc_18xx_43xx.o)
 .debug_loc     0x000069d5       0xa8 D:\_RTP-Lab\PingPong_IDE_2023_04\eclipse_s\keil_mcb_4357_board_lib\Debug\libkeil_mcb_4357_board_lib.a(rgu_18xx_43xx.o)
 .debug_loc     0x00006a7d       0xa8 D:\_RTP-Lab\PingPong_IDE_2023_04\eclipse_s\keil_mcb_4357_board_lib\Debug\libkeil_mcb_4357_board_lib.a(timer_18xx_43xx.o)
 .debug_loc     0x00006b25      0x428 D:\_RTP-Lab\PingPong_IDE_2023_04\eclipse_s\keil_mcb_4357_board_lib\Debug\libkeil_mcb_4357_board_lib.a(uart_18xx_43xx.o)
 .debug_loc     0x00006f4d      0x230 D:\_RTP-Lab\PingPong_IDE_2023_04\eclipse_s\keil_mcb_4357_board_lib\Debug\libkeil_mcb_4357_board_lib.a(emc_001.o)
 .debug_loc     0x0000717d       0x38 D:\_RTP-Lab\PingPong_IDE_2023_04\eclipse_s\keil_mcb_4357_board_lib\Debug\libkeil_mcb_4357_board_lib.a(fpu_init.o)
 .debug_loc     0x000071b5       0xa8 D:\_RTP-Lab\PingPong_IDE_2023_04\eclipse_s\keil_mcb_4357_board_lib\Debug\libkeil_mcb_4357_board_lib.a(timer_001.o)
 .debug_loc     0x0000725d      0x3f2 D:\_RTP-Lab\PingPong_IDE_2023_04\eclipse_s\keil_mcb_4357_board_lib\Debug\libkeil_mcb_4357_board_lib.a(usart_001.o)

.debug_aranges  0x00000000      0xe28
 .debug_aranges
                0x00000000       0x40 FreeRTOS\Source\list.o
 .debug_aranges
                0x00000040       0x88 FreeRTOS\Source\portable\GCC\ARM_CM4F\port.o
 .debug_aranges
                0x000000c8       0x38 FreeRTOS\Source\portable\MemMang\heap_2.o
 .debug_aranges
                0x00000100       0xb8 FreeRTOS\Source\queue.o
 .debug_aranges
                0x000001b8      0x128 FreeRTOS\Source\tasks.o
 .debug_aranges
                0x000002e0       0x40 base_app\dia_comm4.o
 .debug_aranges
                0x00000320       0x38 base_app\uart.o
 .debug_aranges
                0x00000358       0x40 common\ipc_app.o
 .debug_aranges
                0x00000398       0x88 common\ipc_msg.o
 .debug_aranges
                0x00000420       0x20 common\m0_ImageLoader.o
 .debug_aranges
                0x00000440       0x58 common\printf-stdarg.o
 .debug_aranges
                0x00000498       0x40 common\supervision.o
 .debug_aranges
                0x000004d8       0xc0 common\ws_strfun.o
 .debug_aranges
                0x00000598       0x40 freertoslpc\FreeRTOSCommonHooks.o
 .debug_aranges
                0x000005d8       0x38 src\PingPong.o
 .debug_aranges
                0x00000610       0xa8 src\app.o
 .debug_aranges
                0x000006b8       0x68 src\main.o
 .debug_aranges
                0x00000720       0x88 startup_code\cr_startup_lpc18xx43xx.o
 .debug_aranges
                0x000007a8      0x278 D:\_RTP-Lab\PingPong_IDE_2023_04\eclipse_s\keil_mcb_4357_board_lib\Debug\libkeil_mcb_4357_board_lib.a(board_keil_mcb_18574357.o)
 .debug_aranges
                0x00000a20       0x58 D:\_RTP-Lab\PingPong_IDE_2023_04\eclipse_s\keil_mcb_4357_board_lib\Debug\libkeil_mcb_4357_board_lib.a(sysinit_keil_mcb_18574357.o)
 .debug_aranges
                0x00000a78      0x118 D:\_RTP-Lab\PingPong_IDE_2023_04\eclipse_s\keil_mcb_4357_board_lib\Debug\libkeil_mcb_4357_board_lib.a(clock_18xx_43xx.o)
 .debug_aranges
                0x00000b90       0x28 D:\_RTP-Lab\PingPong_IDE_2023_04\eclipse_s\keil_mcb_4357_board_lib\Debug\libkeil_mcb_4357_board_lib.a(emc_18xx_43xx.o)
 .debug_aranges
                0x00000bb8       0x30 D:\_RTP-Lab\PingPong_IDE_2023_04\eclipse_s\keil_mcb_4357_board_lib\Debug\libkeil_mcb_4357_board_lib.a(rgu_18xx_43xx.o)
 .debug_aranges
                0x00000be8       0x30 D:\_RTP-Lab\PingPong_IDE_2023_04\eclipse_s\keil_mcb_4357_board_lib\Debug\libkeil_mcb_4357_board_lib.a(timer_18xx_43xx.o)
 .debug_aranges
                0x00000c18       0xb0 D:\_RTP-Lab\PingPong_IDE_2023_04\eclipse_s\keil_mcb_4357_board_lib\Debug\libkeil_mcb_4357_board_lib.a(uart_18xx_43xx.o)
 .debug_aranges
                0x00000cc8       0x68 D:\_RTP-Lab\PingPong_IDE_2023_04\eclipse_s\keil_mcb_4357_board_lib\Debug\libkeil_mcb_4357_board_lib.a(emc_001.o)
 .debug_aranges
                0x00000d30       0x20 D:\_RTP-Lab\PingPong_IDE_2023_04\eclipse_s\keil_mcb_4357_board_lib\Debug\libkeil_mcb_4357_board_lib.a(fpu_init.o)
 .debug_aranges
                0x00000d50       0x30 D:\_RTP-Lab\PingPong_IDE_2023_04\eclipse_s\keil_mcb_4357_board_lib\Debug\libkeil_mcb_4357_board_lib.a(timer_001.o)
 .debug_aranges
                0x00000d80       0xa8 D:\_RTP-Lab\PingPong_IDE_2023_04\eclipse_s\keil_mcb_4357_board_lib\Debug\libkeil_mcb_4357_board_lib.a(usart_001.o)

.debug_ranges   0x00000000     0x12e8
 .debug_ranges  0x00000000       0x30 FreeRTOS\Source\list.o
 .debug_ranges  0x00000030       0x78 FreeRTOS\Source\portable\GCC\ARM_CM4F\port.o
 .debug_ranges  0x000000a8       0x28 FreeRTOS\Source\portable\MemMang\heap_2.o
 .debug_ranges  0x000000d0       0xa8 FreeRTOS\Source\queue.o
 .debug_ranges  0x00000178      0x1b8 FreeRTOS\Source\tasks.o
 .debug_ranges  0x00000330       0x30 base_app\dia_comm4.o
 .debug_ranges  0x00000360       0xc8 base_app\uart.o
 .debug_ranges  0x00000428       0x60 common\ipc_app.o
 .debug_ranges  0x00000488       0x78 common\ipc_msg.o
 .debug_ranges  0x00000500       0x10 common\m0_ImageLoader.o
 .debug_ranges  0x00000510       0x48 common\printf-stdarg.o
 .debug_ranges  0x00000558       0xc0 common\supervision.o
 .debug_ranges  0x00000618      0x118 common\ws_strfun.o
 .debug_ranges  0x00000730       0x30 freertoslpc\FreeRTOSCommonHooks.o
 .debug_ranges  0x00000760      0x108 src\PingPong.o
 .debug_ranges  0x00000868      0x1b0 src\app.o
 .debug_ranges  0x00000a18      0x288 src\main.o
 .debug_ranges  0x00000ca0       0x78 startup_code\cr_startup_lpc18xx43xx.o
 .debug_ranges  0x00000d18      0x268 D:\_RTP-Lab\PingPong_IDE_2023_04\eclipse_s\keil_mcb_4357_board_lib\Debug\libkeil_mcb_4357_board_lib.a(board_keil_mcb_18574357.o)
 .debug_ranges  0x00000f80       0x48 D:\_RTP-Lab\PingPong_IDE_2023_04\eclipse_s\keil_mcb_4357_board_lib\Debug\libkeil_mcb_4357_board_lib.a(sysinit_keil_mcb_18574357.o)
 .debug_ranges  0x00000fc8      0x108 D:\_RTP-Lab\PingPong_IDE_2023_04\eclipse_s\keil_mcb_4357_board_lib\Debug\libkeil_mcb_4357_board_lib.a(clock_18xx_43xx.o)
 .debug_ranges  0x000010d0       0x18 D:\_RTP-Lab\PingPong_IDE_2023_04\eclipse_s\keil_mcb_4357_board_lib\Debug\libkeil_mcb_4357_board_lib.a(emc_18xx_43xx.o)
 .debug_ranges  0x000010e8       0x20 D:\_RTP-Lab\PingPong_IDE_2023_04\eclipse_s\keil_mcb_4357_board_lib\Debug\libkeil_mcb_4357_board_lib.a(rgu_18xx_43xx.o)
 .debug_ranges  0x00001108       0x20 D:\_RTP-Lab\PingPong_IDE_2023_04\eclipse_s\keil_mcb_4357_board_lib\Debug\libkeil_mcb_4357_board_lib.a(timer_18xx_43xx.o)
 .debug_ranges  0x00001128       0xa0 D:\_RTP-Lab\PingPong_IDE_2023_04\eclipse_s\keil_mcb_4357_board_lib\Debug\libkeil_mcb_4357_board_lib.a(uart_18xx_43xx.o)
 .debug_ranges  0x000011c8       0x58 D:\_RTP-Lab\PingPong_IDE_2023_04\eclipse_s\keil_mcb_4357_board_lib\Debug\libkeil_mcb_4357_board_lib.a(emc_001.o)
 .debug_ranges  0x00001220       0x10 D:\_RTP-Lab\PingPong_IDE_2023_04\eclipse_s\keil_mcb_4357_board_lib\Debug\libkeil_mcb_4357_board_lib.a(fpu_init.o)
 .debug_ranges  0x00001230       0x20 D:\_RTP-Lab\PingPong_IDE_2023_04\eclipse_s\keil_mcb_4357_board_lib\Debug\libkeil_mcb_4357_board_lib.a(timer_001.o)
 .debug_ranges  0x00001250       0x98 D:\_RTP-Lab\PingPong_IDE_2023_04\eclipse_s\keil_mcb_4357_board_lib\Debug\libkeil_mcb_4357_board_lib.a(usart_001.o)

.debug_macro    0x00000000     0xeb8e
 .debug_macro   0x00000000      0x4c7 FreeRTOS\Source\list.o
 .debug_macro   0x000004c7      0x820 FreeRTOS\Source\list.o
 .debug_macro   0x00000ce7       0x3a FreeRTOS\Source\list.o
 .debug_macro   0x00000d21       0x10 FreeRTOS\Source\list.o
 .debug_macro   0x00000d31       0x2e FreeRTOS\Source\list.o
 .debug_macro   0x00000d5f       0xa2 FreeRTOS\Source\list.o
 .debug_macro   0x00000e01       0x10 FreeRTOS\Source\list.o
 .debug_macro   0x00000e11      0x100 FreeRTOS\Source\list.o
 .debug_macro   0x00000f11       0x3a FreeRTOS\Source\list.o
 .debug_macro   0x00000f4b       0x52 FreeRTOS\Source\list.o
 .debug_macro   0x00000f9d       0x19 FreeRTOS\Source\list.o
 .debug_macro   0x00000fb6      0x16d FreeRTOS\Source\list.o
 .debug_macro   0x00001123       0x16 FreeRTOS\Source\list.o
 .debug_macro   0x00001139       0x29 FreeRTOS\Source\list.o
 .debug_macro   0x00001162       0x85 FreeRTOS\Source\list.o
 .debug_macro   0x000011e7       0x46 FreeRTOS\Source\list.o
 .debug_macro   0x0000122d       0x46 FreeRTOS\Source\list.o
 .debug_macro   0x00001273      0x214 FreeRTOS\Source\list.o
 .debug_macro   0x00001487       0x22 FreeRTOS\Source\list.o
 .debug_macro   0x000014a9       0x74 FreeRTOS\Source\list.o
 .debug_macro   0x0000151d       0x28 FreeRTOS\Source\list.o
 .debug_macro   0x00001545       0x3b FreeRTOS\Source\list.o
 .debug_macro   0x00001580       0x18 FreeRTOS\Source\list.o
 .debug_macro   0x00001598       0x42 FreeRTOS\Source\list.o
 .debug_macro   0x000015da      0xd39 FreeRTOS\Source\list.o
 .debug_macro   0x00002313       0x76 FreeRTOS\Source\list.o
 .debug_macro   0x00002389      0x129 FreeRTOS\Source\list.o
 .debug_macro   0x000024b2       0x34 FreeRTOS\Source\list.o
 .debug_macro   0x000024e6      0x1ff FreeRTOS\Source\list.o
 .debug_macro   0x000026e5      0x575 FreeRTOS\Source\list.o
 .debug_macro   0x00002c5a       0xa6 FreeRTOS\Source\list.o
 .debug_macro   0x00002d00      0x21d FreeRTOS\Source\list.o
 .debug_macro   0x00002f1d      0x1b8 FreeRTOS\Source\list.o
 .debug_macro   0x000030d5       0x2e FreeRTOS\Source\list.o
 .debug_macro   0x00003103       0x1c FreeRTOS\Source\list.o
 .debug_macro   0x0000311f       0x22 FreeRTOS\Source\list.o
 .debug_macro   0x00003141      0x202 FreeRTOS\Source\list.o
 .debug_macro   0x00003343       0xd2 FreeRTOS\Source\list.o
 .debug_macro   0x00003415      0x2a1 FreeRTOS\Source\list.o
 .debug_macro   0x000036b6       0x94 FreeRTOS\Source\list.o
 .debug_macro   0x0000374a       0x90 FreeRTOS\Source\list.o
 .debug_macro   0x000037da       0x4c FreeRTOS\Source\list.o
 .debug_macro   0x00003826      0x37f FreeRTOS\Source\list.o
 .debug_macro   0x00003ba5       0x34 FreeRTOS\Source\list.o
 .debug_macro   0x00003bd9       0x2e FreeRTOS\Source\list.o
 .debug_macro   0x00003c07      0x2c0 FreeRTOS\Source\list.o
 .debug_macro   0x00003ec7       0x1e FreeRTOS\Source\list.o
 .debug_macro   0x00003ee5      0x112 FreeRTOS\Source\list.o
 .debug_macro   0x00003ff7      0x118 FreeRTOS\Source\list.o
 .debug_macro   0x0000410f       0x16 FreeRTOS\Source\list.o
 .debug_macro   0x00004125       0x32 FreeRTOS\Source\list.o
 .debug_macro   0x00004157       0x16 FreeRTOS\Source\list.o
 .debug_macro   0x0000416d       0x1c FreeRTOS\Source\list.o
 .debug_macro   0x00004189       0x3a FreeRTOS\Source\list.o
 .debug_macro   0x000041c3       0x46 FreeRTOS\Source\list.o
 .debug_macro   0x00004209      0x329 FreeRTOS\Source\list.o
 .debug_macro   0x00004532       0xdc FreeRTOS\Source\list.o
 .debug_macro   0x0000460e       0x1c FreeRTOS\Source\list.o
 .debug_macro   0x0000462a       0x22 FreeRTOS\Source\list.o
 .debug_macro   0x0000464c       0x16 FreeRTOS\Source\list.o
 .debug_macro   0x00004662       0x35 FreeRTOS\Source\list.o
 .debug_macro   0x00004697       0x10 FreeRTOS\Source\list.o
 .debug_macro   0x000046a7       0x10 FreeRTOS\Source\list.o
 .debug_macro   0x000046b7       0x22 FreeRTOS\Source\list.o
 .debug_macro   0x000046d9       0x91 FreeRTOS\Source\list.o
 .debug_macro   0x0000476a       0x16 FreeRTOS\Source\list.o
 .debug_macro   0x00004780      0x16d FreeRTOS\Source\list.o
 .debug_macro   0x000048ed       0x20 FreeRTOS\Source\list.o
 .debug_macro   0x0000490d       0x28 FreeRTOS\Source\list.o
 .debug_macro   0x00004935      0x124 FreeRTOS\Source\list.o
 .debug_macro   0x00004a59      0x160 FreeRTOS\Source\list.o
 .debug_macro   0x00004bb9      0x122 FreeRTOS\Source\list.o
 .debug_macro   0x00004cdb       0xa0 FreeRTOS\Source\list.o
 .debug_macro   0x00004d7b       0x12 FreeRTOS\Source\list.o
 .debug_macro   0x00004d8d       0x1f FreeRTOS\Source\list.o
 .debug_macro   0x00004dac      0x1bd FreeRTOS\Source\list.o
 .debug_macro   0x00004f69       0x5e FreeRTOS\Source\list.o
 .debug_macro   0x00004fc7      0x520 FreeRTOS\Source\portable\GCC\ARM_CM4F\port.o
 .debug_macro   0x000054e7      0x16c FreeRTOS\Source\portable\GCC\ARM_CM4F\port.o
 .debug_macro   0x00005653      0x20e FreeRTOS\Source\portable\GCC\ARM_CM4F\port.o
 .debug_macro   0x00005861       0x10 FreeRTOS\Source\portable\GCC\ARM_CM4F\port.o
 .debug_macro   0x00005871       0x43 FreeRTOS\Source\portable\GCC\ARM_CM4F\port.o
 .debug_macro   0x000058b4       0x57 FreeRTOS\Source\portable\GCC\ARM_CM4F\port.o
 .debug_macro   0x0000590b      0x4f6 FreeRTOS\Source\portable\MemMang\heap_2.o
 .debug_macro   0x00005e01      0x56a FreeRTOS\Source\queue.o
 .debug_macro   0x0000636b       0x10 FreeRTOS\Source\queue.o
 .debug_macro   0x0000637b       0x12 FreeRTOS\Source\queue.o
 .debug_macro   0x0000638d       0x1c FreeRTOS\Source\queue.o
 .debug_macro   0x000063a9      0x573 FreeRTOS\Source\tasks.o
 .debug_macro   0x0000691c       0x89 FreeRTOS\Source\tasks.o
 .debug_macro   0x000069a5       0xf5 FreeRTOS\Source\tasks.o
 .debug_macro   0x00006a9a       0x23 FreeRTOS\Source\tasks.o
 .debug_macro   0x00006abd       0x26 FreeRTOS\Source\tasks.o
 .debug_macro   0x00006ae3       0x5b FreeRTOS\Source\tasks.o
 .debug_macro   0x00006b3e       0x16 FreeRTOS\Source\tasks.o
 .debug_macro   0x00006b54      0x54a base_app\dia_comm4.o
 .debug_macro   0x0000709e       0x96 base_app\dia_comm4.o
 .debug_macro   0x00007134       0x77 base_app\dia_comm4.o
 .debug_macro   0x000071ab       0x1c base_app\dia_comm4.o
 .debug_macro   0x000071c7       0x28 base_app\dia_comm4.o
 .debug_macro   0x000071ef       0xaf base_app\dia_comm4.o
 .debug_macro   0x0000729e       0x89 base_app\dia_comm4.o
 .debug_macro   0x00007327       0x16 base_app\dia_comm4.o
 .debug_macro   0x0000733d       0x16 base_app\dia_comm4.o
 .debug_macro   0x00007353      0x514 base_app\uart.o
 .debug_macro   0x00007867      0x4ef common\ipc_app.o
 .debug_macro   0x00007d56      0x7fc common\ipc_app.o
 .debug_macro   0x00008552       0x3b common\ipc_app.o
 .debug_macro   0x0000858d       0xbf common\ipc_app.o
 .debug_macro   0x0000864c       0x28 common\ipc_app.o
 .debug_macro   0x00008674       0x4e common\ipc_app.o
 .debug_macro   0x000086c2       0x7c common\ipc_app.o
 .debug_macro   0x0000873e      0x512 common\ipc_msg.o
 .debug_macro   0x00008c50      0x7f6 common\ipc_msg.o
 .debug_macro   0x00009446       0x22 common\ipc_msg.o
 .debug_macro   0x00009468       0xb9 common\ipc_msg.o
 .debug_macro   0x00009521      0x128 common\ipc_msg.o
 .debug_macro   0x00009649      0x4bb common\m0_ImageLoader.o
 .debug_macro   0x00009b04       0x32 common\printf-stdarg.o
 .debug_macro   0x00009b36       0x58 common\printf-stdarg.o
 .debug_macro   0x00009b8e      0x507 common\supervision.o
 .debug_macro   0x0000a095       0xa9 common\supervision.o
 .debug_macro   0x0000a13e       0xc5 common\supervision.o
 .debug_macro   0x0000a203       0x76 common\supervision.o
 .debug_macro   0x0000a279      0x10f common\ws_strfun.o
 .debug_macro   0x0000a388      0x1da common\ws_strfun.o
 .debug_macro   0x0000a562      0x168 common\ws_strfun.o
 .debug_macro   0x0000a6ca      0x4b8 freertoslpc\FreeRTOSCommonHooks.o
 .debug_macro   0x0000ab82      0x4f6 src\PingPong.o
 .debug_macro   0x0000b078      0x53b src\app.o
 .debug_macro   0x0000b5b3       0x70 src\app.o
 .debug_macro   0x0000b623      0x55f src\main.o
 .debug_macro   0x0000bb82      0x45d startup_code\cr_startup_lpc18xx43xx.o
 .debug_macro   0x0000bfdf       0x7b startup_code\cr_startup_lpc18xx43xx.o
 .debug_macro   0x0000c05a      0x46b D:\_RTP-Lab\PingPong_IDE_2023_04\eclipse_s\keil_mcb_4357_board_lib\Debug\libkeil_mcb_4357_board_lib.a(board_keil_mcb_18574357.o)
 .debug_macro   0x0000c4c5      0x80e D:\_RTP-Lab\PingPong_IDE_2023_04\eclipse_s\keil_mcb_4357_board_lib\Debug\libkeil_mcb_4357_board_lib.a(board_keil_mcb_18574357.o)
 .debug_macro   0x0000ccd3       0xe2 D:\_RTP-Lab\PingPong_IDE_2023_04\eclipse_s\keil_mcb_4357_board_lib\Debug\libkeil_mcb_4357_board_lib.a(board_keil_mcb_18574357.o)
 .debug_macro   0x0000cdb5       0x12 D:\_RTP-Lab\PingPong_IDE_2023_04\eclipse_s\keil_mcb_4357_board_lib\Debug\libkeil_mcb_4357_board_lib.a(board_keil_mcb_18574357.o)
 .debug_macro   0x0000cdc7      0x43f D:\_RTP-Lab\PingPong_IDE_2023_04\eclipse_s\keil_mcb_4357_board_lib\Debug\libkeil_mcb_4357_board_lib.a(sysinit_keil_mcb_18574357.o)
 .debug_macro   0x0000d206      0x357 D:\_RTP-Lab\PingPong_IDE_2023_04\eclipse_s\keil_mcb_4357_board_lib\Debug\libkeil_mcb_4357_board_lib.a(clock_18xx_43xx.o)
 .debug_macro   0x0000d55d      0x357 D:\_RTP-Lab\PingPong_IDE_2023_04\eclipse_s\keil_mcb_4357_board_lib\Debug\libkeil_mcb_4357_board_lib.a(emc_18xx_43xx.o)
 .debug_macro   0x0000d8b4      0x357 D:\_RTP-Lab\PingPong_IDE_2023_04\eclipse_s\keil_mcb_4357_board_lib\Debug\libkeil_mcb_4357_board_lib.a(rgu_18xx_43xx.o)
 .debug_macro   0x0000dc0b      0x357 D:\_RTP-Lab\PingPong_IDE_2023_04\eclipse_s\keil_mcb_4357_board_lib\Debug\libkeil_mcb_4357_board_lib.a(timer_18xx_43xx.o)
 .debug_macro   0x0000df62      0x357 D:\_RTP-Lab\PingPong_IDE_2023_04\eclipse_s\keil_mcb_4357_board_lib\Debug\libkeil_mcb_4357_board_lib.a(uart_18xx_43xx.o)
 .debug_macro   0x0000e2b9       0xd7 D:\_RTP-Lab\PingPong_IDE_2023_04\eclipse_s\keil_mcb_4357_board_lib\Debug\libkeil_mcb_4357_board_lib.a(emc_001.o)
 .debug_macro   0x0000e390       0x22 D:\_RTP-Lab\PingPong_IDE_2023_04\eclipse_s\keil_mcb_4357_board_lib\Debug\libkeil_mcb_4357_board_lib.a(emc_001.o)
 .debug_macro   0x0000e3b2      0x1f9 D:\_RTP-Lab\PingPong_IDE_2023_04\eclipse_s\keil_mcb_4357_board_lib\Debug\libkeil_mcb_4357_board_lib.a(emc_001.o)
 .debug_macro   0x0000e5ab       0x82 D:\_RTP-Lab\PingPong_IDE_2023_04\eclipse_s\keil_mcb_4357_board_lib\Debug\libkeil_mcb_4357_board_lib.a(fpu_init.o)
 .debug_macro   0x0000e62d       0xd1 D:\_RTP-Lab\PingPong_IDE_2023_04\eclipse_s\keil_mcb_4357_board_lib\Debug\libkeil_mcb_4357_board_lib.a(timer_001.o)
 .debug_macro   0x0000e6fe       0x46 D:\_RTP-Lab\PingPong_IDE_2023_04\eclipse_s\keil_mcb_4357_board_lib\Debug\libkeil_mcb_4357_board_lib.a(timer_001.o)
 .debug_macro   0x0000e744       0xd1 D:\_RTP-Lab\PingPong_IDE_2023_04\eclipse_s\keil_mcb_4357_board_lib\Debug\libkeil_mcb_4357_board_lib.a(usart_001.o)
 .debug_macro   0x0000e815      0x379 D:\_RTP-Lab\PingPong_IDE_2023_04\eclipse_s\keil_mcb_4357_board_lib\Debug\libkeil_mcb_4357_board_lib.a(usart_001.o)

.debug_line     0x00000000    0x12f34
 .debug_line    0x00000000      0xb88 FreeRTOS\Source\list.o
 .debug_line    0x00000b88      0xc19 FreeRTOS\Source\portable\GCC\ARM_CM4F\port.o
 .debug_line    0x000017a1      0xbb8 FreeRTOS\Source\portable\MemMang\heap_2.o
 .debug_line    0x00002359      0xe54 FreeRTOS\Source\queue.o
 .debug_line    0x000031ad     0x10bf FreeRTOS\Source\tasks.o
 .debug_line    0x0000426c      0xccc base_app\dia_comm4.o
 .debug_line    0x00004f38      0xbdf base_app\uart.o
 .debug_line    0x00005b17      0xbd9 common\ipc_app.o
 .debug_line    0x000066f0      0xd28 common\ipc_msg.o
 .debug_line    0x00007418      0x9ce common\m0_ImageLoader.o
 .debug_line    0x00007de6      0x258 common\printf-stdarg.o
 .debug_line    0x0000803e      0xc67 common\supervision.o
 .debug_line    0x00008ca5      0x6d1 common\ws_strfun.o
 .debug_line    0x00009376      0xb62 freertoslpc\FreeRTOSCommonHooks.o
 .debug_line    0x00009ed8      0xc5f src\PingPong.o
 .debug_line    0x0000ab37      0xe6a src\app.o
 .debug_line    0x0000b9a1      0xe79 src\main.o
 .debug_line    0x0000c81a      0xa63 startup_code\cr_startup_lpc18xx43xx.o
 .debug_line    0x0000d27d     0x110f D:\_RTP-Lab\PingPong_IDE_2023_04\eclipse_s\keil_mcb_4357_board_lib\Debug\libkeil_mcb_4357_board_lib.a(board_keil_mcb_18574357.o)
 .debug_line    0x0000e38c      0xa23 D:\_RTP-Lab\PingPong_IDE_2023_04\eclipse_s\keil_mcb_4357_board_lib\Debug\libkeil_mcb_4357_board_lib.a(sysinit_keil_mcb_18574357.o)
 .debug_line    0x0000edaf      0xb80 D:\_RTP-Lab\PingPong_IDE_2023_04\eclipse_s\keil_mcb_4357_board_lib\Debug\libkeil_mcb_4357_board_lib.a(clock_18xx_43xx.o)
 .debug_line    0x0000f92f      0x87c D:\_RTP-Lab\PingPong_IDE_2023_04\eclipse_s\keil_mcb_4357_board_lib\Debug\libkeil_mcb_4357_board_lib.a(emc_18xx_43xx.o)
 .debug_line    0x000101ab      0x87e D:\_RTP-Lab\PingPong_IDE_2023_04\eclipse_s\keil_mcb_4357_board_lib\Debug\libkeil_mcb_4357_board_lib.a(rgu_18xx_43xx.o)
 .debug_line    0x00010a29      0x881 D:\_RTP-Lab\PingPong_IDE_2023_04\eclipse_s\keil_mcb_4357_board_lib\Debug\libkeil_mcb_4357_board_lib.a(timer_18xx_43xx.o)
 .debug_line    0x000112aa      0xa5d D:\_RTP-Lab\PingPong_IDE_2023_04\eclipse_s\keil_mcb_4357_board_lib\Debug\libkeil_mcb_4357_board_lib.a(uart_18xx_43xx.o)
 .debug_line    0x00011d07      0x551 D:\_RTP-Lab\PingPong_IDE_2023_04\eclipse_s\keil_mcb_4357_board_lib\Debug\libkeil_mcb_4357_board_lib.a(emc_001.o)
 .debug_line    0x00012258      0x25b D:\_RTP-Lab\PingPong_IDE_2023_04\eclipse_s\keil_mcb_4357_board_lib\Debug\libkeil_mcb_4357_board_lib.a(fpu_init.o)
 .debug_line    0x000124b3      0x42e D:\_RTP-Lab\PingPong_IDE_2023_04\eclipse_s\keil_mcb_4357_board_lib\Debug\libkeil_mcb_4357_board_lib.a(timer_001.o)
 .debug_line    0x000128e1      0x653 D:\_RTP-Lab\PingPong_IDE_2023_04\eclipse_s\keil_mcb_4357_board_lib\Debug\libkeil_mcb_4357_board_lib.a(usart_001.o)

.debug_str      0x00000000    0x22efe
 .debug_str     0x00000000    0x181ca FreeRTOS\Source\list.o
                              0x183f5 (size before relaxing)
 .debug_str     0x000181ca     0x12ba FreeRTOS\Source\portable\GCC\ARM_CM4F\port.o
                              0x194c9 (size before relaxing)
 .debug_str     0x00019484      0x4ce FreeRTOS\Source\portable\MemMang\heap_2.o
                              0x19492 (size before relaxing)
 .debug_str     0x00019952      0x894 FreeRTOS\Source\queue.o
                              0x19a29 (size before relaxing)
 .debug_str     0x0001a1e6     0x132a FreeRTOS\Source\tasks.o
                              0x1a6b0 (size before relaxing)
 .debug_str     0x0001b510     0x1a4f base_app\dia_comm4.o
                              0x1ab97 (size before relaxing)
 .debug_str     0x0001cf5f      0x82d base_app\uart.o
                              0x1a60a (size before relaxing)
 .debug_str     0x0001d78c      0x9e8 common\ipc_app.o
                              0x1a737 (size before relaxing)
 .debug_str     0x0001e174      0x326 common\ipc_msg.o
                              0x1a315 (size before relaxing)
 .debug_str     0x0001e49a      0x26a common\m0_ImageLoader.o
                              0x1744b (size before relaxing)
 .debug_str     0x0001e704      0x197 common\printf-stdarg.o
                               0x2461 (size before relaxing)
 .debug_str     0x0001e89b      0x14c common\supervision.o
                              0x1ad40 (size before relaxing)
 .debug_str     0x0001e9e7      0xf16 common\ws_strfun.o
                               0x5af1 (size before relaxing)
 .debug_str     0x0001f8fd       0xbf freertoslpc\FreeRTOSCommonHooks.o
                              0x18658 (size before relaxing)
 .debug_str     0x0001f9bc      0x11a src\PingPong.o
                              0x1aa38 (size before relaxing)
 .debug_str     0x0001fad6      0x669 src\app.o
                              0x1b8bf (size before relaxing)
 .debug_str     0x0002013f      0x372 src\main.o
                              0x1b602 (size before relaxing)
 .debug_str     0x000204b1      0x1ef startup_code\cr_startup_lpc18xx43xx.o
                              0x17701 (size before relaxing)
 .debug_str     0x000206a0     0x120e D:\_RTP-Lab\PingPong_IDE_2023_04\eclipse_s\keil_mcb_4357_board_lib\Debug\libkeil_mcb_4357_board_lib.a(board_keil_mcb_18574357.o)
                              0x18a8c (size before relaxing)
 .debug_str     0x000218ae      0x6ac D:\_RTP-Lab\PingPong_IDE_2023_04\eclipse_s\keil_mcb_4357_board_lib\Debug\libkeil_mcb_4357_board_lib.a(sysinit_keil_mcb_18574357.o)
                              0x1793b (size before relaxing)
 .debug_str     0x00021f5a      0x528 D:\_RTP-Lab\PingPong_IDE_2023_04\eclipse_s\keil_mcb_4357_board_lib\Debug\libkeil_mcb_4357_board_lib.a(clock_18xx_43xx.o)
                              0x14922 (size before relaxing)
 .debug_str     0x00022482       0x6f D:\_RTP-Lab\PingPong_IDE_2023_04\eclipse_s\keil_mcb_4357_board_lib\Debug\libkeil_mcb_4357_board_lib.a(emc_18xx_43xx.o)
                              0x141c7 (size before relaxing)
 .debug_str     0x000224f1       0xc8 D:\_RTP-Lab\PingPong_IDE_2023_04\eclipse_s\keil_mcb_4357_board_lib\Debug\libkeil_mcb_4357_board_lib.a(rgu_18xx_43xx.o)
                              0x13c0e (size before relaxing)
 .debug_str     0x000225b9       0x40 D:\_RTP-Lab\PingPong_IDE_2023_04\eclipse_s\keil_mcb_4357_board_lib\Debug\libkeil_mcb_4357_board_lib.a(timer_18xx_43xx.o)
                              0x13cc0 (size before relaxing)
 .debug_str     0x000225f9      0x283 D:\_RTP-Lab\PingPong_IDE_2023_04\eclipse_s\keil_mcb_4357_board_lib\Debug\libkeil_mcb_4357_board_lib.a(uart_18xx_43xx.o)
                              0x146e5 (size before relaxing)
 .debug_str     0x0002287c      0x15d D:\_RTP-Lab\PingPong_IDE_2023_04\eclipse_s\keil_mcb_4357_board_lib\Debug\libkeil_mcb_4357_board_lib.a(emc_001.o)
                               0x9f68 (size before relaxing)
 .debug_str     0x000229d9       0xb4 D:\_RTP-Lab\PingPong_IDE_2023_04\eclipse_s\keil_mcb_4357_board_lib\Debug\libkeil_mcb_4357_board_lib.a(fpu_init.o)
                               0x300b (size before relaxing)
 .debug_str     0x00022a8d      0x18e D:\_RTP-Lab\PingPong_IDE_2023_04\eclipse_s\keil_mcb_4357_board_lib\Debug\libkeil_mcb_4357_board_lib.a(timer_001.o)
                               0x8f10 (size before relaxing)
 .debug_str     0x00022c1b      0x2e3 D:\_RTP-Lab\PingPong_IDE_2023_04\eclipse_s\keil_mcb_4357_board_lib\Debug\libkeil_mcb_4357_board_lib.a(usart_001.o)
                               0xa69b (size before relaxing)

.comment        0x00000000       0x70
 .comment       0x00000000       0x70 FreeRTOS\Source\list.o
                                 0x71 (size before relaxing)
 .comment       0x00000000       0x71 FreeRTOS\Source\portable\GCC\ARM_CM4F\port.o
 .comment       0x00000000       0x71 FreeRTOS\Source\portable\MemMang\heap_2.o
 .comment       0x00000000       0x71 FreeRTOS\Source\queue.o
 .comment       0x00000000       0x71 FreeRTOS\Source\tasks.o
 .comment       0x00000000       0x71 base_app\dia_comm4.o
 .comment       0x00000000       0x71 base_app\uart.o
 .comment       0x00000000       0x71 common\ipc_app.o
 .comment       0x00000000       0x71 common\ipc_msg.o
 .comment       0x00000000       0x71 common\m0_ImageLoader.o
 .comment       0x00000000       0x71 common\printf-stdarg.o
 .comment       0x00000000       0x71 common\supervision.o
 .comment       0x00000000       0x71 common\ws_strfun.o
 .comment       0x00000000       0x71 freertoslpc\FreeRTOSCommonHooks.o
 .comment       0x00000000       0x71 src\PingPong.o
 .comment       0x00000000       0x71 src\app.o
 .comment       0x00000000       0x71 src\main.o
 .comment       0x00000000       0x71 startup_code\cr_startup_lpc18xx43xx.o
 .comment       0x00000000       0x71 D:\_RTP-Lab\PingPong_IDE_2023_04\eclipse_s\keil_mcb_4357_board_lib\Debug\libkeil_mcb_4357_board_lib.a(board_keil_mcb_18574357.o)
 .comment       0x00000000       0x71 D:\_RTP-Lab\PingPong_IDE_2023_04\eclipse_s\keil_mcb_4357_board_lib\Debug\libkeil_mcb_4357_board_lib.a(sysinit_keil_mcb_18574357.o)
 .comment       0x00000000       0x71 D:\_RTP-Lab\PingPong_IDE_2023_04\eclipse_s\keil_mcb_4357_board_lib\Debug\libkeil_mcb_4357_board_lib.a(clock_18xx_43xx.o)
 .comment       0x00000000       0x71 D:\_RTP-Lab\PingPong_IDE_2023_04\eclipse_s\keil_mcb_4357_board_lib\Debug\libkeil_mcb_4357_board_lib.a(emc_18xx_43xx.o)
 .comment       0x00000000       0x71 D:\_RTP-Lab\PingPong_IDE_2023_04\eclipse_s\keil_mcb_4357_board_lib\Debug\libkeil_mcb_4357_board_lib.a(rgu_18xx_43xx.o)
 .comment       0x00000000       0x71 D:\_RTP-Lab\PingPong_IDE_2023_04\eclipse_s\keil_mcb_4357_board_lib\Debug\libkeil_mcb_4357_board_lib.a(timer_18xx_43xx.o)
 .comment       0x00000000       0x71 D:\_RTP-Lab\PingPong_IDE_2023_04\eclipse_s\keil_mcb_4357_board_lib\Debug\libkeil_mcb_4357_board_lib.a(uart_18xx_43xx.o)
 .comment       0x00000000       0x71 D:\_RTP-Lab\PingPong_IDE_2023_04\eclipse_s\keil_mcb_4357_board_lib\Debug\libkeil_mcb_4357_board_lib.a(emc_001.o)
 .comment       0x00000000       0x71 D:\_RTP-Lab\PingPong_IDE_2023_04\eclipse_s\keil_mcb_4357_board_lib\Debug\libkeil_mcb_4357_board_lib.a(fpu_init.o)
 .comment       0x00000000       0x71 D:\_RTP-Lab\PingPong_IDE_2023_04\eclipse_s\keil_mcb_4357_board_lib\Debug\libkeil_mcb_4357_board_lib.a(timer_001.o)
 .comment       0x00000000       0x71 D:\_RTP-Lab\PingPong_IDE_2023_04\eclipse_s\keil_mcb_4357_board_lib\Debug\libkeil_mcb_4357_board_lib.a(usart_001.o)

.ARM.attributes
                0x00000000       0x39
 .ARM.attributes
                0x00000000       0x39 FreeRTOS\Source\list.o
 .ARM.attributes
                0x00000039       0x39 FreeRTOS\Source\portable\GCC\ARM_CM4F\port.o
 .ARM.attributes
                0x00000072       0x39 FreeRTOS\Source\portable\MemMang\heap_2.o
 .ARM.attributes
                0x000000ab       0x39 FreeRTOS\Source\queue.o
 .ARM.attributes
                0x000000e4       0x39 FreeRTOS\Source\tasks.o
 .ARM.attributes
                0x0000011d       0x39 base_app\dia_comm4.o
 .ARM.attributes
                0x00000156       0x39 base_app\uart.o
 .ARM.attributes
                0x0000018f       0x31 common\ipc_app.o
 .ARM.attributes
                0x000001c0       0x31 common\ipc_msg.o
 .ARM.attributes
                0x000001f1       0x31 common\m0_ImageLoader.o
 .ARM.attributes
                0x00000222       0x31 common\printf-stdarg.o
 .ARM.attributes
                0x00000253       0x31 common\supervision.o
 .ARM.attributes
                0x00000284       0x39 common\ws_strfun.o
 .ARM.attributes
                0x000002bd       0x39 freertoslpc\FreeRTOSCommonHooks.o
 .ARM.attributes
                0x000002f6       0x39 src\PingPong.o
 .ARM.attributes
                0x0000032f       0x39 src\app.o
 .ARM.attributes
                0x00000368       0x39 src\main.o