Archive member included because of file (symbol)

D:\_RTP-Lab\PingPong_IDE_2023_04\eclipse_s\keil_mcb_4357_board_lib\Debug\libkeil_mcb_4357_board_lib.a(board_keil_mcb_18574357.o)
                              FreeRTOS\Source\portable\GCC\ARM_CM4F\port.o (SystemCoreClock)
D:\_RTP-Lab\PingPong_IDE_2023_04\eclipse_s\keil_mcb_4357_board_lib\Debug\libkeil_mcb_4357_board_lib.a(sysinit_keil_mcb_18574357.o)
                              startup_code\cr_startup_lpc18xx43xx.o (SystemInit)
D:\_RTP-Lab\PingPong_IDE_2023_04\eclipse_s\keil_mcb_4357_board_lib\Debug\libkeil_mcb_4357_board_lib.a(uda1380.o)
                              D:\_RTP-Lab\PingPong_IDE_2023_04\eclipse_s\keil_mcb_4357_board_lib\Debug\libkeil_mcb_4357_board_lib.a(board_keil_mcb_18574357.o) (UDA1380_Init)
D:\_RTP-Lab\PingPong_IDE_2023_04\eclipse_s\keil_mcb_4357_board_lib\Debug\libkeil_mcb_4357_board_lib.a(clock_18xx_43xx.o)
                              D:\_RTP-Lab\PingPong_IDE_2023_04\eclipse_s\keil_mcb_4357_board_lib\Debug\libkeil_mcb_4357_board_lib.a(sysinit_keil_mcb_18574357.o) (Chip_Clock_EnableCrystal)
D:\_RTP-Lab\PingPong_IDE_2023_04\eclipse_s\keil_mcb_4357_board_lib\Debug\libkeil_mcb_4357_board_lib.a(emc_18xx_43xx.o)
                              D:\_RTP-Lab\PingPong_IDE_2023_04\eclipse_s\keil_mcb_4357_board_lib\Debug\libkeil_mcb_4357_board_lib.a(sysinit_keil_mcb_18574357.o) (Chip_EMC_Dynamic_Init)
D:\_RTP-Lab\PingPong_IDE_2023_04\eclipse_s\keil_mcb_4357_board_lib\Debug\libkeil_mcb_4357_board_lib.a(i2c_18xx_43xx.o)
                              D:\_RTP-Lab\PingPong_IDE_2023_04\eclipse_s\keil_mcb_4357_board_lib\Debug\libkeil_mcb_4357_board_lib.a(board_keil_mcb_18574357.o) (Chip_I2C_EventHandlerPolling)
D:\_RTP-Lab\PingPong_IDE_2023_04\eclipse_s\keil_mcb_4357_board_lib\Debug\libkeil_mcb_4357_board_lib.a(i2s_18xx_43xx.o)
                              D:\_RTP-Lab\PingPong_IDE_2023_04\eclipse_s\keil_mcb_4357_board_lib\Debug\libkeil_mcb_4357_board_lib.a(board_keil_mcb_18574357.o) (Chip_I2S_Init)
D:\_RTP-Lab\PingPong_IDE_2023_04\eclipse_s\keil_mcb_4357_board_lib\Debug\libkeil_mcb_4357_board_lib.a(rgu_18xx_43xx.o)
                              common\m0_ImageLoader.o (Chip_RGU_TriggerReset)
D:\_RTP-Lab\PingPong_IDE_2023_04\eclipse_s\keil_mcb_4357_board_lib\Debug\libkeil_mcb_4357_board_lib.a(scu_18xx_43xx.o)
                              D:\_RTP-Lab\PingPong_IDE_2023_04\eclipse_s\keil_mcb_4357_board_lib\Debug\libkeil_mcb_4357_board_lib.a(board_keil_mcb_18574357.o) (Chip_SCU_GPIOIntPinSel)
D:\_RTP-Lab\PingPong_IDE_2023_04\eclipse_s\keil_mcb_4357_board_lib\Debug\libkeil_mcb_4357_board_lib.a(ssp_18xx_43xx.o)
                              D:\_RTP-Lab\PingPong_IDE_2023_04\eclipse_s\keil_mcb_4357_board_lib\Debug\libkeil_mcb_4357_board_lib.a(board_keil_mcb_18574357.o) (Chip_SSP_WriteFrames_Blocking)
D:\_RTP-Lab\PingPong_IDE_2023_04\eclipse_s\keil_mcb_4357_board_lib\Debug\libkeil_mcb_4357_board_lib.a(timer_18xx_43xx.o)
                              common\supervision.o (Chip_TIMER_Init)
D:\_RTP-Lab\PingPong_IDE_2023_04\eclipse_s\keil_mcb_4357_board_lib\Debug\libkeil_mcb_4357_board_lib.a(uart_18xx_43xx.o)
                              base_app\uart.o (Chip_UART_Init)
D:\_RTP-Lab\PingPong_IDE_2023_04\eclipse_s\keil_mcb_4357_board_lib\Debug\libkeil_mcb_4357_board_lib.a(emc_001.o)
                              D:\_RTP-Lab\PingPong_IDE_2023_04\eclipse_s\keil_mcb_4357_board_lib\Debug\libkeil_mcb_4357_board_lib.a(emc_18xx_43xx.o) (IP_EMC_Dynamic_Init)
D:\_RTP-Lab\PingPong_IDE_2023_04\eclipse_s\keil_mcb_4357_board_lib\Debug\libkeil_mcb_4357_board_lib.a(enet_001.o)
                              D:\_RTP-Lab\PingPong_IDE_2023_04\eclipse_s\keil_mcb_4357_board_lib\Debug\libkeil_mcb_4357_board_lib.a(board_keil_mcb_18574357.o) (IP_ENET_StartMIIWrite)
D:\_RTP-Lab\PingPong_IDE_2023_04\eclipse_s\keil_mcb_4357_board_lib\Debug\libkeil_mcb_4357_board_lib.a(fpu_init.o)
                              D:\_RTP-Lab\PingPong_IDE_2023_04\eclipse_s\keil_mcb_4357_board_lib\Debug\libkeil_mcb_4357_board_lib.a(sysinit_keil_mcb_18574357.o) (fpuInit)
D:\_RTP-Lab\PingPong_IDE_2023_04\eclipse_s\keil_mcb_4357_board_lib\Debug\libkeil_mcb_4357_board_lib.a(gpiopinint_001.o)
                              D:\_RTP-Lab\PingPong_IDE_2023_04\eclipse_s\keil_mcb_4357_board_lib\Debug\libkeil_mcb_4357_board_lib.a(board_keil_mcb_18574357.o) (IP_GPIOPININT_IntCmd)
D:\_RTP-Lab\PingPong_IDE_2023_04\eclipse_s\keil_mcb_4357_board_lib\Debug\libkeil_mcb_4357_board_lib.a(i2c_001.o)
                              D:\_RTP-Lab\PingPong_IDE_2023_04\eclipse_s\keil_mcb_4357_board_lib\Debug\libkeil_mcb_4357_board_lib.a(i2c_18xx_43xx.o) (IP_I2C_MasterXfer_StateHandler)
D:\_RTP-Lab\PingPong_IDE_2023_04\eclipse_s\keil_mcb_4357_board_lib\Debug\libkeil_mcb_4357_board_lib.a(i2s_001.o)
                              D:\_RTP-Lab\PingPong_IDE_2023_04\eclipse_s\keil_mcb_4357_board_lib\Debug\libkeil_mcb_4357_board_lib.a(i2s_18xx_43xx.o) (IP_I2S_Init)
[...]
Memory Configuration

Name             Origin             Length             Attributes
RO_MEM           0x1a000000         0x00040000         xr
RW_MEM           0x10000000         0x00008000         xrw
RW_MEM1          0x20004000         0x00004000         xrw
SH_MEM           0x20000000         0x00002000         xrw
FAT12_MEM        0x20002000         0x00002000         xrw
*default*        0x00000000         0xffffffff

Linker script and memory map

LOAD FreeRTOS\Source\list.o
LOAD FreeRTOS\Source\portable\GCC\ARM_CM4F\port.o
LOAD FreeRTOS\Source\portable\MemMang\heap_2.o
LOAD FreeRTOS\Source\queue.o
LOAD FreeRTOS\Source\tasks.o
LOAD base_app\dia_comm4.o
LOAD base_app\uart.o
LOAD common\ipc_app.o
LOAD common\ipc_msg.o
LOAD common\m0_ImageLoader.o
LOAD common\printf-stdarg.o
LOAD common\supervision.o
LOAD common\ws_strfun.o
LOAD freertoslpc\FreeRTOSCommonHooks.o
LOAD src\MultiTask.o
LOAD src\UartTX.o
LOAD src\app.o
LOAD src\main.o
LOAD startup_code\cr_startup_lpc18xx43xx.o
LOAD D:\_RTP-Lab\PingPong_IDE_2023_04\eclipse_s\keil_mcb_4357_board_lib\Debug\libkeil_mcb_4357_board_lib.a
LOAD d:/programme/gnu_tools_arm/4.7_2013q2/bin/../lib/gcc/arm-none-eabi/4.7.4/../../../../arm-none-eabi/lib/armv7e-m\libm.a
LOAD d:/programme/gnu_tools_arm/4.7_2013q2/bin/../lib/gcc/arm-none-eabi/4.7.4/../../../../arm-none-eabi/lib/armv7e-m\libc.a
                0x10008000                __top_RW_MEM = 0x10008000

.text           0x1a000000     0x5414
 FILL mask 0xff
 *(.isr_vector)
 .isr_vector    0x1a000000      0x114 startup_code\cr_startup_lpc18xx43xx.o
                0x1a000000                g_pfnVectors
                0x1a000114                . = ALIGN (0x4)
                0x1a000114                __section_table_start = .
                0x1a000114                __data_section_table = .
                0x1a000114        0x4 LONG 0x1a00541c LOADADDR (.data)
                0x1a000118        0x4 LONG 0x10000000 ADDR (.data)
                0x1a00011c        0x4 LONG 0x90 SIZEOF (.data)
                0x1a000120        0x4 LONG 0x1a00541c LOADADDR (.data_RAM2)
                0x1a000124        0x4 LONG 0x10000000 ADDR (.data_RAM2)
                0x1a000128        0x4 LONG 0x0 SIZEOF (.data_RAM2)
                0x1a00012c        0x4 LONG 0x1a00541c LOADADDR (.data_RAM3)
                0x1a000130        0x4 LONG 0x20004000 ADDR (.data_RAM3)
                0x1a000134        0x4 LONG 0x0 SIZEOF (.data_RAM3)
                0x1a000138        0x4 LONG 0x1a00541c LOADADDR (.data_RAM4)
                0x1a00013c        0x4 LONG 0x20002000 ADDR (.data_RAM4)
                0x1a000140        0x4 LONG 0x0 SIZEOF (.data_RAM4)
                0x1a000144                __data_section_table_end = .
                0x1a000144                __bss_section_table = .
                0x1a000144        0x4 LONG 0x10000090 ADDR (.bss)
                0x1a000148        0x4 LONG 0x3fc4 SIZEOF (.bss)
                0x1a00014c                __bss_section_end = .
                0x1a00014c        0x4 LONG 0x20004000 ADDR (.bss_ETH)
                0x1a000150        0x4 LONG 0x4000 SIZEOF (.bss_ETH)
                0x1a000154        0x4 LONG 0x20000000 ADDR (.bss_SHMEM)
                0x1a000158        0x4 LONG 0x40 SIZEOF (.bss_SHMEM)
                0x1a00015c        0x4 LONG 0x20002000 ADDR (.bss_RAM4)
                0x1a000160        0x4 LONG 0x0 SIZEOF (.bss_RAM4)
                0x1a000164                __bss_section_table_end = .
                0x1a000164                __section_table_end = .
 *(.after_vectors*)
 .after_vectors
                0x1a000164       0x36 startup_code\cr_startup_lpc18xx43xx.o
                0x1a000164                NMI_Handler
                0x1a000166                HardFault_Handler
                0x1a000168                MemManage_Handler
                0x1a00016a                BusFault_Handler
                0x1a00016c                UsageFault_Handler
                0x1a000170                DebugMon_Handler
                0x1a000176                ATIMER_IRQHandler
                0x1a000176                RIT_IRQHandler
                0x1a000176                I2C1_IRQHandler
                0x1a000176                UART1_IRQHandler
                0x1a000176                GPIO5_IRQHandler
                0x1a000176                SDIO_IRQHandler
                0x1a000176                USB1_IRQHandler
                0x1a000176                I2S0_IRQHandler
                0x1a000176                TIMER3_IRQHandler
                0x1a000176                GINT1_IRQHandler
                0x1a000176                SGPIO_IRQHandler
                0x1a000176                ADC0_IRQHandler
                0x1a000176                CAN1_IRQHandler
                0x1a000176                I2C0_IRQHandler
                0x1a000176                IntDefaultHandler
                0x1a000176                GPIO1_IRQHandler
                0x1a000176                SSP0_IRQHandler
                0x1a000176                ADC1_IRQHandler
                0x1a000176                FLASHEEPROM_IRQHandler
                0x1a000176                RTC_IRQHandler
                0x1a000176                SPI_IRQHandler
                0x1a000176                LCD_IRQHandler
                0x1a000176                MCPWM_IRQHandler
                0x1a000176                TIMER1_IRQHandler
                0x1a000176                UART2_IRQHandler
                0x1a000176                GPIO2_IRQHandler
                0x1a000176                I2S1_IRQHandler
                0x1a000176                SSP1_IRQHandler
                0x1a000176                USB0_IRQHandler
                0x1a000176                GPIO3_IRQHandler
                0x1a000176                SCT_IRQHandler
                0x1a000176                GPIO6_IRQHandler
                0x1a000176                WDT_IRQHandler
                0x1a000176                GPIO7_IRQHandler
                0x1a000176                SPIFI_IRQHandler
                0x1a000176                QEI_IRQHandler
                0x1a000176                ETH_IRQHandler
                0x1a000176                CAN0_IRQHandler
                0x1a000176                GINT0_IRQHandler
                0x1a000176                DAC_IRQHandler
                0x1a000176                DMA_IRQHandler
                0x1a000176                EVRT_IRQHandler
                0x1a000176                TIMER2_IRQHandler
                0x1a000176                UART3_IRQHandler
                0x1a000176                GPIO4_IRQHandler
                0x1a000178                data_init
                0x1a00018a                bss_init
 *(.text*)
 .text.vListInitialise
                0x1a00019a       0x16 FreeRTOS\Source\list.o
                0x1a00019a                vListInitialise
 .text.vListInitialiseItem
                0x1a0001b0        0x6 FreeRTOS\Source\list.o
                0x1a0001b0                vListInitialiseItem
 .text.vListInsertEnd
                0x1a0001b6       0x1a FreeRTOS\Source\list.o
                0x1a0001b6                vListInsertEnd
 .text.vListInsert
                0x1a0001d0       0x30 FreeRTOS\Source\list.o
                0x1a0001d0                vListInsert
 .text.uxListRemove
                0x1a000200       0x22 FreeRTOS\Source\list.o
                0x1a000200                uxListRemove
 *fill*         0x1a000222        0x2 00
 .text.prvPortStartFirstTask
                0x1a000224       0x14 FreeRTOS\Source\portable\GCC\ARM_CM4F\port.o
 .text.vPortEnableVFP
                0x1a000238       0x14 FreeRTOS\Source\portable\GCC\ARM_CM4F\port.o
 .text.pxPortInitialiseStack
                0x1a00024c       0x1e FreeRTOS\Source\portable\GCC\ARM_CM4F\port.o
                0x1a00024c                pxPortInitialiseStack
 *fill*         0x1a00026a        0x2 00
 .text.SVC_Handler
                0x1a00026c       0x1c FreeRTOS\Source\portable\GCC\ARM_CM4F\port.o
                0x1a00026c                SVC_Handler
 .text.vPortYieldFromISR
                0x1a000288       0x10 FreeRTOS\Source\portable\GCC\ARM_CM4F\port.o
                0x1a000288                vPortYieldFromISR
 .text.ulPortSetInterruptMask
                0x1a000298       0x10 FreeRTOS\Source\portable\GCC\ARM_CM4F\port.o
                0x1a000298                ulPortSetInterruptMask
 .text.vPortEnterCritical
                0x1a0002a8       0x14 FreeRTOS\Source\portable\GCC\ARM_CM4F\port.o
                0x1a0002a8                vPortEnterCritical
 .text.vPortClearInterruptMask
                0x1a0002bc        0x6 FreeRTOS\Source\portable\GCC\ARM_CM4F\port.o
                0x1a0002bc                vPortClearInterruptMask
 *fill*         0x1a0002c2        0x2 00
 .text.vPortExitCritical
                0x1a0002c4       0x14 FreeRTOS\Source\portable\GCC\ARM_CM4F\port.o
                0x1a0002c4                vPortExitCritical
 .text.PendSV_Handler
                0x1a0002d8       0x50 FreeRTOS\Source\portable\GCC\ARM_CM4F\port.o
                0x1a0002d8                PendSV_Handler
 .text.SysTick_Handler
                0x1a000328       0x20 FreeRTOS\Source\portable\GCC\ARM_CM4F\port.o
                0x1a000328                SysTick_Handler
 .text.vPortSetupTimerInterrupt
                0x1a000348       0x24 FreeRTOS\Source\portable\GCC\ARM_CM4F\port.o
                0x1a000348                vPortSetupTimerInterrupt
 .text.xPortStartScheduler
                0x1a00036c       0x40 FreeRTOS\Source\portable\GCC\ARM_CM4F\port.o
                0x1a00036c                xPortStartScheduler
 .text.pvPortMalloc
                0x1a0003ac       0xb0 FreeRTOS\Source\portable\MemMang\heap_2.o
                0x1a0003ac                pvPortMalloc
 .text.vPortFree
                0x1a00045c       0x40 FreeRTOS\Source\portable\MemMang\heap_2.o
                0x1a00045c                vPortFree
 .text.xPortGetFreeHeapSize
                0x1a00049c        0xc FreeRTOS\Source\portable\MemMang\heap_2.o
                0x1a00049c                xPortGetFreeHeapSize
 .text.prvCopyDataFromQueue
                0x1a0004a8       0x26 FreeRTOS\Source\queue.o
 .text.prvUnlockQueue
                0x1a0004ce       0x64 FreeRTOS\Source\queue.o
 .text.prvCopyDataToQueue
                0x1a000532       0x58 FreeRTOS\Source\queue.o
 .text.xQueueGenericReset
                0x1a00058a       0x64 FreeRTOS\Source\queue.o
                0x1a00058a                xQueueGenericReset
 .text.xQueueGenericCreate
                0x1a0005ee       0x42 FreeRTOS\Source\queue.o
                0x1a0005ee                xQueueGenericCreate
 .text.xQueueGenericSend
                0x1a000630       0xee FreeRTOS\Source\queue.o
                0x1a000630                xQueueGenericSend
 .text.xQueueGenericSendFromISR
                0x1a00071e       0x6c FreeRTOS\Source\queue.o
                0x1a00071e                xQueueGenericSendFromISR
 .text.xQueueGenericReceive
                0x1a00078a      0x126 FreeRTOS\Source\queue.o
                0x1a00078a                xQueueGenericReceive
 .text.prvAddCurrentTaskToDelayedList
                0x1a0008b0       0x50 FreeRTOS\Source\tasks.o
 .text.xTaskGenericCreate
                0x1a000900      0x19c FreeRTOS\Source\tasks.o
                0x1a000900                xTaskGenericCreate
 .text.xTaskIsTaskSuspended
                0x1a000a9c       0x30 FreeRTOS\Source\tasks.o
                0x1a000a9c                xTaskIsTaskSuspended
 .text.vTaskResume
                0x1a000acc       0x6c FreeRTOS\Source\tasks.o
                0x1a000acc                vTaskResume
 .text.vTaskStartScheduler
                0x1a000b38       0x54 FreeRTOS\Source\tasks.o
                0x1a000b38                vTaskStartScheduler
 .text.vTaskSuspendAll
                0x1a000b8c       0x10 FreeRTOS\Source\tasks.o
                0x1a000b8c                vTaskSuspendAll
 .text.vTaskIncrementTick
                0x1a000b9c       0xe0 FreeRTOS\Source\tasks.o
                0x1a000b9c                vTaskIncrementTick
 .text.xTaskResumeAll
                0x1a000c7c       0xc8 FreeRTOS\Source\tasks.o
                0x1a000c7c                xTaskResumeAll
 .text.prvIdleTask
                0x1a000d44       0x68 FreeRTOS\Source\tasks.o
 .text.vTaskDelay
                0x1a000dac       0x3c FreeRTOS\Source\tasks.o
                0x1a000dac                vTaskDelay
 .text.vTaskSwitchContext
                0x1a000de8       0x64 FreeRTOS\Source\tasks.o
                0x1a000de8                vTaskSwitchContext
 .text.vTaskSuspend
                0x1a000e4c       0x78 FreeRTOS\Source\tasks.o
                0x1a000e4c                vTaskSuspend
 .text.vTaskPlaceOnEventList
                0x1a000ec4       0x4c FreeRTOS\Source\tasks.o
                0x1a000ec4                vTaskPlaceOnEventList
 .text.xTaskRemoveFromEventList
                0x1a000f10       0x6c FreeRTOS\Source\tasks.o
                0x1a000f10                xTaskRemoveFromEventList
 .text.vTaskSetTimeOutState
                0x1a000f7c       0x20 FreeRTOS\Source\tasks.o
                0x1a000f7c                vTaskSetTimeOutState
 .text.xTaskCheckForTimeOut
                0x1a000f9c       0x64 FreeRTOS\Source\tasks.o
                0x1a000f9c                xTaskCheckForTimeOut
 .text.vTaskMissedYield
                0x1a001000        0xc FreeRTOS\Source\tasks.o
                0x1a001000                vTaskMissedYield
 .text.uxTaskGetStackHighWaterMark
                0x1a00100c       0x20 FreeRTOS\Source\tasks.o
                0x1a00100c                uxTaskGetStackHighWaterMark
 .text.xTaskGetCurrentTaskHandle
                0x1a00102c        0xc FreeRTOS\Source\tasks.o
                0x1a00102c                xTaskGetCurrentTaskHandle
 .text.vTaskPriorityInherit
                0x1a001038       0x6c FreeRTOS\Source\tasks.o
                0x1a001038                vTaskPriorityInherit
 .text.vTaskPriorityDisinherit
                0x1a0010a4       0x48 FreeRTOS\Source\tasks.o
                0x1a0010a4                vTaskPriorityDisinherit
 .text.comm4_analyze_command
                0x1a0010ec      0x108 base_app\dia_comm4.o
                0x1a0010ec                comm4_analyze_command
 .text.comm_newchar
                0x1a0011f4       0x60 base_app\dia_comm4.o
                0x1a0011f4                comm_newchar
 .text.vdia_commTask
                0x1a001254       0x90 base_app\dia_comm4.o
                0x1a001254                vdia_commTask
 .text.App_Interrupt_Init
                0x1a0012e4       0x38 base_app\uart.o
                0x1a0012e4                App_Interrupt_Init
 .text.UART0_IRQHandler
                0x1a00131c       0x20 base_app\uart.o
                0x1a00131c                UART0_IRQHandler
 .text.uart_init
                0x1a00133c       0x3c base_app\uart.o
                0x1a00133c                uart_init
 .text.ipcex_dispatch_task
                0x1a001378       0x38 common\ipc_app.o
 .text.ipcex_register_callback
                0x1a0013b0       0x18 common\ipc_app.o
                0x1a0013b0                ipcex_register_callback
 .text.ipcex_tasks
                0x1a0013c8       0x58 common\ipc_app.o
                0x1a0013c8                ipcex_tasks
 .text.IPCEX_Init
                0x1a001420       0x14 common\ipc_app.o
                0x1a001420                IPCEX_Init
 .text.ipcex_msgPush
                0x1a001434       0x12 common\ipc_app.o
                0x1a001434                ipcex_msgPush
 *fill*         0x1a001446        0x2 00
 .text.NVIC_EnableIRQ
                0x1a001448       0x38 common\ipc_msg.o
 .text.NVIC_SetPriority
                0x1a001480       0x5c common\ipc_msg.o
 .text.Chip_CREG_ClearM0Event
                0x1a0014dc       0x18 common\ipc_msg.o
 .text.os_event_handler
                0x1a0014f4       0x90 common\ipc_msg.o
 .text.ipc_misc_init
                0x1a001584       0x80 common\ipc_msg.o
 .text.ipc_send_signal
                0x1a001604       0x10 common\ipc_msg.o
 .text.IPC_initMsgQueue
                0x1a001614       0x94 common\ipc_msg.o
                0x1a001614                IPC_initMsgQueue
 .text.IPC_pushMsgTout
                0x1a0016a8      0x124 common\ipc_msg.o
                0x1a0016a8                IPC_pushMsgTout
 .text.IPC_popMsgTout
                0x1a0017cc      0x100 common\ipc_msg.o
                0x1a0017cc                IPC_popMsgTout
 .text.EVENT_IPC_Receive
                0x1a0018cc        0x8 common\ipc_msg.o
                0x1a0018cc                EVENT_IPC_Receive
 .text.MX_CORE_IRQHandler
                0x1a0018d4       0x14 common\ipc_msg.o
                0x1a0018d4                MX_CORE_IRQHandler
 .text.M0Image_Boot
                0x1a0018e8       0x38 common\m0_ImageLoader.o
                0x1a0018e8                M0Image_Boot
 .text.printchar
                0x1a001920       0x1a common\printf-stdarg.o
 .text.prints   0x1a00193a       0x84 common\printf-stdarg.o
 *fill*         0x1a0019be        0x2 00
 .text.printi   0x1a0019c0       0xa8 common\printf-stdarg.o
 .text.print    0x1a001a68      0x118 common\printf-stdarg.o
 .text.printf   0x1a001b80       0x1a common\printf-stdarg.o
                0x1a001b80                printf
 .text.sprintf  0x1a001b9a       0x1c common\printf-stdarg.o
                0x1a001b9a                sprintf
 *fill*         0x1a001bb6        0x2 00
 .text.print_buffer_status
                0x1a001bb8       0x50 common\supervision.o
                0x1a001bb8                print_buffer_status
 .text.wcet_init
                0x1a001c08       0x14 common\supervision.o
                0x1a001c08                wcet_init
 *fill*         0x1a001c1c        0x4 00
 .text.wcet_t1  0x1a001c20       0x40 common\supervision.o
                0x1a001c20                wcet_t1
 .text.wcet_t2  0x1a001c60       0x70 common\supervision.o
                0x1a001c60                wcet_t2
 .text.memcpy   0x1a001cd0       0x78 common\ws_strfun.o
                0x1a001cd0                memcpy
 .text.memset   0x1a001d48       0x10 common\ws_strfun.o
                0x1a001d48                memset
 .text.strlen   0x1a001d58       0x18 common\ws_strfun.o
                0x1a001d58                strlen
 .text.strncpy  0x1a001d70       0x24 common\ws_strfun.o
                0x1a001d70                strncpy
 .text.atoi     0x1a001d94       0x4a common\ws_strfun.o
                0x1a001d94                atoi
 *fill*         0x1a001dde        0x2 00
 .text.ws_strtok
                0x1a001de0       0x68 common\ws_strfun.o
                0x1a001de0                ws_strtok
 .text.vApplicationIdleHook
                0x1a001e48       0x10 freertoslpc\FreeRTOSCommonHooks.o
                0x1a001e48                vApplicationIdleHook
 .text.init_Multitasking
                0x1a001e58        0x2 src\MultiTask.o
                0x1a001e58                init_Multitasking
 *fill*         0x1a001e5a        0x2 00
 .text.tBlinkingTask
                0x1a001e5c       0x28 src\MultiTask.o
                0x1a001e5c                tBlinkingTask
 .text.tShiftingTask
                0x1a001e84       0x50 src\MultiTask.o
                0x1a001e84                tShiftingTask
 .text.tControlTask
                0x1a001ed4       0x48 src\MultiTask.o
                0x1a001ed4                tControlTask
 .text.proc_adda_tic_started
                0x1a001f1c        0x2 src\app.o
                0x1a001f1c                proc_adda_tic_started
 *fill*         0x1a001f1e        0x2 00
 .text.proc_init_pst
                0x1a001f20        0xc src\app.o
                0x1a001f20                proc_init_pst
 .text.proc_init_pdm
                0x1a001f2c        0xc src\app.o
                0x1a001f2c                proc_init_pdm
 .text.proc_init_pdm_inf
                0x1a001f38        0xc src\app.o
                0x1a001f38                proc_init_pdm_inf
 .text.proc_update_super_stack
                0x1a001f44       0x40 src\app.o
                0x1a001f44                proc_update_super_stack
 .text.proc_buffer_status
                0x1a001f84        0x4 src\app.o
                0x1a001f84                proc_buffer_status
 .text.proc_comm_newchar
                0x1a001f88        0x6 src\app.o
                0x1a001f88                proc_comm_newchar
 *fill*         0x1a001f8e        0x2 00
 .text.set_display_var
                0x1a001f90       0x14 src\app.o
                0x1a001f90                set_display_var
 .text.app_init
                0x1a001fa4       0x90 src\app.o
                0x1a001fa4                app_init
 .text.send_str
                0x1a002034       0x14 src\app.o
                0x1a002034                send_str
 .text.send_char
                0x1a002048       0x14 src\app.o
                0x1a002048                send_char
 .text.get_free_str
                0x1a00205c       0x1a src\app.o
                0x1a00205c                get_free_str
 *fill*         0x1a002076        0x2 00
 .text.heartBeat_m4
                0x1a002078       0x3c src\app.o
                0x1a002078                heartBeat_m4
 .text.tic4_1   0x1a0020b4       0x48 src\app.o
                0x1a0020b4                tic4_1
 .text.TIMER0_IRQHandler
                0x1a0020fc       0x50 src\app.o
                0x1a0020fc                TIMER0_IRQHandler
 .text.tic4_2   0x1a00214c       0x58 src\app.o
                0x1a00214c                tic4_2
 .text.proc_adda_finished
                0x1a0021a4        0x4 src\app.o
                0x1a0021a4                proc_adda_finished
 .text.Board_LED_Toggle
                0x1a0021a8       0x18 src\main.o
 .text.uSleep   0x1a0021c0       0x3c src\main.o
                0x1a0021c0                uSleep
 .text.err_blink
                0x1a0021fc       0x54 src\main.o
                0x1a0021fc                err_blink
 .text.init_Tick_Timer
                0x1a002250       0x6c src\main.o
                0x1a002250                init_Tick_Timer
 .text.re_init_Tick_Timer
                0x1a0022bc       0x4c src\main.o
                0x1a0022bc                re_init_Tick_Timer
 .text.init_fg1_Timer
                0x1a002308       0x50 src\main.o
                0x1a002308                init_fg1_Timer
 .text.re_init_fg1_Timer
                0x1a002358       0x28 src\main.o
                0x1a002358                re_init_fg1_Timer
 .text.startup.main
                0x1a002380       0xec src\main.o
                0x1a002380                main
 .text.ResetISR
                0x1a00246c       0x40 startup_code\cr_startup_lpc18xx43xx.o
                0x1a00246c                ResetISR
 .text.IP_GPIOPININT_IntGetStatus
                0x1a0024ac       0x30 D:\_RTP-Lab\PingPong_IDE_2023_04\eclipse_s\keil_mcb_4357_board_lib\Debug\libkeil_mcb_4357_board_lib.a(board_keil_mcb_18574357.o)
 .text.IP_GPIOPININT_IntClear
                0x1a0024dc       0x40 D:\_RTP-Lab\PingPong_IDE_2023_04\eclipse_s\keil_mcb_4357_board_lib\Debug\libkeil_mcb_4357_board_lib.a(board_keil_mcb_18574357.o)
 .text.IP_GPIO_Init
                0x1a00251c       0x14 D:\_RTP-Lab\PingPong_IDE_2023_04\eclipse_s\keil_mcb_4357_board_lib\Debug\libkeil_mcb_4357_board_lib.a(board_keil_mcb_18574357.o)
 .text.IP_GPIO_WritePortBit
                0x1a002530       0x2c D:\_RTP-Lab\PingPong_IDE_2023_04\eclipse_s\keil_mcb_4357_board_lib\Debug\libkeil_mcb_4357_board_lib.a(board_keil_mcb_18574357.o)
 .text.IP_GPIO_WriteDirBit
                0x1a00255c       0x70 D:\_RTP-Lab\PingPong_IDE_2023_04\eclipse_s\keil_mcb_4357_board_lib\Debug\libkeil_mcb_4357_board_lib.a(board_keil_mcb_18574357.o)
 .text.IP_GPIO_ReadPortBit
                0x1a0025cc       0x38 D:\_RTP-Lab\PingPong_IDE_2023_04\eclipse_s\keil_mcb_4357_board_lib\Debug\libkeil_mcb_4357_board_lib.a(board_keil_mcb_18574357.o)
 .text.Chip_GPIO_Init
                0x1a002604       0x18 D:\_RTP-Lab\PingPong_IDE_2023_04\eclipse_s\keil_mcb_4357_board_lib\Debug\libkeil_mcb_4357_board_lib.a(board_keil_mcb_18574357.o)
 .text.Chip_GPIO_WritePortBit
                0x1a00261c       0x24 D:\_RTP-Lab\PingPong_IDE_2023_04\eclipse_s\keil_mcb_4357_board_lib\Debug\libkeil_mcb_4357_board_lib.a(board_keil_mcb_18574357.o)
 .text.Chip_GPIO_WriteDirBit
                0x1a002640       0x24 D:\_RTP-Lab\PingPong_IDE_2023_04\eclipse_s\keil_mcb_4357_board_lib\Debug\libkeil_mcb_4357_board_lib.a(board_keil_mcb_18574357.o)
 .text.Chip_GPIO_ReadPortBit
                0x1a002664       0x28 D:\_RTP-Lab\PingPong_IDE_2023_04\eclipse_s\keil_mcb_4357_board_lib\Debug\libkeil_mcb_4357_board_lib.a(board_keil_mcb_18574357.o)
 .text.Chip_GPIO_IntGetStatus
                0x1a00268c       0x24 D:\_RTP-Lab\PingPong_IDE_2023_04\eclipse_s\keil_mcb_4357_board_lib\Debug\libkeil_mcb_4357_board_lib.a(board_keil_mcb_18574357.o)
 .text.Chip_GPIO_IntClear
                0x1a0026b0       0x24 D:\_RTP-Lab\PingPong_IDE_2023_04\eclipse_s\keil_mcb_4357_board_lib\Debug\libkeil_mcb_4357_board_lib.a(board_keil_mcb_18574357.o)
 .text.Chip_SCU_PinMuxSet
                0x1a0026d4       0x34 D:\_RTP-Lab\PingPong_IDE_2023_04\eclipse_s\keil_mcb_4357_board_lib\Debug\libkeil_mcb_4357_board_lib.a(board_keil_mcb_18574357.o)
 .text.Chip_UART_ConfigData
                0x1a002708       0x24 D:\_RTP-Lab\PingPong_IDE_2023_04\eclipse_s\keil_mcb_4357_board_lib\Debug\libkeil_mcb_4357_board_lib.a(board_keil_mcb_18574357.o)
 .text.Chip_UART_SendByte
                0x1a00272c       0x24 D:\_RTP-Lab\PingPong_IDE_2023_04\eclipse_s\keil_mcb_4357_board_lib\Debug\libkeil_mcb_4357_board_lib.a(board_keil_mcb_18574357.o)
 .text.SystemCoreClockUpdate
                0x1a002750       0x1c D:\_RTP-Lab\PingPong_IDE_2023_04\eclipse_s\keil_mcb_4357_board_lib\Debug\libkeil_mcb_4357_board_lib.a(board_keil_mcb_18574357.o)
                0x1a002750                SystemCoreClockUpdate
 .text.Board_UART_Init
                0x1a00276c       0x70 D:\_RTP-Lab\PingPong_IDE_2023_04\eclipse_s\keil_mcb_4357_board_lib\Debug\libkeil_mcb_4357_board_lib.a(board_keil_mcb_18574357.o)
                0x1a00276c                Board_UART_Init
 .text.Board_Debug_Init
                0x1a0027dc       0x58 D:\_RTP-Lab\PingPong_IDE_2023_04\eclipse_s\keil_mcb_4357_board_lib\Debug\libkeil_mcb_4357_board_lib.a(board_keil_mcb_18574357.o)
                0x1a0027dc                Board_Debug_Init
 .text.Board_UARTPutChar
                0x1a002834       0x2c D:\_RTP-Lab\PingPong_IDE_2023_04\eclipse_s\keil_mcb_4357_board_lib\Debug\libkeil_mcb_4357_board_lib.a(board_keil_mcb_18574357.o)
                0x1a002834                Board_UARTPutChar
 .text.Board_UARTPutSTR
                0x1a002860       0x2c D:\_RTP-Lab\PingPong_IDE_2023_04\eclipse_s\keil_mcb_4357_board_lib\Debug\libkeil_mcb_4357_board_lib.a(board_keil_mcb_18574357.o)
                0x1a002860                Board_UARTPutSTR
 .text.Board_LED_Init
                0x1a00288c       0x58 D:\_RTP-Lab\PingPong_IDE_2023_04\eclipse_s\keil_mcb_4357_board_lib\Debug\libkeil_mcb_4357_board_lib.a(board_keil_mcb_18574357.o)
 .text.Board_LED_Set
                0x1a0028e4       0xa4 D:\_RTP-Lab\PingPong_IDE_2023_04\eclipse_s\keil_mcb_4357_board_lib\Debug\libkeil_mcb_4357_board_lib.a(board_keil_mcb_18574357.o)
                0x1a0028e4                Board_LED_Set
 .text.Board_LED_Test
                0x1a002988       0x48 D:\_RTP-Lab\PingPong_IDE_2023_04\eclipse_s\keil_mcb_4357_board_lib\Debug\libkeil_mcb_4357_board_lib.a(board_keil_mcb_18574357.o)
                0x1a002988                Board_LED_Test
 .text.Board_Init
                0x1a0029d0       0x50 D:\_RTP-Lab\PingPong_IDE_2023_04\eclipse_s\keil_mcb_4357_board_lib\Debug\libkeil_mcb_4357_board_lib.a(board_keil_mcb_18574357.o)
                0x1a0029d0                Board_Init
 .text.GPIO0_IRQHandler
                0x1a002a20       0x68 D:\_RTP-Lab\PingPong_IDE_2023_04\eclipse_s\keil_mcb_4357_board_lib\Debug\libkeil_mcb_4357_board_lib.a(board_keil_mcb_18574357.o)
                0x1a002a20                GPIO0_IRQHandler
 .text.Joystick_GetStatus
                0x1a002a88       0xe8 D:\_RTP-Lab\PingPong_IDE_2023_04\eclipse_s\keil_mcb_4357_board_lib\Debug\libkeil_mcb_4357_board_lib.a(board_keil_mcb_18574357.o)
                0x1a002a88                Joystick_GetStatus
 .text.Chip_SCU_PinMuxSet
                0x1a002b70       0x34 D:\_RTP-Lab\PingPong_IDE_2023_04\eclipse_s\keil_mcb_4357_board_lib\Debug\libkeil_mcb_4357_board_lib.a(sysinit_keil_mcb_18574357.o)
 .text.Chip_SCU_ClockPinMuxSet
                0x1a002ba4       0x2c D:\_RTP-Lab\PingPong_IDE_2023_04\eclipse_s\keil_mcb_4357_board_lib\Debug\libkeil_mcb_4357_board_lib.a(sysinit_keil_mcb_18574357.o)
 .text.Chip_EMC_Init
                0x1a002bd0       0x28 D:\_RTP-Lab\PingPong_IDE_2023_04\eclipse_s\keil_mcb_4357_board_lib\Debug\libkeil_mcb_4357_board_lib.a(sysinit_keil_mcb_18574357.o)
 .text.Chip_CREG_SetFlashAcceleration
                0x1a002bf8       0x70 D:\_RTP-Lab\PingPong_IDE_2023_04\eclipse_s\keil_mcb_4357_board_lib\Debug\libkeil_mcb_4357_board_lib.a(sysinit_keil_mcb_18574357.o)
 .text.SystemSetupClocking
                0x1a002c68      0x1e0 D:\_RTP-Lab\PingPong_IDE_2023_04\eclipse_s\keil_mcb_4357_board_lib\Debug\libkeil_mcb_4357_board_lib.a(sysinit_keil_mcb_18574357.o)
 .text.SystemSetupMuxing
                0x1a002e48       0xa0 D:\_RTP-Lab\PingPong_IDE_2023_04\eclipse_s\keil_mcb_4357_board_lib\Debug\libkeil_mcb_4357_board_lib.a(sysinit_keil_mcb_18574357.o)
 .text.SystemSetupMemory
                0x1a002ee8       0x90 D:\_RTP-Lab\PingPong_IDE_2023_04\eclipse_s\keil_mcb_4357_board_lib\Debug\libkeil_mcb_4357_board_lib.a(sysinit_keil_mcb_18574357.o)
 .text.SystemInit
                0x1a002f78       0x34 D:\_RTP-Lab\PingPong_IDE_2023_04\eclipse_s\keil_mcb_4357_board_lib\Debug\libkeil_mcb_4357_board_lib.a(sysinit_keil_mcb_18574357.o)
                0x1a002f78                SystemInit
 .text.Chip_Clock_TestMainPLLMultiplier
                0x1a002fac       0x4c D:\_RTP-Lab\PingPong_IDE_2023_04\eclipse_s\keil_mcb_4357_board_lib\Debug\libkeil_mcb_4357_board_lib.a(clock_18xx_43xx.o)
 .text.Chip_Clock_GetDivRate
                0x1a002ff8       0x44 D:\_RTP-Lab\PingPong_IDE_2023_04\eclipse_s\keil_mcb_4357_board_lib\Debug\libkeil_mcb_4357_board_lib.a(clock_18xx_43xx.o)
 .text.Chip_Clock_FindBaseClock
                0x1a00303c       0xb4 D:\_RTP-Lab\PingPong_IDE_2023_04\eclipse_s\keil_mcb_4357_board_lib\Debug\libkeil_mcb_4357_board_lib.a(clock_18xx_43xx.o)
 .text.Chip_Clock_EnableCrystal
                0x1a0030f0       0x54 D:\_RTP-Lab\PingPong_IDE_2023_04\eclipse_s\keil_mcb_4357_board_lib\Debug\libkeil_mcb_4357_board_lib.a(clock_18xx_43xx.o)
                0x1a0030f0                Chip_Clock_EnableCrystal
 .text.Chip_Clock_SetupMainPLLHz
                0x1a003144      0x134 D:\_RTP-Lab\PingPong_IDE_2023_04\eclipse_s\keil_mcb_4357_board_lib\Debug\libkeil_mcb_4357_board_lib.a(clock_18xx_43xx.o)
                0x1a003144                Chip_Clock_SetupMainPLLHz
 .text.Chip_Clock_SetupMainPLLMult
                0x1a003278      0x120 D:\_RTP-Lab\PingPong_IDE_2023_04\eclipse_s\keil_mcb_4357_board_lib\Debug\libkeil_mcb_4357_board_lib.a(clock_18xx_43xx.o)
                0x1a003278                Chip_Clock_SetupMainPLLMult
 .text.Chip_Clock_GetMainPLLHz
                0x1a003398       0xe4 D:\_RTP-Lab\PingPong_IDE_2023_04\eclipse_s\keil_mcb_4357_board_lib\Debug\libkeil_mcb_4357_board_lib.a(clock_18xx_43xx.o)
                0x1a003398                Chip_Clock_GetMainPLLHz
 .text.Chip_Clock_DisableMainPLL
                0x1a00347c       0x24 D:\_RTP-Lab\PingPong_IDE_2023_04\eclipse_s\keil_mcb_4357_board_lib\Debug\libkeil_mcb_4357_board_lib.a(clock_18xx_43xx.o)
                0x1a00347c                Chip_Clock_DisableMainPLL
 .text.Chip_Clock_SetDivider
                0x1a0034a0       0x8c D:\_RTP-Lab\PingPong_IDE_2023_04\eclipse_s\keil_mcb_4357_board_lib\Debug\libkeil_mcb_4357_board_lib.a(clock_18xx_43xx.o)
                0x1a0034a0                Chip_Clock_SetDivider
 .text.Chip_Clock_GetDividerSource
                0x1a00352c       0x48 D:\_RTP-Lab\PingPong_IDE_2023_04\eclipse_s\keil_mcb_4357_board_lib\Debug\libkeil_mcb_4357_board_lib.a(clock_18xx_43xx.o)
                0x1a00352c                Chip_Clock_GetDividerSource
 .text.Chip_Clock_GetDividerDivisor
                0x1a003574       0x34 D:\_RTP-Lab\PingPong_IDE_2023_04\eclipse_s\keil_mcb_4357_board_lib\Debug\libkeil_mcb_4357_board_lib.a(clock_18xx_43xx.o)
                0x1a003574                Chip_Clock_GetDividerDivisor
 .text.Chip_Clock_GetClockInputHz
                0x1a0035a8      0x11c D:\_RTP-Lab\PingPong_IDE_2023_04\eclipse_s\keil_mcb_4357_board_lib\Debug\libkeil_mcb_4357_board_lib.a(clock_18xx_43xx.o)
                0x1a0035a8                Chip_Clock_GetClockInputHz
 .text.Chip_Clock_GetBaseClocktHz
                0x1a0036c4       0x28 D:\_RTP-Lab\PingPong_IDE_2023_04\eclipse_s\keil_mcb_4357_board_lib\Debug\libkeil_mcb_4357_board_lib.a(clock_18xx_43xx.o)
                0x1a0036c4                Chip_Clock_GetBaseClocktHz
 .text.Chip_Clock_SetBaseClock
                0x1a0036ec       0xa8 D:\_RTP-Lab\PingPong_IDE_2023_04\eclipse_s\keil_mcb_4357_board_lib\Debug\libkeil_mcb_4357_board_lib.a(clock_18xx_43xx.o)
                0x1a0036ec                Chip_Clock_SetBaseClock
 .text.Chip_Clock_GetBaseClock
                0x1a003794       0x58 D:\_RTP-Lab\PingPong_IDE_2023_04\eclipse_s\keil_mcb_4357_board_lib\Debug\libkeil_mcb_4357_board_lib.a(clock_18xx_43xx.o)
                0x1a003794                Chip_Clock_GetBaseClock
 .text.Chip_Clock_EnableOpts
                0x1a0037ec       0x84 D:\_RTP-Lab\PingPong_IDE_2023_04\eclipse_s\keil_mcb_4357_board_lib\Debug\libkeil_mcb_4357_board_lib.a(clock_18xx_43xx.o)
                0x1a0037ec                Chip_Clock_EnableOpts
 .text.Chip_Clock_Enable
                0x1a003870       0x78 D:\_RTP-Lab\PingPong_IDE_2023_04\eclipse_s\keil_mcb_4357_board_lib\Debug\libkeil_mcb_4357_board_lib.a(clock_18xx_43xx.o)
                0x1a003870                Chip_Clock_Enable
 .text.Chip_Clock_GetRate
                0x1a0038e8       0x9c D:\_RTP-Lab\PingPong_IDE_2023_04\eclipse_s\keil_mcb_4357_board_lib\Debug\libkeil_mcb_4357_board_lib.a(clock_18xx_43xx.o)
                0x1a0038e8                Chip_Clock_GetRate
 .text.Chip_Clock_SetupPLL
                0x1a003984       0x84 D:\_RTP-Lab\PingPong_IDE_2023_04\eclipse_s\keil_mcb_4357_board_lib\Debug\libkeil_mcb_4357_board_lib.a(clock_18xx_43xx.o)
                0x1a003984                Chip_Clock_SetupPLL
 .text.Chip_EMC_Dynamic_Init
                0x1a003a08       0x64 D:\_RTP-Lab\PingPong_IDE_2023_04\eclipse_s\keil_mcb_4357_board_lib\Debug\libkeil_mcb_4357_board_lib.a(emc_18xx_43xx.o)
                0x1a003a08                Chip_EMC_Dynamic_Init
 .text.Chip_EMC_Static_Init
                0x1a003a6c       0x64 D:\_RTP-Lab\PingPong_IDE_2023_04\eclipse_s\keil_mcb_4357_board_lib\Debug\libkeil_mcb_4357_board_lib.a(emc_18xx_43xx.o)
                0x1a003a6c                Chip_EMC_Static_Init
 .text.Chip_RGU_TriggerReset
                0x1a003ad0       0x44 D:\_RTP-Lab\PingPong_IDE_2023_04\eclipse_s\keil_mcb_4357_board_lib\Debug\libkeil_mcb_4357_board_lib.a(rgu_18xx_43xx.o)
                0x1a003ad0                Chip_RGU_TriggerReset
 .text.Chip_RGU_ClearReset
                0x1a003b14       0x38 D:\_RTP-Lab\PingPong_IDE_2023_04\eclipse_s\keil_mcb_4357_board_lib\Debug\libkeil_mcb_4357_board_lib.a(rgu_18xx_43xx.o)
                0x1a003b14                Chip_RGU_ClearReset
 .text.Chip_Timer_GetClock
                0x1a003b4c       0x60 D:\_RTP-Lab\PingPong_IDE_2023_04\eclipse_s\keil_mcb_4357_board_lib\Debug\libkeil_mcb_4357_board_lib.a(timer_18xx_43xx.o)
 .text.Chip_TIMER_Init
                0x1a003bac       0x20 D:\_RTP-Lab\PingPong_IDE_2023_04\eclipse_s\keil_mcb_4357_board_lib\Debug\libkeil_mcb_4357_board_lib.a(timer_18xx_43xx.o)
                0x1a003bac                Chip_TIMER_Init
 .text.Chip_UART_Get_UARTNum
                0x1a003bcc       0x54 D:\_RTP-Lab\PingPong_IDE_2023_04\eclipse_s\keil_mcb_4357_board_lib\Debug\libkeil_mcb_4357_board_lib.a(uart_18xx_43xx.o)
 .text.Chip_UART_DetermineClk
                0x1a003c20       0x5c D:\_RTP-Lab\PingPong_IDE_2023_04\eclipse_s\keil_mcb_4357_board_lib\Debug\libkeil_mcb_4357_board_lib.a(uart_18xx_43xx.o)
 .text.Chip_UART_Init
                0x1a003c7c       0x40 D:\_RTP-Lab\PingPong_IDE_2023_04\eclipse_s\keil_mcb_4357_board_lib\Debug\libkeil_mcb_4357_board_lib.a(uart_18xx_43xx.o)
                0x1a003c7c                Chip_UART_Init
 .text.Chip_UART_SetBaud
                0x1a003cbc       0x30 D:\_RTP-Lab\PingPong_IDE_2023_04\eclipse_s\keil_mcb_4357_board_lib\Debug\libkeil_mcb_4357_board_lib.a(uart_18xx_43xx.o)
                0x1a003cbc                Chip_UART_SetBaud
 .text.Chip_UART_TxCmd
                0x1a003cec       0x2c D:\_RTP-Lab\PingPong_IDE_2023_04\eclipse_s\keil_mcb_4357_board_lib\Debug\libkeil_mcb_4357_board_lib.a(uart_18xx_43xx.o)
                0x1a003cec                Chip_UART_TxCmd
 .text.Chip_UART_InitRingBuffer
                0x1a003d18       0x58 D:\_RTP-Lab\PingPong_IDE_2023_04\eclipse_s\keil_mcb_4357_board_lib\Debug\libkeil_mcb_4357_board_lib.a(uart_18xx_43xx.o)
                0x1a003d18                Chip_UART_InitRingBuffer
 .text.EMC_TimingParamConvert
                0x1a003d70       0x7c D:\_RTP-Lab\PingPong_IDE_2023_04\eclipse_s\keil_mcb_4357_board_lib\Debug\libkeil_mcb_4357_board_lib.a(emc_001.o)
 .text.EMC_GetColsLen
                0x1a003dec       0x5c D:\_RTP-Lab\PingPong_IDE_2023_04\eclipse_s\keil_mcb_4357_board_lib\Debug\libkeil_mcb_4357_board_lib.a(emc_001.o)
 .text.IP_EMC_Dynamic_Init
                0x1a003e48      0x2f0 D:\_RTP-Lab\PingPong_IDE_2023_04\eclipse_s\keil_mcb_4357_board_lib\Debug\libkeil_mcb_4357_board_lib.a(emc_001.o)
                0x1a003e48                IP_EMC_Dynamic_Init
 .text.IP_EMC_Static_Init
                0x1a004138       0xc0 D:\_RTP-Lab\PingPong_IDE_2023_04\eclipse_s\keil_mcb_4357_board_lib\Debug\libkeil_mcb_4357_board_lib.a(emc_001.o)
                0x1a004138                IP_EMC_Static_Init
 .text.IP_EMC_Init
                0x1a0041f8       0x50 D:\_RTP-Lab\PingPong_IDE_2023_04\eclipse_s\keil_mcb_4357_board_lib\Debug\libkeil_mcb_4357_board_lib.a(emc_001.o)
                0x1a0041f8                IP_EMC_Init
 .text.fpuInit  0x1a004248       0x84 D:\_RTP-Lab\PingPong_IDE_2023_04\eclipse_s\keil_mcb_4357_board_lib\Debug\libkeil_mcb_4357_board_lib.a(fpu_init.o)
                0x1a004248                fpuInit
 .text.IP_TIMER_Reset
                0x1a0042cc       0x40 D:\_RTP-Lab\PingPong_IDE_2023_04\eclipse_s\keil_mcb_4357_board_lib\Debug\libkeil_mcb_4357_board_lib.a(timer_001.o)
                0x1a0042cc                IP_TIMER_Reset
 .text.IP_UART_Init
                0x1a00430c       0xc0 D:\_RTP-Lab\PingPong_IDE_2023_04\eclipse_s\keil_mcb_4357_board_lib\Debug\libkeil_mcb_4357_board_lib.a(usart_001.o)
                0x1a00430c                IP_UART_Init
 .text.IP_UART_SetBaud
                0x1a0043cc      0x21c D:\_RTP-Lab\PingPong_IDE_2023_04\eclipse_s\keil_mcb_4357_board_lib\Debug\libkeil_mcb_4357_board_lib.a(usart_001.o)
                0x1a0043cc                IP_UART_SetBaud
 .text.IP_UART_ConfigData
                0x1a0045e8       0x40 D:\_RTP-Lab\PingPong_IDE_2023_04\eclipse_s\keil_mcb_4357_board_lib\Debug\libkeil_mcb_4357_board_lib.a(usart_001.o)
                0x1a0045e8                IP_UART_ConfigData
 .text.IP_UART_SendByte
                0x1a004628       0x34 D:\_RTP-Lab\PingPong_IDE_2023_04\eclipse_s\keil_mcb_4357_board_lib\Debug\libkeil_mcb_4357_board_lib.a(usart_001.o)
                0x1a004628                IP_UART_SendByte
 .text.IP_UART_ReceiveByte
                0x1a00465c       0x38 D:\_RTP-Lab\PingPong_IDE_2023_04\eclipse_s\keil_mcb_4357_board_lib\Debug\libkeil_mcb_4357_board_lib.a(usart_001.o)
                0x1a00465c                IP_UART_ReceiveByte
 .text.IP_UART_Receive
                0x1a004694       0xbc D:\_RTP-Lab\PingPong_IDE_2023_04\eclipse_s\keil_mcb_4357_board_lib\Debug\libkeil_mcb_4357_board_lib.a(usart_001.o)
                0x1a004694                IP_UART_Receive
 .text.IP_UART_IntConfig
                0x1a004750       0xac D:\_RTP-Lab\PingPong_IDE_2023_04\eclipse_s\keil_mcb_4357_board_lib\Debug\libkeil_mcb_4357_board_lib.a(usart_001.o)
                0x1a004750                IP_UART_IntConfig
 .text.IP_UART_TxCmd
                0x1a0047fc       0x74 D:\_RTP-Lab\PingPong_IDE_2023_04\eclipse_s\keil_mcb_4357_board_lib\Debug\libkeil_mcb_4357_board_lib.a(usart_001.o)
                0x1a0047fc                IP_UART_TxCmd
 .text          0x1a004870       0x24 d:/programme/gnu_tools_arm/4.7_2013q2/bin/../lib/gcc/arm-none-eabi/4.7.4/armv7e-m\libgcc.a(_udivsi3.o)
                0x1a004870                __aeabi_uidiv
                0x1a004870                __udivsi3
                0x1a004884                __aeabi_uidivmod
 .text          0x1a004894        0x4 d:/programme/gnu_tools_arm/4.7_2013q2/bin/../lib/gcc/arm-none-eabi/4.7.4/armv7e-m\libgcc.a(_dvmd_tls.o)
                0x1a004894                __aeabi_idiv0
                0x1a004894                __aeabi_ldiv0
 .text          0x1a004898       0x2c d:/programme/gnu_tools_arm/4.7_2013q2/bin/../lib/gcc/arm-none-eabi/4.7.4/armv7e-m\libgcc.a(_aeabi_uldivmod.o)
                0x1a004898                __aeabi_uldivmod
 .text          0x1a0048c4       0x58 d:/programme/gnu_tools_arm/4.7_2013q2/bin/../lib/gcc/arm-none-eabi/4.7.4/armv7e-m\libgcc.a(bpabi.o)
                0x1a0048c4                __gnu_ldivmod_helper
                0x1a0048f0                __gnu_uldivmod_helper
 .text          0x1a00491c      0x2bc d:/programme/gnu_tools_arm/4.7_2013q2/bin/../lib/gcc/arm-none-eabi/4.7.4/armv7e-m\libgcc.a(_divdi3.o)
                0x1a00491c                __divdi3
 .text          0x1a004bd8      0x288 d:/programme/gnu_tools_arm/4.7_2013q2/bin/../lib/gcc/arm-none-eabi/4.7.4/armv7e-m\libgcc.a(_udivdi3.o)
                0x1a004bd8                __udivdi3
 *(.rodata .rodata.*)
 .rodata.str1.1
                0x1a004e60       0x17 FreeRTOS\Source\tasks.o
                                 0x1a (size before relaxing)
 .rodata.str1.1
                0x1a004e77       0x65 base_app\dia_comm4.o
 .rodata.str1.1
                0x1a004edc        0x7 common\ipc_app.o
 *fill*         0x1a004ee3        0x1 00
 .rodata        0x1a004ee4      0x10c common\ipc_msg.o
 .rodata.str1.1
                0x1a004ff0        0x7 common\printf-stdarg.o
 .rodata.str1.1
                0x1a004ff7       0x42 common\supervision.o
 .rodata.shiftPattern
                0x1a005039       0x14 src\MultiTask.o
 .rodata.proj_ID
                0x1a00504d        0x9 src\app.o
                0x1a00504d                proj_ID
 .rodata.proj_Auth
                0x1a005056        0xe src\app.o
                0x1a005056                proj_Auth
 .rodata.str1.1
                0x1a005064       0x43 src\main.o
 .rodata.IDstr  0x1a0050a7       0x2c src\main.o
                0x1a0050a7                IDstr
 *fill*         0x1a0050d3        0x1 00
 .rodata.ledports
                0x1a0050d4        0x8 D:\_RTP-Lab\PingPong_IDE_2023_04\eclipse_s\keil_mcb_4357_board_lib\Debug\libkeil_mcb_4357_board_lib.a(board_keil_mcb_18574357.o)
 .rodata.ledbits
                0x1a0050dc        0x8 D:\_RTP-Lab\PingPong_IDE_2023_04\eclipse_s\keil_mcb_4357_board_lib\Debug\libkeil_mcb_4357_board_lib.a(board_keil_mcb_18574357.o)
 .rodata.InitClkStates
                0x1a0050e4       0x58 D:\_RTP-Lab\PingPong_IDE_2023_04\eclipse_s\keil_mcb_4357_board_lib\Debug\libkeil_mcb_4357_board_lib.a(sysinit_keil_mcb_18574357.o)
 .rodata.spifipinmuxing
                0x1a00513c       0x18 D:\_RTP-Lab\PingPong_IDE_2023_04\eclipse_s\keil_mcb_4357_board_lib\Debug\libkeil_mcb_4357_board_lib.a(sysinit_keil_mcb_18574357.o)
 .rodata.usbPLLSetup
                0x1a005154       0x10 D:\_RTP-Lab\PingPong_IDE_2023_04\eclipse_s\keil_mcb_4357_board_lib\Debug\libkeil_mcb_4357_board_lib.a(sysinit_keil_mcb_18574357.o)
 .rodata.pinmuxing
                0x1a005164      0x1f0 D:\_RTP-Lab\PingPong_IDE_2023_04\eclipse_s\keil_mcb_4357_board_lib\Debug\libkeil_mcb_4357_board_lib.a(sysinit_keil_mcb_18574357.o)
 .rodata.pinclockmuxing
                0x1a005354       0x10 D:\_RTP-Lab\PingPong_IDE_2023_04\eclipse_s\keil_mcb_4357_board_lib\Debug\libkeil_mcb_4357_board_lib.a(sysinit_keil_mcb_18574357.o)
 .rodata.MT48LC4M32_config
                0x1a005364       0x74 D:\_RTP-Lab\PingPong_IDE_2023_04\eclipse_s\keil_mcb_4357_board_lib\Debug\libkeil_mcb_4357_board_lib.a(sysinit_keil_mcb_18574357.o)
 .rodata.S29GL64N90_config
                0x1a0053d8       0x20 D:\_RTP-Lab\PingPong_IDE_2023_04\eclipse_s\keil_mcb_4357_board_lib\Debug\libkeil_mcb_4357_board_lib.a(sysinit_keil_mcb_18574357.o)
 .rodata.periph_to_base
                0x1a0053f8       0x18 D:\_RTP-Lab\PingPong_IDE_2023_04\eclipse_s\keil_mcb_4357_board_lib\Debug\libkeil_mcb_4357_board_lib.a(clock_18xx_43xx.o)
 .rodata        0x1a005410        0x4 D:\_RTP-Lab\PingPong_IDE_2023_04\eclipse_s\keil_mcb_4357_board_lib\Debug\libkeil_mcb_4357_board_lib.a(clock_18xx_43xx.o)
                0x1a005414                . = ALIGN (0x4)

.glue_7         0x1a005414        0x0
 .glue_7        0x00000000        0x0 linker stubs

.glue_7t        0x1a005414        0x0
 .glue_7t       0x00000000        0x0 linker stubs

.vfp11_veneer   0x1a005414        0x0
 .vfp11_veneer  0x00000000        0x0 linker stubs

.v4_bx          0x1a005414        0x0
 .v4_bx         0x00000000        0x0 linker stubs

.iplt           0x1a005414        0x0
 .iplt          0x00000000        0x0 FreeRTOS\Source\list.o

.ARM.extab      0x1a005414        0x0
 *(.ARM.extab* .gnu.linkonce.armextab.*)
 .ARM.extab     0x1a005414        0x0 d:/programme/gnu_tools_arm/4.7_2013q2/bin/../lib/gcc/arm-none-eabi/4.7.4/armv7e-m\libgcc.a(_divdi3.o)
 .ARM.extab     0x1a005414        0x0 d:/programme/gnu_tools_arm/4.7_2013q2/bin/../lib/gcc/arm-none-eabi/4.7.4/armv7e-m\libgcc.a(_udivdi3.o)
                0x1a005414                __exidx_start = .

.ARM.exidx      0x1a005414        0x8
 *(.ARM.exidx* .gnu.linkonce.armexidx.*)
 .ARM.exidx     0x1a005414        0x8 d:/programme/gnu_tools_arm/4.7_2013q2/bin/../lib/gcc/arm-none-eabi/4.7.4/armv7e-m\libgcc.a(_divdi3.o)
 .ARM.exidx     0x1a00541c        0x0 d:/programme/gnu_tools_arm/4.7_2013q2/bin/../lib/gcc/arm-none-eabi/4.7.4/armv7e-m\libgcc.a(_udivdi3.o)
                                  0x8 (size before relaxing)
                0x1a00541c                __exidx_end = .
                0x1a00541c                _etext = .

.rel.dyn        0x1a00541c        0x0
 .rel.iplt      0x00000000        0x0 FreeRTOS\Source\list.o

.data_RAM2      0x10000000        0x0 load address 0x1a00541c
 FILL mask 0xff
 *(.data.$RAM2*)
 *(.data.$RamLoc40*)
                0x10000000                . = ALIGN (0x4)

.data_RAM3      0x20004000        0x0 load address 0x1a00541c
 FILL mask 0xff
 *(.data.$RAM3*)
 *(.data.$RamAHB32*)
                0x20004000                . = ALIGN (0x4)

.data_RAM4      0x20002000        0x0 load address 0x1a00541c
 FILL mask 0xff
 *(.data.$RAM4*)
 *(.data.$RamAHB16*)
                0x20002000                . = ALIGN (0x4)

.uninit_RESERVED
                0x10000000        0x0
 *(.bss.$RESERVED*)
                0x10000000                . = ALIGN (0x4)
                0x10000000                _end_uninit_RESERVED = .

.data           0x10000000       0x90 load address 0x1a00541c
 FILL mask 0xff
                0x10000000                _data = .
 *(vtable)
 *(.data*)
 .data.uxCriticalNesting
                0x10000000        0x4 FreeRTOS\Source\portable\GCC\ARM_CM4F\port.o
 .data.xFreeBytesRemaining
                0x10000004        0x4 FreeRTOS\Source\portable\MemMang\heap_2.o
 .data.xNextTaskUnblockTime
                0x10000008        0x4 FreeRTOS\Source\tasks.o
 .data.delim    0x1000000c        0x3 base_app\dia_comm4.o
                0x1000000c                delim
 *fill*         0x1000000f        0x1 00
 .data.qrd      0x10000010        0x4 common\ipc_msg.o
 .data.qwr      0x10000014        0x4 common\ipc_msg.o
 .data.delay1   0x10000018        0x2 src\MultiTask.o
                0x10000018                delay1
 .data.delay2   0x1000001a        0x2 src\MultiTask.o
                0x1000001a                delay2
 .data.delay3   0x1000001c        0x2 src\MultiTask.o
                0x1000001c                delay3
 .data.fs_Hz    0x1000001e        0x2 src\app.o
                0x1000001e                fs_Hz
 .data.app_struct
                0x10000020       0x68 src\app.o
                0x10000020                app_struct
 .data.Ts_ns    0x10000088        0x4 src\app.o
                0x10000088                Ts_ns
 .data.fg1_Hz   0x1000008c        0x2 src\main.o
                0x1000008c                fg1_Hz
                0x10000090                . = ALIGN (0x4)
 *fill*         0x1000008e        0x2 ff
                0x10000090                _edata = .

.igot.plt       0x10000090        0x0 load address 0x1a0054ac
 .igot.plt      0x00000000        0x0 FreeRTOS\Source\list.o

.bss            0x10000090     0x3fc4 load address 0x1a0054ac
                0x10000090                _bss = .
 *(.bss*)
 .bss.xHeap     0x10000090     0x2000 FreeRTOS\Source\portable\MemMang\heap_2.o
 .bss.xStart    0x10002090        0x8 FreeRTOS\Source\portable\MemMang\heap_2.o
 .bss.xHeapHasBeenInitialised.10234
                0x10002098        0x4 FreeRTOS\Source\portable\MemMang\heap_2.o
 .bss.xEnd      0x1000209c        0x8 FreeRTOS\Source\portable\MemMang\heap_2.o
 .bss.uxMissedTicks
                0x100020a4        0x4 FreeRTOS\Source\tasks.o
 .bss.xSuspendedTaskList
                0x100020a8       0x14 FreeRTOS\Source\tasks.o
 .bss.pxDelayedTaskList
                0x100020bc        0x4 FreeRTOS\Source\tasks.o
 .bss.xSchedulerRunning
                0x100020c0        0x4 FreeRTOS\Source\tasks.o
 .bss.uxTasksDeleted
                0x100020c4        0x4 FreeRTOS\Source\tasks.o
 .bss.xTasksWaitingTermination
                0x100020c8       0x14 FreeRTOS\Source\tasks.o
 .bss.xDelayedTaskList2
                0x100020dc       0x14 FreeRTOS\Source\tasks.o
 .bss.uxSchedulerSuspended
                0x100020f0        0x4 FreeRTOS\Source\tasks.o
 .bss.pxReadyTasksLists
                0x100020f4      0x140 FreeRTOS\Source\tasks.o
 .bss.xNumOfOverflows
                0x10002234        0x4 FreeRTOS\Source\tasks.o
 .bss.pxCurrentTCB
                0x10002238        0x4 FreeRTOS\Source\tasks.o
                0x10002238                pxCurrentTCB
 .bss.xPendingReadyList
                0x1000223c       0x14 FreeRTOS\Source\tasks.o
 .bss.xTickCount
                0x10002250        0x4 FreeRTOS\Source\tasks.o
 .bss.pxOverflowDelayedTaskList
                0x10002254        0x4 FreeRTOS\Source\tasks.o
 .bss.uxTopReadyPriority
                0x10002258        0x4 FreeRTOS\Source\tasks.o
 .bss.uxTaskNumber
                0x1000225c        0x4 FreeRTOS\Source\tasks.o
 .bss.xDelayedTaskList1
                0x10002260       0x14 FreeRTOS\Source\tasks.o
 .bss.xMissedYield
                0x10002274        0x4 FreeRTOS\Source\tasks.o
 .bss.uxCurrentNumberOfTasks
                0x10002278        0x4 FreeRTOS\Source\tasks.o
 .bss.uxTopUsedPriority
                0x1000227c        0x4 FreeRTOS\Source\tasks.o
 .bss.comm_obj_state
                0x10002280        0x2 base_app\dia_comm4.o
                0x10002280                comm_obj_state
 .bss.comm_analyze_command_working
                0x10002282        0x2 base_app\dia_comm4.o
                0x10002282                comm_analyze_command_working
 .bss._nrxbuf   0x10002284        0x2 base_app\dia_comm4.o
                0x10002284                _nrxbuf
 *fill*         0x10002286        0x2 00
 .bss.ipcex_queue
                0x10002288     0x1000 common\ipc_app.o
 .bss.ipcex_callback_lookup
                0x10003288       0x50 common\ipc_app.o
 .bss.event_tx  0x100032d8        0x4 common\ipc_msg.o
 .bss.event_rx  0x100032dc        0x4 common\ipc_msg.o
 .bss.pst       0x100032e0        0x4 common\supervision.o
                0x100032e0                pst
 .bss.memorizeInput.5195
                0x100032e4        0x4 common\ws_strfun.o
 .bss.pdm_inf   0x100032e8        0x4 src\app.o
                0x100032e8                pdm_inf
 .bss.pdm       0x100032ec        0x4 src\app.o
                0x100032ec                pdm
 .bss.b_app_init
                0x100032f0        0x1 src\app.o
                0x100032f0                b_app_init
 *fill*         0x100032f1        0x3 00
 .bss.t_ts      0x100032f4        0x4 src\app.o
                0x100032f4                t_ts
 .bss.b_pointers_init
                0x100032f8        0x1 src\app.o
                0x100032f8                b_pointers_init
 .bss.LEDStates
                0x100032f9        0x1 D:\_RTP-Lab\PingPong_IDE_2023_04\eclipse_s\keil_mcb_4357_board_lib\Debug\libkeil_mcb_4357_board_lib.a(board_keil_mcb_18574357.o)
 .bss.On.10007  0x100032fa        0x1 D:\_RTP-Lab\PingPong_IDE_2023_04\eclipse_s\keil_mcb_4357_board_lib\Debug\libkeil_mcb_4357_board_lib.a(board_keil_mcb_18574357.o)
 *fill*         0x100032fb        0x1 00
 .bss.rb        0x100032fc      0x210 D:\_RTP-Lab\PingPong_IDE_2023_04\eclipse_s\keil_mcb_4357_board_lib\Debug\libkeil_mcb_4357_board_lib.a(uart_18xx_43xx.o)
 .bss.TxIntStat
                0x1000350c        0x1 D:\_RTP-Lab\PingPong_IDE_2023_04\eclipse_s\keil_mcb_4357_board_lib\Debug\libkeil_mcb_4357_board_lib.a(uart_18xx_43xx.o)
 *(COMMON)
 *fill*         0x1000350d        0x3 00
 COMMON         0x10003510      0x484 base_app\dia_comm4.o
                0x10003510                txt
                0x10003590                semDIAC
                0x10003594                _rxbuf
 COMMON         0x10003994        0x4 common\ipc_app.o
                0x10003994                semIPC_dispatch
 COMMON         0x10003998       0x20 common\printf-stdarg.o
                0x10003998                print_buf
 COMMON         0x100039b8       0x50 common\supervision.o
                0x100039b8                hTasksM4
                0x10003a04                idle_tick_count
 COMMON         0x10003a08      0x440 src\main.o
                0x10003a08                _d_1
                0x10003a28                _d
                0x10003a48                _db
 COMMON         0x10003e48        0xc D:\_RTP-Lab\PingPong_IDE_2023_04\eclipse_s\keil_mcb_4357_board_lib\Debug\libkeil_mcb_4357_board_lib.a(board_keil_mcb_18574357.o)
                0x10003e48                g_isNewPenDn
                0x10003e4c                SystemCoreClock
                0x10003e50                g_isPenDn
                0x10003e54                . = ALIGN (0x4)
 *(.bss.$RAM2*)
 *(.bss.$RAM3*)
 *(.bss.$RAM4*)
                0x10003e54                _ebss = .
                0x10003e54                end = .
 *(STACK)
 STACK          0x10003e54      0x200 startup_code\cr_startup_lpc18xx43xx.o
                0x10003e54                __vStack
                0x10004054                _vStackTop = .

.bss_SHMEM      0x20000000       0x40
 *(.shmem_0x20000000)
 .shmem_0x20000000
                0x20000000       0x20 common\ipc_msg.o
                0x20000000                queue_m0
 *(.shmem_0x20000020)
 .shmem_0x20000020
                0x20000020       0x20 common\ipc_msg.o
                0x20000020                queue_m4
 *(.bss.$RamAHB32*)
                0x20000040                . = ALIGN (0x4)

.bss_RAM4       0x20002000        0x0
 *(.shmem_0x20002000)
                0x20002000                . = ALIGN (0x4)

.bss_ETH        0x20004000     0x4000
 mem*.o(.bss*)
                0x20004000                _pvHeapStart = .
 *(HEAP)
 HEAP           0x20004000     0x4000 startup_code\cr_startup_lpc18xx43xx.o
                0x20004000                __vHeap
START GROUP
LOAD d:/programme/gnu_tools_arm/4.7_2013q2/bin/../lib/gcc/arm-none-eabi/4.7.4/../../../../arm-none-eabi/lib/armv7e-m\librdimon.a
LOAD d:/programme/gnu_tools_arm/4.7_2013q2/bin/../lib/gcc/arm-none-eabi/4.7.4/armv7e-m\libgcc.a
LOAD d:/programme/gnu_tools_arm/4.7_2013q2/bin/../lib/gcc/arm-none-eabi/4.7.4/../../../../arm-none-eabi/lib/armv7e-m\libc.a
END GROUP
OUTPUT(RTP_MultiTask_M4.elf elf32-littlearm)

.debug_info     0x00000000    0x17517
 .debug_info    0x00000000      0x2e4 FreeRTOS\Source\list.o
 .debug_info    0x000002e4      0x7a1 FreeRTOS\Source\portable\GCC\ARM_CM4F\port.o
 .debug_info    0x00000a85      0x7e0 FreeRTOS\Source\portable\MemMang\heap_2.o
 .debug_info    0x00001265     0x166a FreeRTOS\Source\queue.o
 .debug_info    0x000028cf     0x2041 FreeRTOS\Source\tasks.o
 .debug_info    0x00004910      0xd2a base_app\dia_comm4.o
 .debug_info    0x0000563a      0xdcb base_app\uart.o
 .debug_info    0x00006405      0xa3a common\ipc_app.o
 .debug_info    0x00006e3f      0xfa7 common\ipc_msg.o
 .debug_info    0x00007de6      0x731 common\m0_ImageLoader.o
 .debug_info    0x00008517      0x57c common\printf-stdarg.o
 .debug_info    0x00008a93      0xce1 common\supervision.o
 .debug_info    0x00009774      0xb58 common\ws_strfun.o
 .debug_info    0x0000a2cc      0x29f freertoslpc\FreeRTOSCommonHooks.o
 .debug_info    0x0000a56b      0x8db src\MultiTask.o
 .debug_info    0x0000ae46     0x18be src\app.o
 .debug_info    0x0000c704     0x1d55 src\main.o
 .debug_info    0x0000e459      0x85b startup_code\cr_startup_lpc18xx43xx.o
 .debug_info    0x0000ecb4     0x285a D:\_RTP-Lab\PingPong_IDE_2023_04\eclipse_s\keil_mcb_4357_board_lib\Debug\libkeil_mcb_4357_board_lib.a(board_keil_mcb_18574357.o)
 .debug_info    0x0001150e     0x12c1 D:\_RTP-Lab\PingPong_IDE_2023_04\eclipse_s\keil_mcb_4357_board_lib\Debug\libkeil_mcb_4357_board_lib.a(sysinit_keil_mcb_18574357.o)
 .debug_info    0x000127cf     0x11aa D:\_RTP-Lab\PingPong_IDE_2023_04\eclipse_s\keil_mcb_4357_board_lib\Debug\libkeil_mcb_4357_board_lib.a(clock_18xx_43xx.o)
 .debug_info    0x00013979      0xc12 D:\_RTP-Lab\PingPong_IDE_2023_04\eclipse_s\keil_mcb_4357_board_lib\Debug\libkeil_mcb_4357_board_lib.a(emc_18xx_43xx.o)
 .debug_info    0x0001458b      0x3d7 D:\_RTP-Lab\PingPong_IDE_2023_04\eclipse_s\keil_mcb_4357_board_lib\Debug\libkeil_mcb_4357_board_lib.a(rgu_18xx_43xx.o)
 .debug_info    0x00014962      0x443 D:\_RTP-Lab\PingPong_IDE_2023_04\eclipse_s\keil_mcb_4357_board_lib\Debug\libkeil_mcb_4357_board_lib.a(timer_18xx_43xx.o)
 .debug_info    0x00014da5      0xe47 D:\_RTP-Lab\PingPong_IDE_2023_04\eclipse_s\keil_mcb_4357_board_lib\Debug\libkeil_mcb_4357_board_lib.a(uart_18xx_43xx.o)
 .debug_info    0x00015bec      0xa1b D:\_RTP-Lab\PingPong_IDE_2023_04\eclipse_s\keil_mcb_4357_board_lib\Debug\libkeil_mcb_4357_board_lib.a(emc_001.o)
 .debug_info    0x00016607      0x10e D:\_RTP-Lab\PingPong_IDE_2023_04\eclipse_s\keil_mcb_4357_board_lib\Debug\libkeil_mcb_4357_board_lib.a(fpu_init.o)
 .debug_info    0x00016715      0x2de D:\_RTP-Lab\PingPong_IDE_2023_04\eclipse_s\keil_mcb_4357_board_lib\Debug\libkeil_mcb_4357_board_lib.a(timer_001.o)
 .debug_info    0x000169f3      0xb24 D:\_RTP-Lab\PingPong_IDE_2023_04\eclipse_s\keil_mcb_4357_board_lib\Debug\libkeil_mcb_4357_board_lib.a(usart_001.o)

.debug_abbrev   0x00000000     0x40fc
 .debug_abbrev  0x00000000      0x10e FreeRTOS\Source\list.o
 .debug_abbrev  0x0000010e      0x217 FreeRTOS\Source\portable\GCC\ARM_CM4F\port.o
 .debug_abbrev  0x00000325      0x1e8 FreeRTOS\Source\portable\MemMang\heap_2.o
 .debug_abbrev  0x0000050d      0x300 FreeRTOS\Source\queue.o
 .debug_abbrev  0x0000080d      0x3ac FreeRTOS\Source\tasks.o
 .debug_abbrev  0x00000bb9      0x2df base_app\dia_comm4.o
 .debug_abbrev  0x00000e98      0x301 base_app\uart.o
 .debug_abbrev  0x00001199      0x293 common\ipc_app.o
 .debug_abbrev  0x0000142c      0x278 common\ipc_msg.o
 .debug_abbrev  0x000016a4      0x17e common\m0_ImageLoader.o
 .debug_abbrev  0x00001822      0x210 common\printf-stdarg.o
 .debug_abbrev  0x00001a32      0x2ec common\supervision.o
 .debug_abbrev  0x00001d1e      0x314 common\ws_strfun.o
 .debug_abbrev  0x00002032      0x1ad freertoslpc\FreeRTOSCommonHooks.o
 .debug_abbrev  0x000021df      0x19a src\MultiTask.o
 .debug_abbrev  0x00002379      0x44f src\app.o
 .debug_abbrev  0x000027c8      0x434 src\main.o
 .debug_abbrev  0x00002bfc      0x1a5 startup_code\cr_startup_lpc18xx43xx.o
 .debug_abbrev  0x00002da1      0x3f6 D:\_RTP-Lab\PingPong_IDE_2023_04\eclipse_s\keil_mcb_4357_board_lib\Debug\libkeil_mcb_4357_board_lib.a(board_keil_mcb_18574357.o)
 .debug_abbrev  0x00003197      0x1d7 D:\_RTP-Lab\PingPong_IDE_2023_04\eclipse_s\keil_mcb_4357_board_lib\Debug\libkeil_mcb_4357_board_lib.a(sysinit_keil_mcb_18574357.o)
 .debug_abbrev  0x0000336e      0x276 D:\_RTP-Lab\PingPong_IDE_2023_04\eclipse_s\keil_mcb_4357_board_lib\Debug\libkeil_mcb_4357_board_lib.a(clock_18xx_43xx.o)
 .debug_abbrev  0x000035e4      0x130 D:\_RTP-Lab\PingPong_IDE_2023_04\eclipse_s\keil_mcb_4357_board_lib\Debug\libkeil_mcb_4357_board_lib.a(emc_18xx_43xx.o)
 .debug_abbrev  0x00003714      0x10d D:\_RTP-Lab\PingPong_IDE_2023_04\eclipse_s\keil_mcb_4357_board_lib\Debug\libkeil_mcb_4357_board_lib.a(rgu_18xx_43xx.o)
 .debug_abbrev  0x00003821      0x10b D:\_RTP-Lab\PingPong_IDE_2023_04\eclipse_s\keil_mcb_4357_board_lib\Debug\libkeil_mcb_4357_board_lib.a(timer_18xx_43xx.o)
 .debug_abbrev  0x0000392c      0x28e D:\_RTP-Lab\PingPong_IDE_2023_04\eclipse_s\keil_mcb_4357_board_lib\Debug\libkeil_mcb_4357_board_lib.a(uart_18xx_43xx.o)
 .debug_abbrev  0x00003bba      0x18f D:\_RTP-Lab\PingPong_IDE_2023_04\eclipse_s\keil_mcb_4357_board_lib\Debug\libkeil_mcb_4357_board_lib.a(emc_001.o)
 .debug_abbrev  0x00003d49       0x75 D:\_RTP-Lab\PingPong_IDE_2023_04\eclipse_s\keil_mcb_4357_board_lib\Debug\libkeil_mcb_4357_board_lib.a(fpu_init.o)
 .debug_abbrev  0x00003dbe       0xfe D:\_RTP-Lab\PingPong_IDE_2023_04\eclipse_s\keil_mcb_4357_board_lib\Debug\libkeil_mcb_4357_board_lib.a(timer_001.o)
 .debug_abbrev  0x00003ebc      0x240 D:\_RTP-Lab\PingPong_IDE_2023_04\eclipse_s\keil_mcb_4357_board_lib\Debug\libkeil_mcb_4357_board_lib.a(usart_001.o)

.debug_loc      0x00000000     0x7668
 .debug_loc     0x00000000       0xf7 FreeRTOS\Source\list.o
 .debug_loc     0x000000f7      0x10c FreeRTOS\Source\portable\GCC\ARM_CM4F\port.o
 .debug_loc     0x00000203      0x232 FreeRTOS\Source\portable\MemMang\heap_2.o
 .debug_loc     0x00000435      0xdf8 FreeRTOS\Source\queue.o
 .debug_loc     0x0000122d      0xffa FreeRTOS\Source\tasks.o
 .debug_loc     0x00002227      0x293 base_app\dia_comm4.o
 .debug_loc     0x000024ba      0x153 base_app\uart.o
 .debug_loc     0x0000260d      0x192 common\ipc_app.o
 .debug_loc     0x0000279f      0x2c8 common\ipc_msg.o
 .debug_loc     0x00002a67       0x6a common\m0_ImageLoader.o
 .debug_loc     0x00002ad1      0x72d common\printf-stdarg.o
 .debug_loc     0x000031fe      0x100 common\supervision.o
 .debug_loc     0x000032fe     0x1301 common\ws_strfun.o
 .debug_loc     0x000045ff       0xc0 freertoslpc\FreeRTOSCommonHooks.o
 .debug_loc     0x000046bf      0x175 src\MultiTask.o
 .debug_loc     0x00004834      0x36b src\app.o
 .debug_loc     0x00004b9f      0x466 src\main.o
 .debug_loc     0x00005005      0x109 startup_code\cr_startup_lpc18xx43xx.o
 .debug_loc     0x0000510e     0x1004 D:\_RTP-Lab\PingPong_IDE_2023_04\eclipse_s\keil_mcb_4357_board_lib\Debug\libkeil_mcb_4357_board_lib.a(board_keil_mcb_18574357.o)
 .debug_loc     0x00006112      0x1b4 D:\_RTP-Lab\PingPong_IDE_2023_04\eclipse_s\keil_mcb_4357_board_lib\Debug\libkeil_mcb_4357_board_lib.a(sysinit_keil_mcb_18574357.o)
 .debug_loc     0x000062c6      0x6b8 D:\_RTP-Lab\PingPong_IDE_2023_04\eclipse_s\keil_mcb_4357_board_lib\Debug\libkeil_mcb_4357_board_lib.a(clock_18xx_43xx.o)
 .debug_loc     0x0000697e       0x70 D:\_RTP-Lab\PingPong_IDE_2023_04\eclipse_s\keil_mcb_4357_board_lib\Debug\libkeil_mcb_4357_board_lib.a(emc_18xx_43xx.o)
 .debug_loc     0x000069ee       0xa8 D:\_RTP-Lab\PingPong_IDE_2023_04\eclipse_s\keil_mcb_4357_board_lib\Debug\libkeil_mcb_4357_board_lib.a(rgu_18xx_43xx.o)
 .debug_loc     0x00006a96       0xa8 D:\_RTP-Lab\PingPong_IDE_2023_04\eclipse_s\keil_mcb_4357_board_lib\Debug\libkeil_mcb_4357_board_lib.a(timer_18xx_43xx.o)
 .debug_loc     0x00006b3e      0x428 D:\_RTP-Lab\PingPong_IDE_2023_04\eclipse_s\keil_mcb_4357_board_lib\Debug\libkeil_mcb_4357_board_lib.a(uart_18xx_43xx.o)
 .debug_loc     0x00006f66      0x230 D:\_RTP-Lab\PingPong_IDE_2023_04\eclipse_s\keil_mcb_4357_board_lib\Debug\libkeil_mcb_4357_board_lib.a(emc_001.o)
 .debug_loc     0x00007196       0x38 D:\_RTP-Lab\PingPong_IDE_2023_04\eclipse_s\keil_mcb_4357_board_lib\Debug\libkeil_mcb_4357_board_lib.a(fpu_init.o)
 .debug_loc     0x000071ce       0xa8 D:\_RTP-Lab\PingPong_IDE_2023_04\eclipse_s\keil_mcb_4357_board_lib\Debug\libkeil_mcb_4357_board_lib.a(timer_001.o)
 .debug_loc     0x00007276      0x3f2 D:\_RTP-Lab\PingPong_IDE_2023_04\eclipse_s\keil_mcb_4357_board_lib\Debug\libkeil_mcb_4357_board_lib.a(usart_001.o)

.debug_aranges  0x00000000      0xe28
 .debug_aranges
                0x00000000       0x40 FreeRTOS\Source\list.o
 .debug_aranges
                0x00000040       0x88 FreeRTOS\Source\portable\GCC\ARM_CM4F\port.o
 .debug_aranges
                0x000000c8       0x38 FreeRTOS\Source\portable\MemMang\heap_2.o
 .debug_aranges
                0x00000100       0xb8 FreeRTOS\Source\queue.o
 .debug_aranges
                0x000001b8      0x128 FreeRTOS\Source\tasks.o
 .debug_aranges
                0x000002e0       0x40 base_app\dia_comm4.o
 .debug_aranges
                0x00000320       0x38 base_app\uart.o
 .debug_aranges
                0x00000358       0x40 common\ipc_app.o
 .debug_aranges
                0x00000398       0x88 common\ipc_msg.o
 .debug_aranges
                0x00000420       0x20 common\m0_ImageLoader.o
 .debug_aranges
                0x00000440       0x58 common\printf-stdarg.o
 .debug_aranges
                0x00000498       0x40 common\supervision.o
 .debug_aranges
                0x000004d8       0xc0 common\ws_strfun.o
 .debug_aranges
                0x00000598       0x40 freertoslpc\FreeRTOSCommonHooks.o
 .debug_aranges
                0x000005d8       0x38 src\MultiTask.o
 .debug_aranges
                0x00000610       0xa8 src\app.o
 .debug_aranges
                0x000006b8       0x68 src\main.o
 .debug_aranges
                0x00000720       0x88 startup_code\cr_startup_lpc18xx43xx.o
 .debug_aranges
                0x000007a8      0x278 D:\_RTP-Lab\PingPong_IDE_2023_04\eclipse_s\keil_mcb_4357_board_lib\Debug\libkeil_mcb_4357_board_lib.a(board_keil_mcb_18574357.o)
 .debug_aranges
                0x00000a20       0x58 D:\_RTP-Lab\PingPong_IDE_2023_04\eclipse_s\keil_mcb_4357_board_lib\Debug\libkeil_mcb_4357_board_lib.a(sysinit_keil_mcb_18574357.o)
 .debug_aranges
                0x00000a78      0x118 D:\_RTP-Lab\PingPong_IDE_2023_04\eclipse_s\keil_mcb_4357_board_lib\Debug\libkeil_mcb_4357_board_lib.a(clock_18xx_43xx.o)
 .debug_aranges
                0x00000b90       0x28 D:\_RTP-Lab\PingPong_IDE_2023_04\eclipse_s\keil_mcb_4357_board_lib\Debug\libkeil_mcb_4357_board_lib.a(emc_18xx_43xx.o)
 .debug_aranges
                0x00000bb8       0x30 D:\_RTP-Lab\PingPong_IDE_2023_04\eclipse_s\keil_mcb_4357_board_lib\Debug\libkeil_mcb_4357_board_lib.a(rgu_18xx_43xx.o)
 .debug_aranges
                0x00000be8       0x30 D:\_RTP-Lab\PingPong_IDE_2023_04\eclipse_s\keil_mcb_4357_board_lib\Debug\libkeil_mcb_4357_board_lib.a(timer_18xx_43xx.o)
 .debug_aranges
                0x00000c18       0xb0 D:\_RTP-Lab\PingPong_IDE_2023_04\eclipse_s\keil_mcb_4357_board_lib\Debug\libkeil_mcb_4357_board_lib.a(uart_18xx_43xx.o)
 .debug_aranges
                0x00000cc8       0x68 D:\_RTP-Lab\PingPong_IDE_2023_04\eclipse_s\keil_mcb_4357_board_lib\Debug\libkeil_mcb_4357_board_lib.a(emc_001.o)
 .debug_aranges
                0x00000d30       0x20 D:\_RTP-Lab\PingPong_IDE_2023_04\eclipse_s\keil_mcb_4357_board_lib\Debug\libkeil_mcb_4357_board_lib.a(fpu_init.o)
 .debug_aranges
                0x00000d50       0x30 D:\_RTP-Lab\PingPong_IDE_2023_04\eclipse_s\keil_mcb_4357_board_lib\Debug\libkeil_mcb_4357_board_lib.a(timer_001.o)
 .debug_aranges
                0x00000d80       0xa8 D:\_RTP-Lab\PingPong_IDE_2023_04\eclipse_s\keil_mcb_4357_board_lib\Debug\libkeil_mcb_4357_board_lib.a(usart_001.o)

.debug_ranges   0x00000000     0x1208
 .debug_ranges  0x00000000       0x30 FreeRTOS\Source\list.o
 .debug_ranges  0x00000030       0x78 FreeRTOS\Source\portable\GCC\ARM_CM4F\port.o
 .debug_ranges  0x000000a8       0x28 FreeRTOS\Source\portable\MemMang\heap_2.o
 .debug_ranges  0x000000d0       0xa8 FreeRTOS\Source\queue.o
 .debug_ranges  0x00000178      0x1b8 FreeRTOS\Source\tasks.o
 .debug_ranges  0x00000330       0x30 base_app\dia_comm4.o
 .debug_ranges  0x00000360       0xc8 base_app\uart.o
 .debug_ranges  0x00000428       0x60 common\ipc_app.o
 .debug_ranges  0x00000488       0x78 common\ipc_msg.o
 .debug_ranges  0x00000500       0x10 common\m0_ImageLoader.o
 .debug_ranges  0x00000510       0x48 common\printf-stdarg.o
 .debug_ranges  0x00000558       0xc0 common\supervision.o
 .debug_ranges  0x00000618      0x118 common\ws_strfun.o
 .debug_ranges  0x00000730       0x30 freertoslpc\FreeRTOSCommonHooks.o
 .debug_ranges  0x00000760       0x28 src\MultiTask.o
 .debug_ranges  0x00000788      0x1b0 src\app.o
 .debug_ranges  0x00000938      0x288 src\main.o
 .debug_ranges  0x00000bc0       0x78 startup_code\cr_startup_lpc18xx43xx.o
 .debug_ranges  0x00000c38      0x268 D:\_RTP-Lab\PingPong_IDE_2023_04\eclipse_s\keil_mcb_4357_board_lib\Debug\libkeil_mcb_4357_board_lib.a(board_keil_mcb_18574357.o)
 .debug_ranges  0x00000ea0       0x48 D:\_RTP-Lab\PingPong_IDE_2023_04\eclipse_s\keil_mcb_4357_board_lib\Debug\libkeil_mcb_4357_board_lib.a(sysinit_keil_mcb_18574357.o)
 .debug_ranges  0x00000ee8      0x108 D:\_RTP-Lab\PingPong_IDE_2023_04\eclipse_s\keil_mcb_4357_board_lib\Debug\libkeil_mcb_4357_board_lib.a(clock_18xx_43xx.o)
 .debug_ranges  0x00000ff0       0x18 D:\_RTP-Lab\PingPong_IDE_2023_04\eclipse_s\keil_mcb_4357_board_lib\Debug\libkeil_mcb_4357_board_lib.a(emc_18xx_43xx.o)
 .debug_ranges  0x00001008       0x20 D:\_RTP-Lab\PingPong_IDE_2023_04\eclipse_s\keil_mcb_4357_board_lib\Debug\libkeil_mcb_4357_board_lib.a(rgu_18xx_43xx.o)
 .debug_ranges  0x00001028       0x20 D:\_RTP-Lab\PingPong_IDE_2023_04\eclipse_s\keil_mcb_4357_board_lib\Debug\libkeil_mcb_4357_board_lib.a(timer_18xx_43xx.o)
 .debug_ranges  0x00001048       0xa0 D:\_RTP-Lab\PingPong_IDE_2023_04\eclipse_s\keil_mcb_4357_board_lib\Debug\libkeil_mcb_4357_board_lib.a(uart_18xx_43xx.o)
 .debug_ranges  0x000010e8       0x58 D:\_RTP-Lab\PingPong_IDE_2023_04\eclipse_s\keil_mcb_4357_board_lib\Debug\libkeil_mcb_4357_board_lib.a(emc_001.o)
 .debug_ranges  0x00001140       0x10 D:\_RTP-Lab\PingPong_IDE_2023_04\eclipse_s\keil_mcb_4357_board_lib\Debug\libkeil_mcb_4357_board_lib.a(fpu_init.o)
 .debug_ranges  0x00001150       0x20 D:\_RTP-Lab\PingPong_IDE_2023_04\eclipse_s\keil_mcb_4357_board_lib\Debug\libkeil_mcb_4357_board_lib.a(timer_001.o)
 .debug_ranges  0x00001170       0x98 D:\_RTP-Lab\PingPong_IDE_2023_04\eclipse_s\keil_mcb_4357_board_lib\Debug\libkeil_mcb_4357_board_lib.a(usart_001.o)

.debug_macro    0x00000000     0xeb9a
 .debug_macro   0x00000000      0x4c7 FreeRTOS\Source\list.o
 .debug_macro   0x000004c7      0x820 FreeRTOS\Source\list.o
 .debug_macro   0x00000ce7       0x3a FreeRTOS\Source\list.o
 .debug_macro   0x00000d21       0x10 FreeRTOS\Source\list.o
 .debug_macro   0x00000d31       0x2e FreeRTOS\Source\list.o
 .debug_macro   0x00000d5f       0xa2 FreeRTOS\Source\list.o
 .debug_macro   0x00000e01       0x10 FreeRTOS\Source\list.o
 .debug_macro   0x00000e11      0x100 FreeRTOS\Source\list.o
 .debug_macro   0x00000f11       0x3a FreeRTOS\Source\list.o
 .debug_macro   0x00000f4b       0x52 FreeRTOS\Source\list.o
 .debug_macro   0x00000f9d       0x19 FreeRTOS\Source\list.o
 .debug_macro   0x00000fb6      0x16d FreeRTOS\Source\list.o
 .debug_macro   0x00001123       0x16 FreeRTOS\Source\list.o
 .debug_macro   0x00001139       0x29 FreeRTOS\Source\list.o
 .debug_macro   0x00001162       0x85 FreeRTOS\Source\list.o
 .debug_macro   0x000011e7       0x46 FreeRTOS\Source\list.o
 .debug_macro   0x0000122d       0x46 FreeRTOS\Source\list.o
 .debug_macro   0x00001273      0x214 FreeRTOS\Source\list.o
 .debug_macro   0x00001487       0x22 FreeRTOS\Source\list.o
 .debug_macro   0x000014a9       0x74 FreeRTOS\Source\list.o
 .debug_macro   0x0000151d       0x28 FreeRTOS\Source\list.o
 .debug_macro   0x00001545       0x3b FreeRTOS\Source\list.o
 .debug_macro   0x00001580       0x18 FreeRTOS\Source\list.o
 .debug_macro   0x00001598       0x42 FreeRTOS\Source\list.o
 .debug_macro   0x000015da      0xd39 FreeRTOS\Source\list.o
 .debug_macro   0x00002313       0x76 FreeRTOS\Source\list.o
 .debug_macro   0x00002389      0x129 FreeRTOS\Source\list.o
 .debug_macro   0x000024b2       0x34 FreeRTOS\Source\list.o
 .debug_macro   0x000024e6      0x1ff FreeRTOS\Source\list.o
 .debug_macro   0x000026e5      0x575 FreeRTOS\Source\list.o
 .debug_macro   0x00002c5a       0xa6 FreeRTOS\Source\list.o
 .debug_macro   0x00002d00      0x21d FreeRTOS\Source\list.o
 .debug_macro   0x00002f1d      0x1b8 FreeRTOS\Source\list.o
 .debug_macro   0x000030d5       0x2e FreeRTOS\Source\list.o
 .debug_macro   0x00003103       0x1c FreeRTOS\Source\list.o
 .debug_macro   0x0000311f       0x22 FreeRTOS\Source\list.o
 .debug_macro   0x00003141      0x202 FreeRTOS\Source\list.o
 .debug_macro   0x00003343       0xd2 FreeRTOS\Source\list.o
 .debug_macro   0x00003415      0x2a1 FreeRTOS\Source\list.o
 .debug_macro   0x000036b6       0x94 FreeRTOS\Source\list.o
 .debug_macro   0x0000374a       0x90 FreeRTOS\Source\list.o
 .debug_macro   0x000037da       0x4c FreeRTOS\Source\list.o
 .debug_macro   0x00003826      0x37f FreeRTOS\Source\list.o
 .debug_macro   0x00003ba5       0x34 FreeRTOS\Source\list.o
 .debug_macro   0x00003bd9       0x2e FreeRTOS\Source\list.o
 .debug_macro   0x00003c07      0x2c0 FreeRTOS\Source\list.o
 .debug_macro   0x00003ec7       0x1e FreeRTOS\Source\list.o
 .debug_macro   0x00003ee5      0x112 FreeRTOS\Source\list.o
 .debug_macro   0x00003ff7      0x118 FreeRTOS\Source\list.o
 .debug_macro   0x0000410f       0x16 FreeRTOS\Source\list.o
 .debug_macro   0x00004125       0x32 FreeRTOS\Source\list.o
 .debug_macro   0x00004157       0x16 FreeRTOS\Source\list.o
 .debug_macro   0x0000416d       0x1c FreeRTOS\Source\list.o
 .debug_macro   0x00004189       0x3a FreeRTOS\Source\list.o
 .debug_macro   0x000041c3       0x46 FreeRTOS\Source\list.o
 .debug_macro   0x00004209      0x329 FreeRTOS\Source\list.o
 .debug_macro   0x00004532       0xdc FreeRTOS\Source\list.o
 .debug_macro   0x0000460e       0x1c FreeRTOS\Source\list.o
 .debug_macro   0x0000462a       0x22 FreeRTOS\Source\list.o
 .debug_macro   0x0000464c       0x16 FreeRTOS\Source\list.o
 .debug_macro   0x00004662       0x35 FreeRTOS\Source\list.o
 .debug_macro   0x00004697       0x10 FreeRTOS\Source\list.o
 .debug_macro   0x000046a7       0x10 FreeRTOS\Source\list.o
 .debug_macro   0x000046b7       0x22 FreeRTOS\Source\list.o
 .debug_macro   0x000046d9       0x91 FreeRTOS\Source\list.o
 .debug_macro   0x0000476a       0x16 FreeRTOS\Source\list.o
 .debug_macro   0x00004780      0x16d FreeRTOS\Source\list.o
 .debug_macro   0x000048ed       0x20 FreeRTOS\Source\list.o
 .debug_macro   0x0000490d       0x28 FreeRTOS\Source\list.o
 .debug_macro   0x00004935      0x124 FreeRTOS\Source\list.o
 .debug_macro   0x00004a59      0x160 FreeRTOS\Source\list.o
 .debug_macro   0x00004bb9      0x122 FreeRTOS\Source\list.o
 .debug_macro   0x00004cdb       0xa0 FreeRTOS\Source\list.o
 .debug_macro   0x00004d7b       0x12 FreeRTOS\Source\list.o
 .debug_macro   0x00004d8d       0x1f FreeRTOS\Source\list.o
 .debug_macro   0x00004dac      0x1bd FreeRTOS\Source\list.o
 .debug_macro   0x00004f69       0x5e FreeRTOS\Source\list.o
 .debug_macro   0x00004fc7      0x520 FreeRTOS\Source\portable\GCC\ARM_CM4F\port.o
 .debug_macro   0x000054e7      0x16c FreeRTOS\Source\portable\GCC\ARM_CM4F\port.o
 .debug_macro   0x00005653      0x20e FreeRTOS\Source\portable\GCC\ARM_CM4F\port.o
 .debug_macro   0x00005861       0x10 FreeRTOS\Source\portable\GCC\ARM_CM4F\port.o
 .debug_macro   0x00005871       0x43 FreeRTOS\Source\portable\GCC\ARM_CM4F\port.o
 .debug_macro   0x000058b4       0x57 FreeRTOS\Source\portable\GCC\ARM_CM4F\port.o
 .debug_macro   0x0000590b      0x4f6 FreeRTOS\Source\portable\MemMang\heap_2.o
 .debug_macro   0x00005e01      0x56a FreeRTOS\Source\queue.o
 .debug_macro   0x0000636b       0x10 FreeRTOS\Source\queue.o
 .debug_macro   0x0000637b       0x12 FreeRTOS\Source\queue.o
 .debug_macro   0x0000638d       0x1c FreeRTOS\Source\queue.o
 .debug_macro   0x000063a9      0x573 FreeRTOS\Source\tasks.o
 .debug_macro   0x0000691c       0x89 FreeRTOS\Source\tasks.o
 .debug_macro   0x000069a5       0xf5 FreeRTOS\Source\tasks.o
 .debug_macro   0x00006a9a       0x23 FreeRTOS\Source\tasks.o
 .debug_macro   0x00006abd       0x26 FreeRTOS\Source\tasks.o
 .debug_macro   0x00006ae3       0x5b FreeRTOS\Source\tasks.o
 .debug_macro   0x00006b3e       0x16 FreeRTOS\Source\tasks.o
 .debug_macro   0x00006b54      0x54a base_app\dia_comm4.o
 .debug_macro   0x0000709e       0x96 base_app\dia_comm4.o
 .debug_macro   0x00007134       0x77 base_app\dia_comm4.o
 .debug_macro   0x000071ab       0x1c base_app\dia_comm4.o
 .debug_macro   0x000071c7       0x28 base_app\dia_comm4.o
 .debug_macro   0x000071ef       0xaf base_app\dia_comm4.o
 .debug_macro   0x0000729e       0x89 base_app\dia_comm4.o
 .debug_macro   0x00007327       0x16 base_app\dia_comm4.o
 .debug_macro   0x0000733d       0x16 base_app\dia_comm4.o
 .debug_macro   0x00007353      0x514 base_app\uart.o
 .debug_macro   0x00007867      0x4ef common\ipc_app.o
 .debug_macro   0x00007d56      0x7fc common\ipc_app.o
 .debug_macro   0x00008552       0x3b common\ipc_app.o
 .debug_macro   0x0000858d       0xbf common\ipc_app.o
 .debug_macro   0x0000864c       0x28 common\ipc_app.o
 .debug_macro   0x00008674       0x4e common\ipc_app.o
 .debug_macro   0x000086c2       0x7c common\ipc_app.o
 .debug_macro   0x0000873e      0x512 common\ipc_msg.o
 .debug_macro   0x00008c50      0x7f6 common\ipc_msg.o
 .debug_macro   0x00009446       0x22 common\ipc_msg.o
 .debug_macro   0x00009468       0xb9 common\ipc_msg.o
 .debug_macro   0x00009521      0x128 common\ipc_msg.o
 .debug_macro   0x00009649      0x4bb common\m0_ImageLoader.o
 .debug_macro   0x00009b04       0x32 common\printf-stdarg.o
 .debug_macro   0x00009b36       0x58 common\printf-stdarg.o
 .debug_macro   0x00009b8e      0x507 common\supervision.o
 .debug_macro   0x0000a095       0xa9 common\supervision.o
 .debug_macro   0x0000a13e       0xc5 common\supervision.o
 .debug_macro   0x0000a203       0x76 common\supervision.o
 .debug_macro   0x0000a279      0x10f common\ws_strfun.o
 .debug_macro   0x0000a388      0x1da common\ws_strfun.o
 .debug_macro   0x0000a562      0x168 common\ws_strfun.o
 .debug_macro   0x0000a6ca      0x4b8 freertoslpc\FreeRTOSCommonHooks.o
 .debug_macro   0x0000ab82      0x4f6 src\MultiTask.o
 .debug_macro   0x0000b078      0x53b src\app.o
 .debug_macro   0x0000b5b3       0x70 src\app.o
 .debug_macro   0x0000b623      0x56b src\main.o
 .debug_macro   0x0000bb8e      0x45d startup_code\cr_startup_lpc18xx43xx.o
 .debug_macro   0x0000bfeb       0x7b startup_code\cr_startup_lpc18xx43xx.o
 .debug_macro   0x0000c066      0x46b D:\_RTP-Lab\PingPong_IDE_2023_04\eclipse_s\keil_mcb_4357_board_lib\Debug\libkeil_mcb_4357_board_lib.a(board_keil_mcb_18574357.o)
 .debug_macro   0x0000c4d1      0x80e D:\_RTP-Lab\PingPong_IDE_2023_04\eclipse_s\keil_mcb_4357_board_lib\Debug\libkeil_mcb_4357_board_lib.a(board_keil_mcb_18574357.o)
 .debug_macro   0x0000ccdf       0xe2 D:\_RTP-Lab\PingPong_IDE_2023_04\eclipse_s\keil_mcb_4357_board_lib\Debug\libkeil_mcb_4357_board_lib.a(board_keil_mcb_18574357.o)
 .debug_macro   0x0000cdc1       0x12 D:\_RTP-Lab\PingPong_IDE_2023_04\eclipse_s\keil_mcb_4357_board_lib\Debug\libkeil_mcb_4357_board_lib.a(board_keil_mcb_18574357.o)
 .debug_macro   0x0000cdd3      0x43f D:\_RTP-Lab\PingPong_IDE_2023_04\eclipse_s\keil_mcb_4357_board_lib\Debug\libkeil_mcb_4357_board_lib.a(sysinit_keil_mcb_18574357.o)
 .debug_macro   0x0000d212      0x357 D:\_RTP-Lab\PingPong_IDE_2023_04\eclipse_s\keil_mcb_4357_board_lib\Debug\libkeil_mcb_4357_board_lib.a(clock_18xx_43xx.o)
 .debug_macro   0x0000d569      0x357 D:\_RTP-Lab\PingPong_IDE_2023_04\eclipse_s\keil_mcb_4357_board_lib\Debug\libkeil_mcb_4357_board_lib.a(emc_18xx_43xx.o)
 .debug_macro   0x0000d8c0      0x357 D:\_RTP-Lab\PingPong_IDE_2023_04\eclipse_s\keil_mcb_4357_board_lib\Debug\libkeil_mcb_4357_board_lib.a(rgu_18xx_43xx.o)
 .debug_macro   0x0000dc17      0x357 D:\_RTP-Lab\PingPong_IDE_2023_04\eclipse_s\keil_mcb_4357_board_lib\Debug\libkeil_mcb_4357_board_lib.a(timer_18xx_43xx.o)
 .debug_macro   0x0000df6e      0x357 D:\_RTP-Lab\PingPong_IDE_2023_04\eclipse_s\keil_mcb_4357_board_lib\Debug\libkeil_mcb_4357_board_lib.a(uart_18xx_43xx.o)
 .debug_macro   0x0000e2c5       0xd7 D:\_RTP-Lab\PingPong_IDE_2023_04\eclipse_s\keil_mcb_4357_board_lib\Debug\libkeil_mcb_4357_board_lib.a(emc_001.o)
 .debug_macro   0x0000e39c       0x22 D:\_RTP-Lab\PingPong_IDE_2023_04\eclipse_s\keil_mcb_4357_board_lib\Debug\libkeil_mcb_4357_board_lib.a(emc_001.o)
 .debug_macro   0x0000e3be      0x1f9 D:\_RTP-Lab\PingPong_IDE_2023_04\eclipse_s\keil_mcb_4357_board_lib\Debug\libkeil_mcb_4357_board_lib.a(emc_001.o)
 .debug_macro   0x0000e5b7       0x82 D:\_RTP-Lab\PingPong_IDE_2023_04\eclipse_s\keil_mcb_4357_board_lib\Debug\libkeil_mcb_4357_board_lib.a(fpu_init.o)
 .debug_macro   0x0000e639       0xd1 D:\_RTP-Lab\PingPong_IDE_2023_04\eclipse_s\keil_mcb_4357_board_lib\Debug\libkeil_mcb_4357_board_lib.a(timer_001.o)
 .debug_macro   0x0000e70a       0x46 D:\_RTP-Lab\PingPong_IDE_2023_04\eclipse_s\keil_mcb_4357_board_lib\Debug\libkeil_mcb_4357_board_lib.a(timer_001.o)
 .debug_macro   0x0000e750       0xd1 D:\_RTP-Lab\PingPong_IDE_2023_04\eclipse_s\keil_mcb_4357_board_lib\Debug\libkeil_mcb_4357_board_lib.a(usart_001.o)
 .debug_macro   0x0000e821      0x379 D:\_RTP-Lab\PingPong_IDE_2023_04\eclipse_s\keil_mcb_4357_board_lib\Debug\libkeil_mcb_4357_board_lib.a(usart_001.o)

.debug_line     0x00000000    0x12eee
 .debug_line    0x00000000      0xb8b FreeRTOS\Source\list.o
 .debug_line    0x00000b8b      0xc1c FreeRTOS\Source\portable\GCC\ARM_CM4F\port.o
 .debug_line    0x000017a7      0xbbb FreeRTOS\Source\portable\MemMang\heap_2.o
 .debug_line    0x00002362      0xe57 FreeRTOS\Source\queue.o
 .debug_line    0x000031b9     0x10c2 FreeRTOS\Source\tasks.o
 .debug_line    0x0000427b      0xcd0 base_app\dia_comm4.o
 .debug_line    0x00004f4b      0xbe3 base_app\uart.o
 .debug_line    0x00005b2e      0xbdc common\ipc_app.o
 .debug_line    0x0000670a      0xd2b common\ipc_msg.o
 .debug_line    0x00007435      0x9ce common\m0_ImageLoader.o
 .debug_line    0x00007e03      0x258 common\printf-stdarg.o
 .debug_line    0x0000805b      0xc6b common\supervision.o
 .debug_line    0x00008cc6      0x6d1 common\ws_strfun.o
 .debug_line    0x00009397      0xb65 freertoslpc\FreeRTOSCommonHooks.o
 .debug_line    0x00009efc      0xbe9 src\MultiTask.o
 .debug_line    0x0000aae5      0xe6f src\app.o
 .debug_line    0x0000b954      0xe7f src\main.o
 .debug_line    0x0000c7d3      0xa64 startup_code\cr_startup_lpc18xx43xx.o
 .debug_line    0x0000d237     0x110f D:\_RTP-Lab\PingPong_IDE_2023_04\eclipse_s\keil_mcb_4357_board_lib\Debug\libkeil_mcb_4357_board_lib.a(board_keil_mcb_18574357.o)
 .debug_line    0x0000e346      0xa23 D:\_RTP-Lab\PingPong_IDE_2023_04\eclipse_s\keil_mcb_4357_board_lib\Debug\libkeil_mcb_4357_board_lib.a(sysinit_keil_mcb_18574357.o)
 .debug_line    0x0000ed69      0xb80 D:\_RTP-Lab\PingPong_IDE_2023_04\eclipse_s\keil_mcb_4357_board_lib\Debug\libkeil_mcb_4357_board_lib.a(clock_18xx_43xx.o)
 .debug_line    0x0000f8e9      0x87c D:\_RTP-Lab\PingPong_IDE_2023_04\eclipse_s\keil_mcb_4357_board_lib\Debug\libkeil_mcb_4357_board_lib.a(emc_18xx_43xx.o)
 .debug_line    0x00010165      0x87e D:\_RTP-Lab\PingPong_IDE_2023_04\eclipse_s\keil_mcb_4357_board_lib\Debug\libkeil_mcb_4357_board_lib.a(rgu_18xx_43xx.o)
 .debug_line    0x000109e3      0x881 D:\_RTP-Lab\PingPong_IDE_2023_04\eclipse_s\keil_mcb_4357_board_lib\Debug\libkeil_mcb_4357_board_lib.a(timer_18xx_43xx.o)
 .debug_line    0x00011264      0xa5d D:\_RTP-Lab\PingPong_IDE_2023_04\eclipse_s\keil_mcb_4357_board_lib\Debug\libkeil_mcb_4357_board_lib.a(uart_18xx_43xx.o)
 .debug_line    0x00011cc1      0x551 D:\_RTP-Lab\PingPong_IDE_2023_04\eclipse_s\keil_mcb_4357_board_lib\Debug\libkeil_mcb_4357_board_lib.a(emc_001.o)
 .debug_line    0x00012212      0x25b D:\_RTP-Lab\PingPong_IDE_2023_04\eclipse_s\keil_mcb_4357_board_lib\Debug\libkeil_mcb_4357_board_lib.a(fpu_init.o)
 .debug_line    0x0001246d      0x42e D:\_RTP-Lab\PingPong_IDE_2023_04\eclipse_s\keil_mcb_4357_board_lib\Debug\libkeil_mcb_4357_board_lib.a(timer_001.o)
 .debug_line    0x0001289b      0x653 D:\_RTP-Lab\PingPong_IDE_2023_04\eclipse_s\keil_mcb_4357_board_lib\Debug\libkeil_mcb_4357_board_lib.a(usart_001.o)

.debug_str      0x00000000    0x22f1f
 .debug_str     0x00000000    0x181cb FreeRTOS\Source\list.o
                              0x183f6 (size before relaxing)
 .debug_str     0x000181cb     0x12ba FreeRTOS\Source\portable\GCC\ARM_CM4F\port.o
                              0x194ca (size before relaxing)
 .debug_str     0x00019485      0x4ce FreeRTOS\Source\portable\MemMang\heap_2.o
                              0x19493 (size before relaxing)
 .debug_str     0x00019953      0x894 FreeRTOS\Source\queue.o
                              0x19a2a (size before relaxing)
 .debug_str     0x0001a1e7     0x132a FreeRTOS\Source\tasks.o
                              0x1a6b1 (size before relaxing)
 .debug_str     0x0001b511     0x1a4f base_app\dia_comm4.o
                              0x1ab98 (size before relaxing)
 .debug_str     0x0001cf60      0x82d base_app\uart.o
                              0x1a60b (size before relaxing)
 .debug_str     0x0001d78d      0x9e8 common\ipc_app.o
                              0x1a738 (size before relaxing)
 .debug_str     0x0001e175      0x326 common\ipc_msg.o
                              0x1a316 (size before relaxing)
 .debug_str     0x0001e49b      0x26a common\m0_ImageLoader.o
                              0x1744c (size before relaxing)
 .debug_str     0x0001e705      0x197 common\printf-stdarg.o
                               0x2462 (size before relaxing)
 .debug_str     0x0001e89c      0x14c common\supervision.o
                              0x1ad41 (size before relaxing)
 .debug_str     0x0001e9e8      0xf16 common\ws_strfun.o
                               0x5af2 (size before relaxing)
 .debug_str     0x0001f8fe       0xbf freertoslpc\FreeRTOSCommonHooks.o
                              0x18659 (size before relaxing)
 .debug_str     0x0001f9bd       0xf6 src\MultiTask.o
                              0x1a954 (size before relaxing)
 .debug_str     0x0001fab3      0x6ce src\app.o
                              0x1b8c0 (size before relaxing)
 .debug_str     0x00020181      0x364 src\main.o
                              0x1b607 (size before relaxing)
 .debug_str     0x000204e5      0x1ef startup_code\cr_startup_lpc18xx43xx.o
                              0x17702 (size before relaxing)
 .debug_str     0x000206d4     0x11fb D:\_RTP-Lab\PingPong_IDE_2023_04\eclipse_s\keil_mcb_4357_board_lib\Debug\libkeil_mcb_4357_board_lib.a(board_keil_mcb_18574357.o)
                              0x18a8c (size before relaxing)
 .debug_str     0x000218cf      0x6ac D:\_RTP-Lab\PingPong_IDE_2023_04\eclipse_s\keil_mcb_4357_board_lib\Debug\libkeil_mcb_4357_board_lib.a(sysinit_keil_mcb_18574357.o)
                              0x1793b (size before relaxing)
 .debug_str     0x00021f7b      0x528 D:\_RTP-Lab\PingPong_IDE_2023_04\eclipse_s\keil_mcb_4357_board_lib\Debug\libkeil_mcb_4357_board_lib.a(clock_18xx_43xx.o)
                              0x14922 (size before relaxing)
 .debug_str     0x000224a3       0x6f D:\_RTP-Lab\PingPong_IDE_2023_04\eclipse_s\keil_mcb_4357_board_lib\Debug\libkeil_mcb_4357_board_lib.a(emc_18xx_43xx.o)
                              0x141c7 (size before relaxing)
 .debug_str     0x00022512       0xc8 D:\_RTP-Lab\PingPong_IDE_2023_04\eclipse_s\keil_mcb_4357_board_lib\Debug\libkeil_mcb_4357_board_lib.a(rgu_18xx_43xx.o)
                              0x13c0e (size before relaxing)
 .debug_str     0x000225da       0x40 D:\_RTP-Lab\PingPong_IDE_2023_04\eclipse_s\keil_mcb_4357_board_lib\Debug\libkeil_mcb_4357_board_lib.a(timer_18xx_43xx.o)
                              0x13cc0 (size before relaxing)
 .debug_str     0x0002261a      0x283 D:\_RTP-Lab\PingPong_IDE_2023_04\eclipse_s\keil_mcb_4357_board_lib\Debug\libkeil_mcb_4357_board_lib.a(uart_18xx_43xx.o)
                              0x146e5 (size before relaxing)
 .debug_str     0x0002289d      0x15d D:\_RTP-Lab\PingPong_IDE_2023_04\eclipse_s\keil_mcb_4357_board_lib\Debug\libkeil_mcb_4357_board_lib.a(emc_001.o)
                               0x9f68 (size before relaxing)
 .debug_str     0x000229fa       0xb4 D:\_RTP-Lab\PingPong_IDE_2023_04\eclipse_s\keil_mcb_4357_board_lib\Debug\libkeil_mcb_4357_board_lib.a(fpu_init.o)
                               0x300b (size before relaxing)
 .debug_str     0x00022aae      0x18e D:\_RTP-Lab\PingPong_IDE_2023_04\eclipse_s\keil_mcb_4357_board_lib\Debug\libkeil_mcb_4357_board_lib.a(timer_001.o)
                               0x8f10 (size before relaxing)
 .debug_str     0x00022c3c      0x2e3 D:\_RTP-Lab\PingPong_IDE_2023_04\eclipse_s\keil_mcb_4357_board_lib\Debug\libkeil_mcb_4357_board_lib.a(usart_001.o)
                               0xa69b (size before relaxing)

.comment        0x00000000       0x70
 .comment       0x00000000       0x70 FreeRTOS\Source\list.o
                                 0x71 (size before relaxing)
 .comment       0x00000000       0x71 FreeRTOS\Source\portable\GCC\ARM_CM4F\port.o
 .comment       0x00000000       0x71 FreeRTOS\Source\portable\MemMang\heap_2.o
 .comment       0x00000000       0x71 FreeRTOS\Source\queue.o
 .comment       0x00000000       0x71 FreeRTOS\Source\tasks.o
 .comment       0x00000000       0x71 base_app\dia_comm4.o
 .comment       0x00000000       0x71 base_app\uart.o
 .comment       0x00000000       0x71 common\ipc_app.o
 .comment       0x00000000       0x71 common\ipc_msg.o
 .comment       0x00000000       0x71 common\m0_ImageLoader.o
 .comment       0x00000000       0x71 common\printf-stdarg.o
 .comment       0x00000000       0x71 common\supervision.o
 .comment       0x00000000       0x71 common\ws_strfun.o
 .comment       0x00000000       0x71 freertoslpc\FreeRTOSCommonHooks.o
 .comment       0x00000000       0x71 src\MultiTask.o
 .comment       0x00000000       0x71 src\app.o
 .comment       0x00000000       0x71 src\main.o
 .comment       0x00000000       0x71 startup_code\cr_startup_lpc18xx43xx.o
 .comment       0x00000000       0x71 D:\_RTP-Lab\PingPong_IDE_2023_04\eclipse_s\keil_mcb_4357_board_lib\Debug\libkeil_mcb_4357_board_lib.a(board_keil_mcb_18574357.o)
 .comment       0x00000000       0x71 D:\_RTP-Lab\PingPong_IDE_2023_04\eclipse_s\keil_mcb_4357_board_lib\Debug\libkeil_mcb_4357_board_lib.a(sysinit_keil_mcb_18574357.o)
 .comment       0x00000000       0x71 D:\_RTP-Lab\PingPong_IDE_2023_04\eclipse_s\keil_mcb_4357_board_lib\Debug\libkeil_mcb_4357_board_lib.a(clock_18xx_43xx.o)
 .comment       0x00000000       0x71 D:\_RTP-Lab\PingPong_IDE_2023_04\eclipse_s\keil_mcb_4357_board_lib\Debug\libkeil_mcb_4357_board_lib.a(emc_18xx_43xx.o)
 .comment       0x00000000       0x71 D:\_RTP-Lab\PingPong_IDE_2023_04\eclipse_s\keil_mcb_4357_board_lib\Debug\libkeil_mcb_4357_board_lib.a(rgu_18xx_43xx.o)
 .comment       0x00000000       0x71 D:\_RTP-Lab\PingPong_IDE_2023_04\eclipse_s\keil_mcb_4357_board_lib\Debug\libkeil_mcb_4357_board_lib.a(timer_18xx_43xx.o)
 .comment       0x00000000       0x71 D:\_RTP-Lab\PingPong_IDE_2023_04\eclipse_s\keil_mcb_4357_board_lib\Debug\libkeil_mcb_4357_board_lib.a(uart_18xx_43xx.o)
 .comment       0x00000000       0x71 D:\_RTP-Lab\PingPong_IDE_2023_04\eclipse_s\keil_mcb_4357_board_lib\Debug\libkeil_mcb_4357_board_lib.a(emc_001.o)
 .comment       0x00000000       0x71 D:\_RTP-Lab\PingPong_IDE_2023_04\eclipse_s\keil_mcb_4357_board_lib\Debug\libkeil_mcb_4357_board_lib.a(fpu_init.o)
 .comment       0x00000000       0x71 D:\_RTP-Lab\PingPong_IDE_2023_04\eclipse_s\keil_mcb_4357_board_lib\Debug\libkeil_mcb_4357_board_lib.a(timer_001.o)
 .comment       0x00000000       0x71 D:\_RTP-Lab\PingPong_IDE_2023_04\eclipse_s\keil_mcb_4357_board_lib\Debug\libkeil_mcb_4357_board_lib.a(usart_001.o)

.ARM.attributes
                0x00000000       0x39
 .ARM.attributes
                0x00000000       0x39 FreeRTOS\Source\list.o
 .ARM.attributes
                0x00000039       0x39 FreeRTOS\Source\portable\GCC\ARM_CM4F\port.o
 .ARM.attributes
                0x00000072       0x39 FreeRTOS\Source\portable\MemMang\heap_2.o
 .ARM.attributes
                0x000000ab       0x39 FreeRTOS\Source\queue.o
 .ARM.attributes